Archive member included because of file (symbol)

..\..\..\emWin\lib_stemwin522_cm4_gcc.a(WIDGET_SetEffect.o)
                              ..\obj\WindowDLG.o (WIDGET_SetEffect)
..\..\..\emWin\lib_stemwin522_cm4_gcc.a(WIDGET_Effect_Simple.o)
                              ..\obj\WindowDLG.o (WIDGET_Effect_Simple)
..\..\..\emWin\lib_stemwin522_cm4_gcc.a(WIDGET_Effect_None.o)
                              ..\obj\WindowDLG.o (WIDGET_Effect_None)
..\..\..\emWin\lib_stemwin522_cm4_gcc.a(WIDGET_Effect_3D.o)
                              ..\obj\WindowDLG.o (WIDGET_Effect_3D)
..\..\..\emWin\lib_stemwin522_cm4_gcc.a(TEXT_CreateIndirect.o)
                              ..\obj\WindowDLG.o (TEXT_CreateIndirect)
..\..\..\emWin\lib_stemwin522_cm4_gcc.a(TEXT.o)
                              ..\..\..\emWin\lib_stemwin522_cm4_gcc.a(TEXT_CreateIndirect.o) (TEXT_CreateUser)
..\..\..\emWin\lib_stemwin522_cm4_gcc.a(SLIDER_CreateIndirect.o)
                              ..\obj\WindowDLG.o (SLIDER_CreateIndirect)
..\..\..\emWin\lib_stemwin522_cm4_gcc.a(SLIDER.o)
                              ..\..\..\emWin\lib_stemwin522_cm4_gcc.a(SLIDER_CreateIndirect.o) (SLIDER_CreateUser)
..\..\..\emWin\lib_stemwin522_cm4_gcc.a(RADIO_SetText.o)
                              ..\obj\WindowDLG.o (RADIO_SetText)
..\..\..\emWin\lib_stemwin522_cm4_gcc.a(RADIO_CreateIndirect.o)
                              ..\obj\WindowDLG.o (RADIO_CreateIndirect)
..\..\..\emWin\lib_stemwin522_cm4_gcc.a(RADIO.o)
                              ..\..\..\emWin\lib_stemwin522_cm4_gcc.a(RADIO_CreateIndirect.o) (RADIO_CreateUser)
..\..\..\emWin\lib_stemwin522_cm4_gcc.a(GUI_ARRAY.o)
                              ..\..\..\emWin\lib_stemwin522_cm4_gcc.a(RADIO.o) (GUI_ARRAY_AddItem)
..\..\..\emWin\lib_stemwin522_cm4_gcc.a(GRAPH_SCALE.o)
                              ..\obj\WindowDLG.o (GRAPH_SCALE_SetTickDist)
..\..\..\emWin\lib_stemwin522_cm4_gcc.a(GRAPH_DATA_YT.o)
                              ..\obj\WindowDLG.o (GRAPH_DATA_YT_Create)
..\..\..\emWin\lib_stemwin522_cm4_gcc.a(GRAPH_CreateIndirect.o)
                              ..\obj\WindowDLG.o (GRAPH_CreateIndirect)
..\..\..\emWin\lib_stemwin522_cm4_gcc.a(GRAPH.o)
                              ..\..\..\emWin\lib_stemwin522_cm4_gcc.a(GRAPH_DATA_YT.o) (GRAPH__InvalidateGraph)
..\..\..\emWin\lib_stemwin522_cm4_gcc.a(FRAMEWIN_SetTitleVis.o)
                              ..\obj\WindowDLG.o (FRAMEWIN_SetTitleVis)
..\..\..\emWin\lib_stemwin522_cm4_gcc.a(FRAMEWIN_CreateIndirect.o)
                              ..\obj\WindowDLG.o (FRAMEWIN_CreateIndirect)
..\..\..\emWin\lib_stemwin522_cm4_gcc.a(FRAMEWIN.o)
                              ..\..\..\emWin\lib_stemwin522_cm4_gcc.a(FRAMEWIN_SetTitleVis.o) (FRAMEWIN__UpdatePositions)
..\..\..\emWin\lib_stemwin522_cm4_gcc.a(DIALOG.o)
                              ..\obj\WindowDLG.o (GUI_CreateDialogBox)
..\..\..\emWin\lib_stemwin522_cm4_gcc.a(CHECKBOX_SetText.o)
                              ..\obj\WindowDLG.o (CHECKBOX_SetText)
..\..\..\emWin\lib_stemwin522_cm4_gcc.a(CHECKBOX_SetState.o)
                              ..\obj\WindowDLG.o (CHECKBOX_SetState)
..\..\..\emWin\lib_stemwin522_cm4_gcc.a(CHECKBOX_IsChecked.o)
                              ..\obj\WindowDLG.o (CHECKBOX_IsChecked)
..\..\..\emWin\lib_stemwin522_cm4_gcc.a(CHECKBOX_GetState.o)
                              ..\..\..\emWin\lib_stemwin522_cm4_gcc.a(CHECKBOX_IsChecked.o) (CHECKBOX_GetState)
..\..\..\emWin\lib_stemwin522_cm4_gcc.a(CHECKBOX_CreateIndirect.o)
                              ..\obj\WindowDLG.o (CHECKBOX_CreateIndirect)
..\..\..\emWin\lib_stemwin522_cm4_gcc.a(CHECKBOX.o)
                              ..\..\..\emWin\lib_stemwin522_cm4_gcc.a(CHECKBOX_CreateIndirect.o) (CHECKBOX_CreateUser)
..\..\..\emWin\lib_stemwin522_cm4_gcc.a(BUTTON_CreateIndirect.o)
                              ..\obj\WindowDLG.o (BUTTON_CreateIndirect)
..\..\..\emWin\lib_stemwin522_cm4_gcc.a(BUTTON.o)
                              ..\..\..\emWin\lib_stemwin522_cm4_gcc.a(BUTTON_CreateIndirect.o) (BUTTON_CreateUser)
..\..\..\emWin\lib_stemwin522_cm4_gcc.a(WM__SendMessage.o)
                              ..\..\..\emWin\lib_stemwin522_cm4_gcc.a(FRAMEWIN.o) (WM__SendMessage)
..\..\..\emWin\lib_stemwin522_cm4_gcc.a(WM__IsEnabled.o)
                              ..\..\..\emWin\lib_stemwin522_cm4_gcc.a(CHECKBOX.o) (WM__IsEnabled)
..\..\..\emWin\lib_stemwin522_cm4_gcc.a(WM__IsAncestor.o)
                              ..\..\..\emWin\lib_stemwin522_cm4_gcc.a(FRAMEWIN.o) (WM__IsAncestor)
..\..\..\emWin\lib_stemwin522_cm4_gcc.a(WM_UserData.o)
                              ..\..\..\emWin\lib_stemwin522_cm4_gcc.a(TEXT.o) (WM__GetUserDataEx)
..\..\..\emWin\lib_stemwin522_cm4_gcc.a(WM_StayOnTop.o)
                              ..\obj\WindowDLG.o (WM_SetStayOnTop)
..\..\..\emWin\lib_stemwin522_cm4_gcc.a(WM_Show.o)
                              ..\obj\WindowDLG.o (WM_ShowWindow)
..\..\..\emWin\lib_stemwin522_cm4_gcc.a(WM_SetWindowPos.o)
[...]
Memory Configuration

Name             Origin             Length             Attributes
rom              0x08000000         0x00100000         xr
ram              0x20000000         0x00020000         xrw
ram1             0x10000000         0x00010000         xrw
*default*        0x00000000         0xffffffff

Linker script and memory map

                0x20020000                _eram = 0x20020000

.text           0x08000000    0x17eec
 *(.isr_vector)
 .isr_vector    0x08000000      0x1ac ..\obj\startup_stm32f4xx.o
                0x08000000                g_pfnVectors
 *(.text*)
 .text.UB_SDRAM_Init
                0x080001ac       0xac ..\obj\stm32_ub_sdram.o
                0x080001ac                UB_SDRAM_Init
 .text.UB_SDRAM_Write16b
                0x08000258       0x20 ..\obj\stm32_ub_sdram.o
                0x08000258                UB_SDRAM_Write16b
 .text.UB_SDRAM_Read16b
                0x08000278       0x28 ..\obj\stm32_ub_sdram.o
                0x08000278                UB_SDRAM_Read16b
 .text.P_SDRAM_InitIO
                0x080002a0      0x3b0 ..\obj\stm32_ub_sdram.o
                0x080002a0                P_SDRAM_InitIO
 .text.P_SDRAM_InitFMC
                0x08000650       0x94 ..\obj\stm32_ub_sdram.o
                0x08000650                P_SDRAM_InitFMC
 .text.P_SDRAM_InitSequence
                0x080006e4      0x134 ..\obj\stm32_ub_sdram.o
                0x080006e4                P_SDRAM_InitSequence
 .text.P_SDRAM_delay
                0x08000818       0x38 ..\obj\stm32_ub_sdram.o
 .text.GUI_X_Config
                0x08000850       0x18 ..\obj\GUIConf.o
                0x08000850                GUI_X_Config
 .text.DMA2D_ITConfig
                0x08000868       0x54 ..\obj\stm32f4xx_dma2d.o
                0x08000868                DMA2D_ITConfig
 .text.UB_I2C3_Init
                0x080008bc      0x114 ..\obj\stm32_ub_i2c3.o
                0x080008bc                UB_I2C3_Init
 .text.UB_I2C3_ReadByte
                0x080009d0      0x2a0 ..\obj\stm32_ub_i2c3.o
                0x080009d0                UB_I2C3_ReadByte
 .text.UB_I2C3_WriteByte
                0x08000c70      0x1e0 ..\obj\stm32_ub_i2c3.o
                0x08000c70                UB_I2C3_WriteByte
 .text.UB_I2C3_Delay
                0x08000e50       0x2c ..\obj\stm32_ub_i2c3.o
                0x08000e50                UB_I2C3_Delay
 .text.P_I2C3_InitI2C
                0x08000e7c       0x58 ..\obj\stm32_ub_i2c3.o
                0x08000e7c                P_I2C3_InitI2C
 .text.P_I2C3_timeout
                0x08000ed4       0x5c ..\obj\stm32_ub_i2c3.o
                0x08000ed4                P_I2C3_timeout
 .text.LTDC_Init
                0x08000f30      0x1e8 ..\obj\stm32f4xx_ltdc.o
                0x08000f30                LTDC_Init
 .text.LTDC_Cmd
                0x08001118       0x4c ..\obj\stm32f4xx_ltdc.o
                0x08001118                LTDC_Cmd
 .text.LTDC_ReloadConfig
                0x08001164       0x20 ..\obj\stm32f4xx_ltdc.o
                0x08001164                LTDC_ReloadConfig
 .text.LTDC_LayerInit
                0x08001184      0x150 ..\obj\stm32f4xx_ltdc.o
                0x08001184                LTDC_LayerInit
 .text.LTDC_LayerCmd
                0x080012d4       0x38 ..\obj\stm32f4xx_ltdc.o
                0x080012d4                LTDC_LayerCmd
 .text.LTDC_ITConfig
                0x0800130c       0x54 ..\obj\stm32f4xx_ltdc.o
                0x0800130c                LTDC_ITConfig
 .text.Default_Reset_Handler
                0x08001360       0x7c ..\obj\startup_stm32f4xx.o
                0x08001360                Default_Reset_Handler
                0x08001360                Reset_Handler
 .text.Default_Handler
                0x080013dc        0x8 ..\obj\startup_stm32f4xx.o
                0x080013dc                RTC_Alarm_IRQHandler
                0x080013dc                HASH_RNG_IRQHandler
                0x080013dc                EXTI2_IRQHandler
                0x080013dc                TIM8_CC_IRQHandler
                0x080013dc                UART8_IRQHandler
                0x080013dc                SPI4_IRQHandler
                0x080013dc                TIM1_CC_IRQHandler
                0x080013dc                DMA2_Stream5_IRQHandler
                0x080013dc                DMA1_Stream5_IRQHandler
                0x080013dc                PVD_IRQHandler
                0x080013dc                SDIO_IRQHandler
                0x080013dc                TAMP_STAMP_IRQHandler
                0x080013dc                CAN2_RX1_IRQHandler
                0x080013dc                EXTI3_IRQHandler
                0x080013dc                TIM8_TRG_COM_TIM14_IRQHandler
                0x080013dc                TIM1_UP_TIM10_IRQHandler
                0x080013dc                TIM8_UP_TIM13_IRQHandler
                0x080013dc                I2C3_ER_IRQHandler
                0x080013dc                EXTI0_IRQHandler
                0x080013dc                I2C2_EV_IRQHandler
                0x080013dc                DMA1_Stream2_IRQHandler
                0x080013dc                CAN1_RX0_IRQHandler
                0x080013dc                FPU_IRQHandler
                0x080013dc                OTG_HS_WKUP_IRQHandler
                0x080013dc                LTDC_ER_IRQHandler
                0x080013dc                CAN2_SCE_IRQHandler
                0x080013dc                DMA2_Stream2_IRQHandler
                0x080013dc                SPI1_IRQHandler
                0x080013dc                TIM6_DAC_IRQHandler
                0x080013dc                TIM1_BRK_TIM9_IRQHandler
                0x080013dc                DCMI_IRQHandler
                0x080013dc                CAN2_RX0_IRQHandler
                0x080013dc                DMA2_Stream3_IRQHandler
                0x080013dc                USART6_IRQHandler
                0x080013dc                USART3_IRQHandler
                0x080013dc                CRYP_IRQHandler
                0x080013dc                CAN1_RX1_IRQHandler
                0x080013dc                UART5_IRQHandler
                0x080013dc                DMA2_Stream0_IRQHandler
                0x080013dc                TIM4_IRQHandler
                0x080013dc                I2C1_EV_IRQHandler
                0x080013dc                DMA1_Stream6_IRQHandler
                0x080013dc                DMA1_Stream1_IRQHandler
                0x080013dc                UART4_IRQHandler
                0x080013dc                TIM3_IRQHandler
                0x080013dc                RCC_IRQHandler
                0x080013dc                TIM8_BRK_TIM12_IRQHandler
                0x080013dc                EXTI15_10_IRQHandler
                0x080013dc                ADC_IRQHandler
                0x080013dc                DMA1_Stream7_IRQHandler
                0x080013dc                SPI5_IRQHandler
                0x080013dc                TIM7_IRQHandler
                0x080013dc                CAN2_TX_IRQHandler
                0x080013dc                TIM5_IRQHandler
                0x080013dc                DMA2_Stream7_IRQHandler
                0x080013dc                I2C3_EV_IRQHandler
                0x080013dc                EXTI9_5_IRQHandler
                0x080013dc                RTC_WKUP_IRQHandler
                0x080013dc                ETH_WKUP_IRQHandler
                0x080013dc                SPI2_IRQHandler
                0x080013dc                OTG_HS_EP1_IN_IRQHandler
                0x080013dc                DMA1_Stream0_IRQHandler
                0x080013dc                CAN1_TX_IRQHandler
                0x080013dc                EXTI4_IRQHandler
                0x080013dc                ETH_IRQHandler
                0x080013dc                OTG_HS_EP1_OUT_IRQHandler
                0x080013dc                WWDG_IRQHandler
                0x080013dc                SPI6_IRQHandler
                0x080013dc                TIM2_IRQHandler
                0x080013dc                OTG_FS_WKUP_IRQHandler
                0x080013dc                TIM1_TRG_COM_TIM11_IRQHandler
                0x080013dc                OTG_HS_IRQHandler
                0x080013dc                EXTI1_IRQHandler
                0x080013dc                UART7_IRQHandler
                0x080013dc                USART2_IRQHandler
                0x080013dc                I2C2_ER_IRQHandler
                0x080013dc                DMA2_Stream1_IRQHandler
                0x080013dc                CAN1_SCE_IRQHandler
                0x080013dc                FLASH_IRQHandler
                0x080013dc                DMA2_Stream4_IRQHandler
                0x080013dc                USART1_IRQHandler
                0x080013dc                OTG_FS_IRQHandler
                0x080013dc                SPI3_IRQHandler
                0x080013dc                DMA1_Stream4_IRQHandler
                0x080013dc                I2C1_ER_IRQHandler
                0x080013dc                FMC_IRQHandler
                0x080013dc                DMA2_Stream6_IRQHandler
                0x080013dc                SAI1_IRQHandler
                0x080013dc                DMA1_Stream3_IRQHandler
 .text.NVIC_SetPriority
                0x080013e4       0x5c ..\obj\stm32_ub_stemwin.o
 .text.SysTick_Config
                0x08001440       0x64 ..\obj\stm32_ub_stemwin.o
 .text.UB_STemWIN_init
                0x080014a4       0x74 ..\obj\stm32_ub_stemwin.o
                0x080014a4                UB_STemWIN_init
 .text.UB_STemWIN_updateTouch
                0x08001518       0xfc ..\obj\stm32_ub_stemwin.o
                0x08001518                UB_STemWIN_updateTouch
 .text.main     0x08001614       0x14 ..\obj\main.o
                0x08001614                main
 .text._AddValues
                0x08001628       0x5c ..\obj\WindowDLG.o
 .text._UserDraw
                0x08001684       0x98 ..\obj\WindowDLG.o
 .text._ForEach
                0x0800171c       0x54 ..\obj\WindowDLG.o
 .text._ToggleFullScreenMode
                0x08001770      0x1b8 ..\obj\WindowDLG.o
 .text._cbCallback
                0x08001928      0x684 ..\obj\WindowDLG.o
 .text.MainTask
                0x08001fac       0x78 ..\obj\WindowDLG.o
                0x08001fac                MainTask
 .text.RCC_PLLSAIConfig
                0x08002024       0x38 ..\obj\stm32f4xx_rcc.o
                0x08002024                RCC_PLLSAIConfig
 .text.RCC_PLLSAICmd
                0x0800205c       0x20 ..\obj\stm32f4xx_rcc.o
                0x0800205c                RCC_PLLSAICmd
 .text.RCC_GetClocksFreq
                0x0800207c      0x1cc ..\obj\stm32f4xx_rcc.o
                0x0800207c                RCC_GetClocksFreq
 .text.RCC_LTDCCLKDivConfig
                0x08002248       0x44 ..\obj\stm32f4xx_rcc.o
                0x08002248                RCC_LTDCCLKDivConfig
 .text.RCC_AHB1PeriphClockCmd
                0x0800228c       0x54 ..\obj\stm32f4xx_rcc.o
                0x0800228c                RCC_AHB1PeriphClockCmd
 .text.RCC_AHB3PeriphClockCmd
                0x080022e0       0x54 ..\obj\stm32f4xx_rcc.o
                0x080022e0                RCC_AHB3PeriphClockCmd
 .text.RCC_APB1PeriphClockCmd
                0x08002334       0x54 ..\obj\stm32f4xx_rcc.o
                0x08002334                RCC_APB1PeriphClockCmd
 .text.RCC_APB2PeriphClockCmd
                0x08002388       0x54 ..\obj\stm32f4xx_rcc.o
                0x08002388                RCC_APB2PeriphClockCmd
 .text.RCC_APB1PeriphResetCmd
                0x080023dc       0x54 ..\obj\stm32f4xx_rcc.o
                0x080023dc                RCC_APB1PeriphResetCmd
 .text.RCC_APB2PeriphResetCmd
                0x08002430       0x54 ..\obj\stm32f4xx_rcc.o
                0x08002430                RCC_APB2PeriphResetCmd
 .text.RCC_GetFlagStatus
                0x08002484       0x90 ..\obj\stm32f4xx_rcc.o
                0x08002484                RCC_GetFlagStatus
 .text.NMI_Handler
                0x08002514        0xc ..\obj\stm32xxx_it.o
                0x08002514                NMI_Handler
 .text.HardFault_Handler
                0x08002520        0x8 ..\obj\stm32xxx_it.o
                0x08002520                HardFault_Handler
 .text.MemManage_Handler
                0x08002528        0x8 ..\obj\stm32xxx_it.o
                0x08002528                MemManage_Handler
 .text.BusFault_Handler
                0x08002530        0x8 ..\obj\stm32xxx_it.o
                0x08002530                BusFault_Handler
 .text.UsageFault_Handler
                0x08002538        0x8 ..\obj\stm32xxx_it.o
                0x08002538                UsageFault_Handler
 .text.DebugMon_Handler
                0x08002540        0xc ..\obj\stm32xxx_it.o
                0x08002540                DebugMon_Handler
 .text.SVC_Handler
                0x0800254c        0xc ..\obj\stm32xxx_it.o
                0x0800254c                SVC_Handler
 .text.PendSV_Handler
                0x08002558        0xc ..\obj\stm32xxx_it.o
                0x08002558                PendSV_Handler
 .text.SysTick_Handler
                0x08002564       0x58 ..\obj\stm32xxx_it.o
                0x08002564                SysTick_Handler
 .text.LTDC_IRQHandler
                0x080025bc        0xc ..\obj\stm32xxx_it.o
                0x080025bc                LTDC_IRQHandler
 .text.DMA2D_IRQHandler
                0x080025c8        0xc ..\obj\stm32xxx_it.o
                0x080025c8                DMA2D_IRQHandler
 .text.UB_LCD_Init
                0x080025d4       0x98 ..\obj\stm32_ub_lcd_ili9341.o
                0x080025d4                UB_LCD_Init
 .text.P_LCD9341_InitIO
                0x0800266c       0x8c ..\obj\stm32_ub_lcd_ili9341.o
                0x0800266c                P_LCD9341_InitIO
 .text.P_LCD9341_InitLTCD
                0x080026f8       0xc0 ..\obj\stm32_ub_lcd_ili9341.o
                0x080026f8                P_LCD9341_InitLTCD
 .text.P_LCD9341_CS
                0x080027b8       0x38 ..\obj\stm32_ub_lcd_ili9341.o
                0x080027b8                P_LCD9341_CS
 .text.P_LCD9341_WRX
                0x080027f0       0x38 ..\obj\stm32_ub_lcd_ili9341.o
                0x080027f0                P_LCD9341_WRX
 .text.P_LCD9341_InitChip
                0x08002828      0x368 ..\obj\stm32_ub_lcd_ili9341.o
                0x08002828                P_LCD9341_InitChip
 .text.P_LCD9341_CMD
                0x08002b90       0x3c ..\obj\stm32_ub_lcd_ili9341.o
                0x08002b90                P_LCD9341_CMD
 .text.P_LCD9341_DATA
                0x08002bcc       0x3c ..\obj\stm32_ub_lcd_ili9341.o
                0x08002bcc                P_LCD9341_DATA
 .text.P_LCD9341_AFConfig
                0x08002c08      0x270 ..\obj\stm32_ub_lcd_ili9341.o
                0x08002c08                P_LCD9341_AFConfig
 .text.P_LCD9341_Delay
                0x08002e78       0x2c ..\obj\stm32_ub_lcd_ili9341.o
                0x08002e78                P_LCD9341_Delay
 .text.GPIO_Init
                0x08002ea4      0x144 ..\obj\stm32f4xx_gpio.o
                0x08002ea4                GPIO_Init
 .text.GPIO_PinAFConfig
                0x08002fe8       0xa8 ..\obj\stm32f4xx_gpio.o
                0x08002fe8                GPIO_PinAFConfig
 .text.SystemInit
                0x08003090       0xb0 ..\obj\system_stm32f4xx.o
                0x08003090                SystemInit
 .text.SetSysClock
                0x08003140      0x1e0 ..\obj\system_stm32f4xx.o
 .text.UB_SPI5_Init
                0x08003320      0x270 ..\obj\stm32_ub_spi5.o
                0x08003320                UB_SPI5_Init
 .text.UB_SPI5_SendByte
                0x08003590       0x70 ..\obj\stm32_ub_spi5.o
                0x08003590                UB_SPI5_SendByte
 .text.FMC_SDRAMInit
                0x08003600      0x1b8 ..\obj\stm32f4xx_fmc.o
                0x08003600                FMC_SDRAMInit
 .text.FMC_SDRAMCmdConfig
                0x080037b8       0x48 ..\obj\stm32f4xx_fmc.o
                0x080037b8                FMC_SDRAMCmdConfig
 .text.FMC_SetRefreshCount
                0x08003800       0x30 ..\obj\stm32f4xx_fmc.o
                0x08003800                FMC_SetRefreshCount
 .text.FMC_GetFlagStatus
                0x08003830       0x8c ..\obj\stm32f4xx_fmc.o
                0x08003830                FMC_GetFlagStatus
 .text.SPI_I2S_DeInit
                0x080038bc      0x100 ..\obj\stm32f4xx_spi.o
                0x080038bc                SPI_I2S_DeInit
 .text.SPI_Init
                0x080039bc       0x88 ..\obj\stm32f4xx_spi.o
                0x080039bc                SPI_Init
 .text.SPI_Cmd  0x08003a44       0x40 ..\obj\stm32f4xx_spi.o
                0x08003a44                SPI_Cmd
 .text.SPI_I2S_ReceiveData
                0x08003a84       0x1c ..\obj\stm32f4xx_spi.o
                0x08003a84                SPI_I2S_ReceiveData
 .text.SPI_I2S_SendData
                0x08003aa0       0x1c ..\obj\stm32f4xx_spi.o
                0x08003aa0                SPI_I2S_SendData
 .text.SPI_I2S_GetFlagStatus
                0x08003abc       0x40 ..\obj\stm32f4xx_spi.o
                0x08003abc                SPI_I2S_GetFlagStatus
 .text.I2C_DeInit
                0x08003afc       0x88 ..\obj\stm32f4xx_i2c.o
                0x08003afc                I2C_DeInit
 .text.I2C_Init
                0x08003b84      0x1ac ..\obj\stm32f4xx_i2c.o
                0x08003b84                I2C_Init
 .text.I2C_Cmd  0x08003d30       0x40 ..\obj\stm32f4xx_i2c.o
                0x08003d30                I2C_Cmd
 .text.I2C_GenerateSTART
                0x08003d70       0x40 ..\obj\stm32f4xx_i2c.o
                0x08003d70                I2C_GenerateSTART
 .text.I2C_GenerateSTOP
                0x08003db0       0x40 ..\obj\stm32f4xx_i2c.o
                0x08003db0                I2C_GenerateSTOP
 .text.I2C_Send7bitAddress
                0x08003df0       0x3c ..\obj\stm32f4xx_i2c.o
                0x08003df0                I2C_Send7bitAddress
 .text.I2C_AcknowledgeConfig
                0x08003e2c       0x40 ..\obj\stm32f4xx_i2c.o
                0x08003e2c                I2C_AcknowledgeConfig
 .text.I2C_SoftwareResetCmd
                0x08003e6c       0x48 ..\obj\stm32f4xx_i2c.o
                0x08003e6c                I2C_SoftwareResetCmd
 .text.I2C_SendData
                0x08003eb4       0x20 ..\obj\stm32f4xx_i2c.o
                0x08003eb4                I2C_SendData
 .text.I2C_ReceiveData
                0x08003ed4       0x1c ..\obj\stm32f4xx_i2c.o
                0x08003ed4                I2C_ReceiveData
 .text.I2C_GetFlagStatus
                0x08003ef0       0x78 ..\obj\stm32f4xx_i2c.o
                0x08003ef0                I2C_GetFlagStatus
 .text.NVIC_EnableIRQ
                0x08003f68       0x38 ..\obj\GUIDRV_stm32f429i_discovery.o
 .text.NVIC_SetPriority
                0x08003fa0       0x5c ..\obj\GUIDRV_stm32f429i_discovery.o
 .text._GetPixelformat
                0x08003ffc       0xd4 ..\obj\GUIDRV_stm32f429i_discovery.o
 .text._GetBytesPerLine
                0x080040d0       0x38 ..\obj\GUIDRV_stm32f429i_discovery.o
 .text._LTDC_LayerEnableColorKeying
                0x08004108       0x44 ..\obj\GUIDRV_stm32f429i_discovery.o
 .text._LTDC_LayerEnableLUT
                0x0800414c       0x44 ..\obj\GUIDRV_stm32f429i_discovery.o
 .text._LTDC_SetLayerPos
                0x08004190       0xd0 ..\obj\GUIDRV_stm32f429i_discovery.o
 .text._LTDC_SetLayerAlpha
                0x08004260       0x54 ..\obj\GUIDRV_stm32f429i_discovery.o
 .text._LTDC_SetLUTEntry
                0x080042b4       0x84 ..\obj\GUIDRV_stm32f429i_discovery.o
 .text._DMA_Copy
                0x08004338       0xac ..\obj\GUIDRV_stm32f429i_discovery.o
 .text._DMA_Fill
                0x080043e4       0xa4 ..\obj\GUIDRV_stm32f429i_discovery.o
 .text._LCD_DisplayOn
                0x08004488       0x10 ..\obj\GUIDRV_stm32f429i_discovery.o
 .text._LCD_InitController
                0x08004498      0x2a4 ..\obj\GUIDRV_stm32f429i_discovery.o
 .text._GetBufferSize
                0x0800473c       0x4c ..\obj\GUIDRV_stm32f429i_discovery.o
 .text._LCD_CopyBuffer
                0x08004788       0x80 ..\obj\GUIDRV_stm32f429i_discovery.o
 .text._LCD_CopyRect
                0x08004808       0xec ..\obj\GUIDRV_stm32f429i_discovery.o
 .text._LCD_FillRect
                0x080048f4       0xe8 ..\obj\GUIDRV_stm32f429i_discovery.o
 .text.DMA2D_ISR_Handler
                0x080049dc       0x18 ..\obj\GUIDRV_stm32f429i_discovery.o
                0x080049dc                DMA2D_ISR_Handler
 .text.LTDC_ISR_Handler
                0x080049f4      0x11c ..\obj\GUIDRV_stm32f429i_discovery.o
                0x080049f4                LTDC_ISR_Handler
 .text.LCD_X_DisplayDriver
                0x08004b10      0x21c ..\obj\GUIDRV_stm32f429i_discovery.o
                0x08004b10                LCD_X_DisplayDriver
 .text.LCD_X_Config
                0x08004d2c       0xe4 ..\obj\GUIDRV_stm32f429i_discovery.o
                0x08004d2c                LCD_X_Config
 .text.UB_Touch_Init
                0x08004e10       0x4c ..\obj\stm32_ub_touch_stmpe811.o
                0x08004e10                UB_Touch_Init
 .text.UB_Touch_Read
                0x08004e5c      0x148 ..\obj\stm32_ub_touch_stmpe811.o
                0x08004e5c                UB_Touch_Read
 .text.P_Touch_Reset
                0x08004fa4       0x34 ..\obj\stm32_ub_touch_stmpe811.o
                0x08004fa4                P_Touch_Reset
 .text.P_Touch_FnctCmd
                0x08004fd8       0x74 ..\obj\stm32_ub_touch_stmpe811.o
                0x08004fd8                P_Touch_FnctCmd
 .text.P_Touch_Config
                0x0800504c       0xf4 ..\obj\stm32_ub_touch_stmpe811.o
                0x0800504c                P_Touch_Config
 .text.P_Touch_ReadID
                0x08005140       0x6c ..\obj\stm32_ub_touch_stmpe811.o
                0x08005140                P_Touch_ReadID
 .text.P_Touch_IOAFConfig
                0x080051ac       0x74 ..\obj\stm32_ub_touch_stmpe811.o
                0x080051ac                P_Touch_IOAFConfig
 .text.P_Touch_Read_X
                0x08005220       0x7c ..\obj\stm32_ub_touch_stmpe811.o
 .text.P_Touch_Read_Y
                0x0800529c       0x60 ..\obj\stm32_ub_touch_stmpe811.o
 .text.P_Touch_Read_16b
                0x080052fc       0x74 ..\obj\stm32_ub_touch_stmpe811.o
                0x080052fc                P_Touch_Read_16b
 .text.GUI_X_GetTime
                0x08005370       0x18 ..\obj\GUI_X.o
                0x08005370                GUI_X_GetTime
 .text.GUI_X_Init
                0x08005388        0xc ..\obj\GUI_X.o
                0x08005388                GUI_X_Init
 .text.WIDGET_SetEffect
                0x08005394       0x18 ..\..\..\emWin\lib_stemwin522_cm4_gcc.a(WIDGET_SetEffect.o)
                0x08005394                WIDGET_SetEffect
 .text._DrawDownRect
                0x080053ac       0x38 ..\..\..\emWin\lib_stemwin522_cm4_gcc.a(WIDGET_Effect_Simple.o)
 .text._DrawUpRect
                0x080053e4       0x38 ..\..\..\emWin\lib_stemwin522_cm4_gcc.a(WIDGET_Effect_Simple.o)
 .text._DrawDown
                0x0800541c       0x10 ..\..\..\emWin\lib_stemwin522_cm4_gcc.a(WIDGET_Effect_Simple.o)
 .text._DrawUp  0x0800542c       0x10 ..\..\..\emWin\lib_stemwin522_cm4_gcc.a(WIDGET_Effect_Simple.o)
 .text._DrawDown
                0x0800543c        0x2 ..\..\..\emWin\lib_stemwin522_cm4_gcc.a(WIDGET_Effect_None.o)
 .text._DrawUp  0x0800543e        0x2 ..\..\..\emWin\lib_stemwin522_cm4_gcc.a(WIDGET_Effect_None.o)
 .text._DrawDownRect
                0x08005440        0x2 ..\..\..\emWin\lib_stemwin522_cm4_gcc.a(WIDGET_Effect_None.o)
 .text._DrawUpRect
                0x08005442        0x2 ..\..\..\emWin\lib_stemwin522_cm4_gcc.a(WIDGET_Effect_None.o)
 .text._DrawFlat
                0x08005444        0x2 ..\..\..\emWin\lib_stemwin522_cm4_gcc.a(WIDGET_Effect_None.o)
 *fill*         0x08005446        0x2 00
 .text._DrawDownRect
                0x08005448       0xa8 ..\..\..\emWin\lib_stemwin522_cm4_gcc.a(WIDGET_Effect_3D.o)
 .text._DrawDown
                0x080054f0       0x10 ..\..\..\emWin\lib_stemwin522_cm4_gcc.a(WIDGET_Effect_3D.o)
 .text._DrawUpRect
                0x08005500       0x74 ..\..\..\emWin\lib_stemwin522_cm4_gcc.a(WIDGET_Effect_3D.o)
 .text.WIDGET_EFFECT_3D_DrawUp
                0x08005574       0x10 ..\..\..\emWin\lib_stemwin522_cm4_gcc.a(WIDGET_Effect_3D.o)
                0x08005574                WIDGET_EFFECT_3D_DrawUp
 .text.TEXT_CreateIndirect
                0x08005584       0x3e ..\..\..\emWin\lib_stemwin522_cm4_gcc.a(TEXT_CreateIndirect.o)
                0x08005584                TEXT_CreateIndirect
 .text.TEXT_Callback
                0x080055c2       0xc4 ..\..\..\emWin\lib_stemwin522_cm4_gcc.a(TEXT.o)
                0x080055c2                TEXT_Callback
 *fill*         0x08005686        0x2 00
 .text.TEXT_CreateUser
                0x08005688       0x90 ..\..\..\emWin\lib_stemwin522_cm4_gcc.a(TEXT.o)
                0x08005688                TEXT_CreateUser
 .text.SLIDER_CreateIndirect
                0x08005718       0x3a ..\..\..\emWin\lib_stemwin522_cm4_gcc.a(SLIDER_CreateIndirect.o)
                0x08005718                SLIDER_CreateIndirect
 *fill*         0x08005752        0x2 00
 .text.SLIDER_CreateUser
                0x08005754       0x8c ..\..\..\emWin\lib_stemwin522_cm4_gcc.a(SLIDER.o)
                0x08005754                SLIDER_CreateUser
 .text.SLIDER_Dec
                0x080057e0       0x3a ..\..\..\emWin\lib_stemwin522_cm4_gcc.a(SLIDER.o)
                0x080057e0                SLIDER_Dec
 .text.SLIDER_Inc
                0x0800581a       0x3a ..\..\..\emWin\lib_stemwin522_cm4_gcc.a(SLIDER.o)
                0x0800581a                SLIDER_Inc
 .text.SLIDER_SetValue
                0x08005854       0x4a ..\..\..\emWin\lib_stemwin522_cm4_gcc.a(SLIDER.o)
                0x08005854                SLIDER_SetValue
 .text.SLIDER_Callback
                0x0800589e      0x162 ..\..\..\emWin\lib_stemwin522_cm4_gcc.a(SLIDER.o)
                0x0800589e                SLIDER_Callback
 .text.SLIDER_SetRange
                0x08005a00       0x3a ..\..\..\emWin\lib_stemwin522_cm4_gcc.a(SLIDER.o)
                0x08005a00                SLIDER_SetRange
 .text.SLIDER_SetNumTicks
                0x08005a3a       0x26 ..\..\..\emWin\lib_stemwin522_cm4_gcc.a(SLIDER.o)
                0x08005a3a                SLIDER_SetNumTicks
 .text.SLIDER_GetValue
                0x08005a60       0x1c ..\..\..\emWin\lib_stemwin522_cm4_gcc.a(SLIDER.o)
                0x08005a60                SLIDER_GetValue
 .text.RADIO_SetText
                0x08005a7c       0x4a ..\..\..\emWin\lib_stemwin522_cm4_gcc.a(RADIO_SetText.o)
                0x08005a7c                RADIO_SetText
 .text.RADIO_CreateIndirect
                0x08005ac6       0x46 ..\..\..\emWin\lib_stemwin522_cm4_gcc.a(RADIO_CreateIndirect.o)
                0x08005ac6                RADIO_CreateIndirect
 .text.RADIO__GetButtonSize
                0x08005b0c       0x2a ..\..\..\emWin\lib_stemwin522_cm4_gcc.a(RADIO.o)
                0x08005b0c                RADIO__GetButtonSize
 .text.RADIO__SetValue
                0x08005b36       0x40 ..\..\..\emWin\lib_stemwin522_cm4_gcc.a(RADIO.o)
                0x08005b36                RADIO__SetValue
 *fill*         0x08005b76        0x2 00
 .text.RADIO_CreateUser
                0x08005b78       0xe8 ..\..\..\emWin\lib_stemwin522_cm4_gcc.a(RADIO.o)
                0x08005b78                RADIO_CreateUser
 .text.RADIO_SetValue
                0x08005c60       0x3c ..\..\..\emWin\lib_stemwin522_cm4_gcc.a(RADIO.o)
                0x08005c60                RADIO_SetValue
 .text.RADIO_AddValue
                0x08005c9c       0x26 ..\..\..\emWin\lib_stemwin522_cm4_gcc.a(RADIO.o)
                0x08005c9c                RADIO_AddValue
 .text.RADIO_Inc
                0x08005cc2        0x6 ..\..\..\emWin\lib_stemwin522_cm4_gcc.a(RADIO.o)
                0x08005cc2                RADIO_Inc
 .text.RADIO_Dec
                0x08005cc8        0x8 ..\..\..\emWin\lib_stemwin522_cm4_gcc.a(RADIO.o)
                0x08005cc8                RADIO_Dec
 .text.RADIO_Callback
                0x08005cd0      0x14e ..\..\..\emWin\lib_stemwin522_cm4_gcc.a(RADIO.o)
                0x08005cd0                RADIO_Callback
 .text.RADIO_GetValue
                0x08005e1e       0x1e ..\..\..\emWin\lib_stemwin522_cm4_gcc.a(RADIO.o)
                0x08005e1e                RADIO_GetValue
 .text.GUI_ARRAY__GethItem
                0x08005e3c       0x2e ..\..\..\emWin\lib_stemwin522_cm4_gcc.a(GUI_ARRAY.o)
                0x08005e3c                GUI_ARRAY__GethItem
 .text.GUI_ARRAY__GetpItemLocked
                0x08005e6a       0x12 ..\..\..\emWin\lib_stemwin522_cm4_gcc.a(GUI_ARRAY.o)
                0x08005e6a                GUI_ARRAY__GetpItemLocked
 .text.GUI_ARRAY_GetNumItems
                0x08005e7c       0x1c ..\..\..\emWin\lib_stemwin522_cm4_gcc.a(GUI_ARRAY.o)
                0x08005e7c                GUI_ARRAY_GetNumItems
 .text.GUI_ARRAY_AddItem
                0x08005e98       0x92 ..\..\..\emWin\lib_stemwin522_cm4_gcc.a(GUI_ARRAY.o)
                0x08005e98                GUI_ARRAY_AddItem
 .text.GUI_ARRAY_Delete
                0x08005f2a       0x50 ..\..\..\emWin\lib_stemwin522_cm4_gcc.a(GUI_ARRAY.o)
                0x08005f2a                GUI_ARRAY_Delete
 .text.GUI_ARRAY_SetItem
                0x08005f7a       0xa4 ..\..\..\emWin\lib_stemwin522_cm4_gcc.a(GUI_ARRAY.o)
                0x08005f7a                GUI_ARRAY_SetItem
 .text.GUI_ARRAY_GethItem
                0x0800601e       0x24 ..\..\..\emWin\lib_stemwin522_cm4_gcc.a(GUI_ARRAY.o)
                0x0800601e                GUI_ARRAY_GethItem
 .text.GUI_ARRAY_GetpItemLocked
                0x08006042       0x24 ..\..\..\emWin\lib_stemwin522_cm4_gcc.a(GUI_ARRAY.o)
                0x08006042                GUI_ARRAY_GetpItemLocked
 .text.GUI_ARRAY_Create
                0x08006066        0x6 ..\..\..\emWin\lib_stemwin522_cm4_gcc.a(GUI_ARRAY.o)
                0x08006066                GUI_ARRAY_Create
 .text.GRAPH_SCALE_SetTickDist
                0x0800606c       0x26 ..\..\..\emWin\lib_stemwin522_cm4_gcc.a(GRAPH_SCALE.o)
                0x0800606c                GRAPH_SCALE_SetTickDist
 .text.GRAPH_SCALE_SetPos
                0x08006092       0x26 ..\..\..\emWin\lib_stemwin522_cm4_gcc.a(GRAPH_SCALE.o)
                0x08006092                GRAPH_SCALE_SetPos
 .text._OnDelete
                0x080060b8       0x26 ..\..\..\emWin\lib_stemwin522_cm4_gcc.a(GRAPH_DATA_YT.o)
 .text._OnPaint
                0x080060de       0xe4 ..\..\..\emWin\lib_stemwin522_cm4_gcc.a(GRAPH_DATA_YT.o)
 .text._InvalidateNewItem
                0x080061c2       0x64 ..\..\..\emWin\lib_stemwin522_cm4_gcc.a(GRAPH_DATA_YT.o)
 *fill*         0x08006226        0x2 00
 .text.GRAPH_DATA_YT_Create
                0x08006228       0x7c ..\..\..\emWin\lib_stemwin522_cm4_gcc.a(GRAPH_DATA_YT.o)
                0x08006228                GRAPH_DATA_YT_Create
 .text.GRAPH_DATA_YT_AddValue
                0x080062a4       0x34 ..\..\..\emWin\lib_stemwin522_cm4_gcc.a(GRAPH_DATA_YT.o)
                0x080062a4                GRAPH_DATA_YT_AddValue
 .text.GRAPH_DATA_YT_SetAlign
                0x080062d8       0x26 ..\..\..\emWin\lib_stemwin522_cm4_gcc.a(GRAPH_DATA_YT.o)
                0x080062d8                GRAPH_DATA_YT_SetAlign
 .text.GRAPH_DATA_YT_MirrorX
                0x080062fe       0x26 ..\..\..\emWin\lib_stemwin522_cm4_gcc.a(GRAPH_DATA_YT.o)
                0x080062fe                GRAPH_DATA_YT_MirrorX
 .text.GRAPH_CreateIndirect
                0x08006324       0x3a ..\..\..\emWin\lib_stemwin522_cm4_gcc.a(GRAPH_CreateIndirect.o)
                0x08006324                GRAPH_CreateIndirect
 .text._ManageScrollBars
                0x0800635e       0xc2 ..\..\..\emWin\lib_stemwin522_cm4_gcc.a(GRAPH.o)
 .text._OnScrollValueChanged
                0x08006420       0x38 ..\..\..\emWin\lib_stemwin522_cm4_gcc.a(GRAPH.o)
 .text.GRAPH_Callback
                0x08006458      0x502 ..\..\..\emWin\lib_stemwin522_cm4_gcc.a(GRAPH.o)
                0x08006458                GRAPH_Callback
 .text.GRAPH__InvalidateGraph
                0x0800695a       0x5c ..\..\..\emWin\lib_stemwin522_cm4_gcc.a(GRAPH.o)
                0x0800695a                GRAPH__InvalidateGraph
 .text.GRAPH__AddValue
                0x080069b6       0x5c ..\..\..\emWin\lib_stemwin522_cm4_gcc.a(GRAPH.o)
                0x080069b6                GRAPH__AddValue
 *fill*         0x08006a12        0x2 00
 .text.GRAPH_CreateUser
                0x08006a14       0x74 ..\..\..\emWin\lib_stemwin522_cm4_gcc.a(GRAPH.o)
                0x08006a14                GRAPH_CreateUser
 .text.GRAPH_AttachData
                0x08006a88       0x44 ..\..\..\emWin\lib_stemwin522_cm4_gcc.a(GRAPH.o)
                0x08006a88                GRAPH_AttachData
 .text.GRAPH_SetGridVis
                0x08006acc       0x2e ..\..\..\emWin\lib_stemwin522_cm4_gcc.a(GRAPH.o)
                0x08006acc                GRAPH_SetGridVis
 .text.GRAPH_SetGridDistX
                0x08006afa       0x2a ..\..\..\emWin\lib_stemwin522_cm4_gcc.a(GRAPH.o)
                0x08006afa                GRAPH_SetGridDistX
 .text.GRAPH_SetGridDistY
                0x08006b24       0x2a ..\..\..\emWin\lib_stemwin522_cm4_gcc.a(GRAPH.o)
                0x08006b24                GRAPH_SetGridDistY
 .text.GRAPH_SetBorder
                0x08006b4e       0x3a ..\..\..\emWin\lib_stemwin522_cm4_gcc.a(GRAPH.o)
                0x08006b4e                GRAPH_SetBorder
 .text.GRAPH_SetUserDraw
                0x08006b88       0x24 ..\..\..\emWin\lib_stemwin522_cm4_gcc.a(GRAPH.o)
                0x08006b88                GRAPH_SetUserDraw
 .text.GRAPH_SetVSizeX
                0x08006bac       0x3c ..\..\..\emWin\lib_stemwin522_cm4_gcc.a(GRAPH.o)
                0x08006bac                GRAPH_SetVSizeX
 .text.GRAPH_SetVSizeY
                0x08006be8       0x3c ..\..\..\emWin\lib_stemwin522_cm4_gcc.a(GRAPH.o)
                0x08006be8                GRAPH_SetVSizeY
 .text.GRAPH_SetGridFixedX
                0x08006c24       0x3e ..\..\..\emWin\lib_stemwin522_cm4_gcc.a(GRAPH.o)
                0x08006c24                GRAPH_SetGridFixedX
 .text.FRAMEWIN_SetTitleVis
                0x08006c62       0xaa ..\..\..\emWin\lib_stemwin522_cm4_gcc.a(FRAMEWIN_SetTitleVis.o)
                0x08006c62                FRAMEWIN_SetTitleVis
 .text.FRAMEWIN_CreateIndirect
                0x08006d0c       0x42 ..\..\..\emWin\lib_stemwin522_cm4_gcc.a(FRAMEWIN_CreateIndirect.o)
                0x08006d0c                FRAMEWIN_CreateIndirect
 .text._SetActive
                0x08006d4e       0x38 ..\..\..\emWin\lib_stemwin522_cm4_gcc.a(FRAMEWIN.o)
 .text.FRAMEWIN__GetBorderSize
                0x08006d86       0x44 ..\..\..\emWin\lib_stemwin522_cm4_gcc.a(FRAMEWIN.o)
                0x08006d86                FRAMEWIN__GetBorderSize
 .text.FRAMEWIN__cbClient
                0x08006dca       0xec ..\..\..\emWin\lib_stemwin522_cm4_gcc.a(FRAMEWIN.o)
 .text.FRAMEWIN__CalcTitleHeight
                0x08006eb6       0x1e ..\..\..\emWin\lib_stemwin522_cm4_gcc.a(FRAMEWIN.o)
                0x08006eb6                FRAMEWIN__CalcTitleHeight
 .text.FRAMEWIN__GetTitleLimits
                0x08006ed4       0x90 ..\..\..\emWin\lib_stemwin522_cm4_gcc.a(FRAMEWIN.o)
                0x08006ed4                FRAMEWIN__GetTitleLimits
 .text.FRAMEWIN__CalcPositions
                0x08006f64       0xde ..\..\..\emWin\lib_stemwin522_cm4_gcc.a(FRAMEWIN.o)
                0x08006f64                FRAMEWIN__CalcPositions
 .text.FRAMEWIN__UpdatePositions
                0x08007042       0x70 ..\..\..\emWin\lib_stemwin522_cm4_gcc.a(FRAMEWIN.o)
                0x08007042                FRAMEWIN__UpdatePositions
 .text.FRAMEWIN_SetText
                0x080070b2       0x3c ..\..\..\emWin\lib_stemwin522_cm4_gcc.a(FRAMEWIN.o)
                0x080070b2                FRAMEWIN_SetText
 *fill*         0x080070ee        0x2 00
 .text.FRAMEWIN_CreateUser
                0x080070f0       0xf4 ..\..\..\emWin\lib_stemwin522_cm4_gcc.a(FRAMEWIN.o)
                0x080070f0                FRAMEWIN_CreateUser
 .text.FRAMEWIN_SetActive
                0x080071e4        0x8 ..\..\..\emWin\lib_stemwin522_cm4_gcc.a(FRAMEWIN.o)
                0x080071e4                FRAMEWIN_SetActive
 .text.FRAMEWIN_Callback
                0x080071ec      0x278 ..\..\..\emWin\lib_stemwin522_cm4_gcc.a(FRAMEWIN.o)
                0x080071ec                FRAMEWIN_Callback
 .text.DIALOG_GetBkColor
                0x08007464        0xc ..\..\..\emWin\lib_stemwin522_cm4_gcc.a(DIALOG.o)
                0x08007464                DIALOG_GetBkColor
 .text.GUI_CreateDialogBox
                0x08007470       0x9e ..\..\..\emWin\lib_stemwin522_cm4_gcc.a(DIALOG.o)
                0x08007470                GUI_CreateDialogBox
 .text.CHECKBOX_SetText
                0x0800750e       0x44 ..\..\..\emWin\lib_stemwin522_cm4_gcc.a(CHECKBOX_SetText.o)
                0x0800750e                CHECKBOX_SetText
 .text.CHECKBOX_SetState
                0x08007552       0x3a ..\..\..\emWin\lib_stemwin522_cm4_gcc.a(CHECKBOX_SetState.o)
                0x08007552                CHECKBOX_SetState
 .text.CHECKBOX_IsChecked
                0x0800758c        0xe ..\..\..\emWin\lib_stemwin522_cm4_gcc.a(CHECKBOX_IsChecked.o)
                0x0800758c                CHECKBOX_IsChecked
 .text.CHECKBOX_GetState
                0x0800759a       0x1e ..\..\..\emWin\lib_stemwin522_cm4_gcc.a(CHECKBOX_GetState.o)
                0x0800759a                CHECKBOX_GetState
 .text.CHECKBOX_CreateIndirect
                0x080075b8       0x3a ..\..\..\emWin\lib_stemwin522_cm4_gcc.a(CHECKBOX_CreateIndirect.o)
                0x080075b8                CHECKBOX_CreateIndirect
 *fill*         0x080075f2        0x2 00
 .text.CHECKBOX__GetButtonSize
                0x080075f4       0x28 ..\..\..\emWin\lib_stemwin522_cm4_gcc.a(CHECKBOX.o)
                0x080075f4                CHECKBOX__GetButtonSize
 .text.CHECKBOX_Callback
                0x0800761c      0x120 ..\..\..\emWin\lib_stemwin522_cm4_gcc.a(CHECKBOX.o)
                0x0800761c                CHECKBOX_Callback
 .text.CHECKBOX_CreateUser
                0x0800773c       0xbc ..\..\..\emWin\lib_stemwin522_cm4_gcc.a(CHECKBOX.o)
                0x0800773c                CHECKBOX_CreateUser
 .text.BUTTON_CreateIndirect
                0x080077f8       0x46 ..\..\..\emWin\lib_stemwin522_cm4_gcc.a(BUTTON_CreateIndirect.o)
                0x080077f8                BUTTON_CreateIndirect
 .text._OnButtonPressed
                0x0800783e       0x2e ..\..\..\emWin\lib_stemwin522_cm4_gcc.a(BUTTON.o)
 .text._OnButtonReleased
                0x0800786c       0x3c ..\..\..\emWin\lib_stemwin522_cm4_gcc.a(BUTTON.o)
 .text._OnTouchDefault
                0x080078a8       0x40 ..\..\..\emWin\lib_stemwin522_cm4_gcc.a(BUTTON.o)
 .text.BUTTON_Callback
                0x080078e8       0xdc ..\..\..\emWin\lib_stemwin522_cm4_gcc.a(BUTTON.o)
                0x080078e8                BUTTON_Callback
 .text.BUTTON_CreateUser
                0x080079c4       0x70 ..\..\..\emWin\lib_stemwin522_cm4_gcc.a(BUTTON.o)
                0x080079c4                BUTTON_CreateUser
 .text.BUTTON_SetText
                0x08007a34       0x50 ..\..\..\emWin\lib_stemwin522_cm4_gcc.a(BUTTON.o)
                0x08007a34                BUTTON_SetText
 .text.WM__SendMessage
                0x08007a84       0x3c ..\..\..\emWin\lib_stemwin522_cm4_gcc.a(WM__SendMessage.o)
                0x08007a84                WM__SendMessage
 .text.WM__IsEnabled
                0x08007ac0       0x12 ..\..\..\emWin\lib_stemwin522_cm4_gcc.a(WM__IsEnabled.o)
                0x08007ac0                WM__IsEnabled
 .text.WM__IsAncestor
                0x08007ad2       0x22 ..\..\..\emWin\lib_stemwin522_cm4_gcc.a(WM__IsAncestor.o)
                0x08007ad2                WM__IsAncestor
 .text.WM__IsAncestorOrSelf
                0x08007af4        0xc ..\..\..\emWin\lib_stemwin522_cm4_gcc.a(WM__IsAncestor.o)
                0x08007af4                WM__IsAncestorOrSelf
 .text.WM_SetStayOnTop
                0x08007b00       0x44 ..\..\..\emWin\lib_stemwin522_cm4_gcc.a(WM_StayOnTop.o)
                0x08007b00                WM_SetStayOnTop
 .text.WM_InvalidateWindowAndDescs
                0x08007b44       0x26 ..\..\..\emWin\lib_stemwin522_cm4_gcc.a(WM_Show.o)
                0x08007b44                WM_InvalidateWindowAndDescs
 .text.WM_ShowWindow
                0x08007b6a       0x26 ..\..\..\emWin\lib_stemwin522_cm4_gcc.a(WM_Show.o)
                0x08007b6a                WM_ShowWindow
 .text.WM_SetWindowPos
                0x08007b90       0x1e ..\..\..\emWin\lib_stemwin522_cm4_gcc.a(WM_SetWindowPos.o)
                0x08007b90                WM_SetWindowPos
 *fill*         0x08007bae        0x2 00
 .text.WM_SetUserClipRect
                0x08007bb0       0x18 ..\..\..\emWin\lib_stemwin522_cm4_gcc.a(WM_SetUserClipRect.o)
                0x08007bb0                WM_SetUserClipRect
 .text.WM_GetHasTrans
                0x08007bc8       0x12 ..\..\..\emWin\lib_stemwin522_cm4_gcc.a(WM_SetTrans.o)
                0x08007bc8                WM_GetHasTrans
 .text.WM_SetSize
                0x08007bda       0x48 ..\..\..\emWin\lib_stemwin522_cm4_gcc.a(WM_SetSize.o)
                0x08007bda                WM_SetSize
 .text._SetScrollbar
                0x08007c22       0x32 ..\..\..\emWin\lib_stemwin522_cm4_gcc.a(WM_SetScrollbar.o)
 .text.WM__SetScrollbarV
                0x08007c54        0x8 ..\..\..\emWin\lib_stemwin522_cm4_gcc.a(WM_SetScrollbar.o)
                0x08007c54                WM__SetScrollbarV
 .text.WM__SetScrollbarH
                0x08007c5c        0x8 ..\..\..\emWin\lib_stemwin522_cm4_gcc.a(WM_SetScrollbar.o)
                0x08007c5c                WM__SetScrollbarH
 .text.WM_SetScrollbarH
                0x08007c64        0x4 ..\..\..\emWin\lib_stemwin522_cm4_gcc.a(WM_SetScrollbar.o)
                0x08007c64                WM_SetScrollbarH
 .text.WM_SetScrollbarV
                0x08007c68        0x4 ..\..\..\emWin\lib_stemwin522_cm4_gcc.a(WM_SetScrollbar.o)
                0x08007c68                WM_SetScrollbarV
 .text._GetPrevChild
                0x08007c6c       0x1e ..\..\..\emWin\lib_stemwin522_cm4_gcc.a(WM_SetFocusOnPrevChild.o)
 .text.WM_SetFocusOnPrevChild
                0x08007c8a       0x3a ..\..\..\emWin\lib_stemwin522_cm4_gcc.a(WM_SetFocusOnPrevChild.o)
                0x08007c8a                WM_SetFocusOnPrevChild
 .text._GetNextChild
                0x08007cc4       0x26 ..\..\..\emWin\lib_stemwin522_cm4_gcc.a(WM_SetFocusOnNextChild.o)
 *fill*         0x08007cea        0x2 00
 .text.WM_SetFocusOnNextChild
                0x08007cec       0x64 ..\..\..\emWin\lib_stemwin522_cm4_gcc.a(WM_SetFocusOnNextChild.o)
                0x08007cec                WM_SetFocusOnNextChild
 .text.WM_SetFocus
                0x08007d50       0x9c ..\..\..\emWin\lib_stemwin522_cm4_gcc.a(WM_SetFocus.o)
                0x08007d50                WM_SetFocus
 .text.WM_SetDesktopColorEx
                0x08007dec       0x2c ..\..\..\emWin\lib_stemwin522_cm4_gcc.a(WM_SetDesktopColor.o)
                0x08007dec                WM_SetDesktopColorEx
 .text.WM_SetDesktopColor
                0x08007e18       0x10 ..\..\..\emWin\lib_stemwin522_cm4_gcc.a(WM_SetDesktopColor.o)
                0x08007e18                WM_SetDesktopColor
 .text.WM_SetCreateFlags
                0x08007e28       0x10 ..\..\..\emWin\lib_stemwin522_cm4_gcc.a(WM_SetCreateFlags.o)
                0x08007e28                WM_SetCreateFlags
 .text.WM_SetCaptureMove
                0x08007e38       0x9c ..\..\..\emWin\lib_stemwin522_cm4_gcc.a(WM_SetCaptureMove.o)
                0x08007e38                WM_SetCaptureMove
 .text.WM__ReleaseCapture
                0x08007ed4       0x34 ..\..\..\emWin\lib_stemwin522_cm4_gcc.a(WM_SetCapture.o)
 .text.WM_SetCapture
                0x08007f08       0x34 ..\..\..\emWin\lib_stemwin522_cm4_gcc.a(WM_SetCapture.o)
                0x08007f08                WM_SetCapture
 .text.WM_ReleaseCapture
                0x08007f3c        0x4 ..\..\..\emWin\lib_stemwin522_cm4_gcc.a(WM_SetCapture.o)
                0x08007f3c                WM_ReleaseCapture
 .text.WM_SendMessageNoPara
                0x08007f40        0x4 ..\..\..\emWin\lib_stemwin522_cm4_gcc.a(WM_SendMessageNoPara.o)
                0x08007f40                WM_SendMessageNoPara
 .text.WM_ResizeWindow
                0x08007f44       0xf4 ..\..\..\emWin\lib_stemwin522_cm4_gcc.a(WM_ResizeWindow.o)
                0x08007f44                WM_ResizeWindow
 .text.WM_NotifyParent
                0x08008038       0x12 ..\..\..\emWin\lib_stemwin522_cm4_gcc.a(WM_NotifyParent.o)
                0x08008038                WM_NotifyParent
 .text.WM_MoveChildTo
                0x0800804a       0x56 ..\..\..\emWin\lib_stemwin522_cm4_gcc.a(WM_MoveChildTo.o)
                0x0800804a                WM_MoveChildTo
 .text._MoveDescendents
                0x080080a0       0x6c ..\..\..\emWin\lib_stemwin522_cm4_gcc.a(WM_Move.o)
 .text.WM__MoveWindow
                0x0800810c       0xa4 ..\..\..\emWin\lib_stemwin522_cm4_gcc.a(WM_Move.o)
                0x0800810c                WM__MoveWindow
 .text.WM__MoveTo
                0x080081b0       0x32 ..\..\..\emWin\lib_stemwin522_cm4_gcc.a(WM_Move.o)
                0x080081b0                WM__MoveTo
 .text.WM_MoveWindow
                0x080081e2        0x4 ..\..\..\emWin\lib_stemwin522_cm4_gcc.a(WM_Move.o)
                0x080081e2                WM_MoveWindow
 .text.WM_MoveTo
                0x080081e6        0x4 ..\..\..\emWin\lib_stemwin522_cm4_gcc.a(WM_Move.o)
                0x080081e6                WM_MoveTo
 .text.WM_DisableMemdev
                0x080081ea       0x16 ..\..\..\emWin\lib_stemwin522_cm4_gcc.a(WM_MemDev.o)
                0x080081ea                WM_DisableMemdev
 .text.WM_IsWindow
                0x08008200        0x4 ..\..\..\emWin\lib_stemwin522_cm4_gcc.a(WM_IsWindow.o)
                0x08008200                WM_IsWindow
 .text.WM_IsFocussable
                0x08008204       0x1e ..\..\..\emWin\lib_stemwin522_cm4_gcc.a(WM_IsFocussable.o)
                0x08008204                WM_IsFocussable
 .text.WM_HideWindow
                0x08008222       0x2a ..\..\..\emWin\lib_stemwin522_cm4_gcc.a(WM_Hide.o)
                0x08008222                WM_HideWindow
 .text.WM_HasFocus
                0x0800824c       0x1c ..\..\..\emWin\lib_stemwin522_cm4_gcc.a(WM_HasFocus.o)
                0x0800824c                WM_HasFocus
 .text.WM_HasCaptured
                0x08008268       0x1c ..\..\..\emWin\lib_stemwin522_cm4_gcc.a(WM_HasCaptured.o)
                0x08008268                WM_HasCaptured
 .text.WM__GetWindowSizeX
                0x08008284        0xe ..\..\..\emWin\lib_stemwin522_cm4_gcc.a(WM_GetWindowSize.o)
                0x08008284                WM__GetWindowSizeX
 .text.WM__GetWindowSizeY
                0x08008292        0xe ..\..\..\emWin\lib_stemwin522_cm4_gcc.a(WM_GetWindowSize.o)
                0x08008292                WM__GetWindowSizeY
 .text.WM_GetWindowSizeX
                0x080082a0       0x28 ..\..\..\emWin\lib_stemwin522_cm4_gcc.a(WM_GetWindowSize.o)
                0x080082a0                WM_GetWindowSizeX
 .text.WM_GetWindowSizeY
                0x080082c8       0x28 ..\..\..\emWin\lib_stemwin522_cm4_gcc.a(WM_GetWindowSize.o)
                0x080082c8                WM_GetWindowSizeY
 .text.WM_GetWindowRect
                0x080082f0       0x28 ..\..\..\emWin\lib_stemwin522_cm4_gcc.a(WM_GetWindowRect.o)
                0x080082f0                WM_GetWindowRect
 .text.WM_GetWindowRectEx
                0x08008318       0x16 ..\..\..\emWin\lib_stemwin522_cm4_gcc.a(WM_GetWindowRect.o)
                0x08008318                WM_GetWindowRectEx
 .text._GetDialogItem
                0x0800832e       0x46 ..\..\..\emWin\lib_stemwin522_cm4_gcc.a(WM_GetScrollbar.o)
 .text.WM_GetScrollbarH
                0x08008374        0xa ..\..\..\emWin\lib_stemwin522_cm4_gcc.a(WM_GetScrollbar.o)
                0x08008374                WM_GetScrollbarH
 .text.WM_GetScrollbarV
                0x0800837e        0xa ..\..\..\emWin\lib_stemwin522_cm4_gcc.a(WM_GetScrollbar.o)
                0x0800837e                WM_GetScrollbarV
 .text.WM_GetParent
                0x08008388       0x10 ..\..\..\emWin\lib_stemwin522_cm4_gcc.a(WM_GetParent.o)
                0x08008388                WM_GetParent
 .text.WM_GetWindowOrgX
                0x08008398       0x10 ..\..\..\emWin\lib_stemwin522_cm4_gcc.a(WM_GetOrg.o)
                0x08008398                WM_GetWindowOrgX
 .text.WM_GetWindowOrgY
                0x080083a8       0x10 ..\..\..\emWin\lib_stemwin522_cm4_gcc.a(WM_GetOrg.o)
                0x080083a8                WM_GetWindowOrgY
 .text.WM_GetOrgX
                0x080083b8       0x10 ..\..\..\emWin\lib_stemwin522_cm4_gcc.a(WM_GetOrg.o)
                0x080083b8                WM_GetOrgX
 .text.WM_GetOrgY
                0x080083c8       0x10 ..\..\..\emWin\lib_stemwin522_cm4_gcc.a(WM_GetOrg.o)
                0x080083c8                WM_GetOrgY
 .text.WM_GetNextSibling
                0x080083d8       0x10 ..\..\..\emWin\lib_stemwin522_cm4_gcc.a(WM_GetNextSibling.o)
                0x080083d8                WM_GetNextSibling
 .text.WM_GetInvalidRect
                0x080083e8       0x22 ..\..\..\emWin\lib_stemwin522_cm4_gcc.a(WM_GetInvalidRect.o)
                0x080083e8                WM_GetInvalidRect
 .text.WM_GetInsideRectExScrollbar
                0x0800840a       0xa8 ..\..\..\emWin\lib_stemwin522_cm4_gcc.a(WM_GetInsideRectExScrollbar.o)
                0x0800840a                WM_GetInsideRectExScrollbar
 .text.WM_GetInsideRectEx
                0x080084b2       0x16 ..\..\..\emWin\lib_stemwin522_cm4_gcc.a(WM_GetInsideRect.o)
                0x080084b2                WM_GetInsideRectEx
 .text.WM_GetInsideRect
                0x080084c8       0x10 ..\..\..\emWin\lib_stemwin522_cm4_gcc.a(WM_GetInsideRect.o)
                0x080084c8                WM_GetInsideRect
 .text.WM_GetId
                0x080084d8       0x20 ..\..\..\emWin\lib_stemwin522_cm4_gcc.a(WM_GetId.o)
                0x080084d8                WM_GetId
 .text.WM_GetFocussedWindow
                0x080084f8       0x14 ..\..\..\emWin\lib_stemwin522_cm4_gcc.a(WM_GetFocussedWindow.o)
                0x080084f8                WM_GetFocussedWindow
 .text.WM_GetFlags
                0x0800850c        0xe ..\..\..\emWin\lib_stemwin522_cm4_gcc.a(WM_GetFlags.o)
                0x0800850c                WM_GetFlags
 .text.WM_GetFirstChild
                0x0800851a       0x10 ..\..\..\emWin\lib_stemwin522_cm4_gcc.a(WM_GetFirstChild.o)
                0x0800851a                WM_GetFirstChild
 .text._GetDialogItem
                0x0800852a       0x3c ..\..\..\emWin\lib_stemwin522_cm4_gcc.a(WM_GetDialogItem.o)
 .text.WM_GetDialogItem
                0x08008566        0x8 ..\..\..\emWin\lib_stemwin522_cm4_gcc.a(WM_GetDialogItem.o)
                0x08008566                WM_GetDialogItem
 *fill*         0x0800856e        0x2 00
 .text.WM_GetDesktopWindow
                0x08008570       0x18 ..\..\..\emWin\lib_stemwin522_cm4_gcc.a(WM_GetDesktopWindow.o)
                0x08008570                WM_GetDesktopWindow
 .text.WM_GetClientWindow
                0x08008588       0x1a ..\..\..\emWin\lib_stemwin522_cm4_gcc.a(WM_GetClientWindow.o)
                0x08008588                WM_GetClientWindow
 .text.WM__GetClientRectEx
                0x080085a2       0x20 ..\..\..\emWin\lib_stemwin522_cm4_gcc.a(WM_GetClientRect.o)
                0x080085a2                WM__GetClientRectEx
 *fill*         0x080085c2        0x2 00
 .text.WM_GetClientRect
                0x080085c4       0x1c ..\..\..\emWin\lib_stemwin522_cm4_gcc.a(WM_GetClientRect.o)
                0x080085c4                WM_GetClientRect
 .text.WM_GetBkColor
                0x080085e0       0x1e ..\..\..\emWin\lib_stemwin522_cm4_gcc.a(WM_GetBkColor.o)
                0x080085e0                WM_GetBkColor
 .text.WM_ForEachDesc
                0x080085fe        0x4 ..\..\..\emWin\lib_stemwin522_cm4_gcc.a(WM_ForEachDesc.o)
                0x080085fe                WM_ForEachDesc
 .text.WM_CheckScrollBounds
                0x08008602       0x1e ..\..\..\emWin\lib_stemwin522_cm4_gcc.a(WM_CheckScrollPos.o)
                0x08008602                WM_CheckScrollBounds
 .text._cbInvalidateOne
                0x08008620        0x4 ..\..\..\emWin\lib_stemwin522_cm4_gcc.a(WM_BringToTop.o)
 .text.WM_BringToTop
                0x08008624       0x74 ..\..\..\emWin\lib_stemwin522_cm4_gcc.a(WM_BringToTop.o)
                0x08008624                WM_BringToTop
 .text.WM_DetachWindow
                0x08008698       0x4e ..\..\..\emWin\lib_stemwin522_cm4_gcc.a(WM_AttachWindow.o)
                0x08008698                WM_DetachWindow
 .text.WM_AttachWindow
                0x080086e6       0x68 ..\..\..\emWin\lib_stemwin522_cm4_gcc.a(WM_AttachWindow.o)
                0x080086e6                WM_AttachWindow
 *fill*         0x0800874e        0x2 00
 .text._OnExit  0x08008750       0x50 ..\..\..\emWin\lib_stemwin522_cm4_gcc.a(WM.o)
 .text._Paint1  0x080087a0       0x24 ..\..\..\emWin\lib_stemwin522_cm4_gcc.a(WM.o)
 .text._Paint1Trans
                0x080087c4       0x94 ..\..\..\emWin\lib_stemwin522_cm4_gcc.a(WM.o)
 .text._PaintTransChildren
                0x08008858       0xac ..\..\..\emWin\lib_stemwin522_cm4_gcc.a(WM.o)
 .text._Findy1  0x08008904       0xac ..\..\..\emWin\lib_stemwin522_cm4_gcc.a(WM.o)
 .text._Findx0  0x080089b0       0x8a ..\..\..\emWin\lib_stemwin522_cm4_gcc.a(WM.o)
 .text._Findx1  0x08008a3a       0x76 ..\..\..\emWin\lib_stemwin522_cm4_gcc.a(WM.o)
 .text.WM__PaintWinAndOverlays
                0x08008ab0       0x74 ..\..\..\emWin\lib_stemwin522_cm4_gcc.a(WM.o)
 .text._cbPaintMemDev
                0x08008b24       0x58 ..\..\..\emWin\lib_stemwin522_cm4_gcc.a(WM.o)
 .text.WM__ClipAtParentBorders
                0x08008b7c       0x60 ..\..\..\emWin\lib_stemwin522_cm4_gcc.a(WM.o)
                0x08008b7c                WM__ClipAtParentBorders
 .text.WM__InsertWindowIntoList
                0x08008bdc       0x9c ..\..\..\emWin\lib_stemwin522_cm4_gcc.a(WM.o)
                0x08008bdc                WM__InsertWindowIntoList
 .text.WM__RemoveWindowFromList
                0x08008c78       0x3c ..\..\..\emWin\lib_stemwin522_cm4_gcc.a(WM.o)
                0x08008c78                WM__RemoveWindowFromList
 .text.WM__Client2Screen
                0x08008cb4       0x10 ..\..\..\emWin\lib_stemwin522_cm4_gcc.a(WM.o)
                0x08008cb4                WM__Client2Screen
 .text._SetClipRectUserIntersect
                0x08008cc4       0x50 ..\..\..\emWin\lib_stemwin522_cm4_gcc.a(WM.o)
 .text.WM__ActivateClipRect
                0x08008d14       0x48 ..\..\..\emWin\lib_stemwin522_cm4_gcc.a(WM.o)
                0x08008d14                WM__ActivateClipRect
 .text.WM__IsWindow
                0x08008d5c       0x20 ..\..\..\emWin\lib_stemwin522_cm4_gcc.a(WM.o)
                0x08008d5c                WM__IsWindow
 .text.WM__InvalidateDrawAndDescs
                0x08008d7c       0x42 ..\..\..\emWin\lib_stemwin522_cm4_gcc.a(WM.o)
                0x08008d7c                WM__InvalidateDrawAndDescs
 *fill*         0x08008dbe        0x2 00
 .text.WM__RemoveFromLinList
                0x08008dc0       0x28 ..\..\..\emWin\lib_stemwin522_cm4_gcc.a(WM.o)
                0x08008dc0                WM__RemoveFromLinList
 .text.WM__RectIsNZ
                0x08008de8       0x22 ..\..\..\emWin\lib_stemwin522_cm4_gcc.a(WM.o)
                0x08008de8                WM__RectIsNZ
 *fill*         0x08008e0a        0x2 00
 .text._Invalidate1Abs
                0x08008e0c       0x88 ..\..\..\emWin\lib_stemwin522_cm4_gcc.a(WM.o)
 .text.WM_InvalidateWindowAndDescsEx
                0x08008e94       0x5c ..\..\..\emWin\lib_stemwin522_cm4_gcc.a(WM.o)
                0x08008e94                WM_InvalidateWindowAndDescsEx
 .text.WM__InvalidateRect
                0x08008ef0       0x76 ..\..\..\emWin\lib_stemwin522_cm4_gcc.a(WM.o)
                0x08008ef0                WM__InvalidateRect
 .text.WM__InvalidateRectEx
                0x08008f66        0x6 ..\..\..\emWin\lib_stemwin522_cm4_gcc.a(WM.o)
                0x08008f66                WM__InvalidateRectEx
 .text.WM__DetachWindow
                0x08008f6c       0x28 ..\..\..\emWin\lib_stemwin522_cm4_gcc.a(WM.o)
                0x08008f6c                WM__DetachWindow
 .text.WM__InvalidateParent
                0x08008f94       0x2a ..\..\..\emWin\lib_stemwin522_cm4_gcc.a(WM.o)
                0x08008f94                WM__InvalidateParent
 .text.WM__Invalidate1Abs
                0x08008fbe        0x6 ..\..\..\emWin\lib_stemwin522_cm4_gcc.a(WM.o)
                0x08008fbe                WM__Invalidate1Abs
 .text.WM_SendMessage
                0x08008fc4        0x8 ..\..\..\emWin\lib_stemwin522_cm4_gcc.a(WM.o)
                0x08008fc4                WM_SendMessage
 .text.WM__SendMsgNoData
                0x08008fcc       0x14 ..\..\..\emWin\lib_stemwin522_cm4_gcc.a(WM.o)
                0x08008fcc                WM__SendMsgNoData
 .text.WM__GetClientRectWin
                0x08008fe0       0x18 ..\..\..\emWin\lib_stemwin522_cm4_gcc.a(WM.o)
                0x08008fe0                WM__GetClientRectWin
 .text.WM_InvalidateRect
                0x08008ff8       0x78 ..\..\..\emWin\lib_stemwin522_cm4_gcc.a(WM.o)
                0x08008ff8                WM_InvalidateRect
 .text.WM_InvalidateWindow
                0x08009070        0x6 ..\..\..\emWin\lib_stemwin522_cm4_gcc.a(WM.o)
                0x08009070                WM_InvalidateWindow
 *fill*         0x08009076        0x2 00
 .text.WM__GetTopLevelLayer
                0x08009078       0x28 ..\..\..\emWin\lib_stemwin522_cm4_gcc.a(WM.o)
                0x08009078                WM__GetTopLevelLayer
 .text.WM__SelectTopLevelLayer
                0x080090a0       0x14 ..\..\..\emWin\lib_stemwin522_cm4_gcc.a(WM.o)
                0x080090a0                WM__SelectTopLevelLayer
 .text.WM_SelectWindow
                0x080090b4       0x40 ..\..\..\emWin\lib_stemwin522_cm4_gcc.a(WM.o)
                0x080090b4                WM_SelectWindow
 .text.WM_DeleteWindow
                0x080090f4       0xf4 ..\..\..\emWin\lib_stemwin522_cm4_gcc.a(WM.o)
                0x080090f4                WM_DeleteWindow
 .text.WM_CreateWindowAsChild
                0x080091e8      0x160 ..\..\..\emWin\lib_stemwin522_cm4_gcc.a(WM.o)
                0x080091e8                WM_CreateWindowAsChild
 .text.WM_GetActiveWindow
                0x08009348        0xc ..\..\..\emWin\lib_stemwin522_cm4_gcc.a(WM.o)
                0x08009348                WM_GetActiveWindow
 .text.WM__GetNextIVR
                0x08009354      0x180 ..\..\..\emWin\lib_stemwin522_cm4_gcc.a(WM.o)
                0x08009354                WM__GetNextIVR
 .text.WM__InitIVRSearch
                0x080094d4      0x100 ..\..\..\emWin\lib_stemwin522_cm4_gcc.a(WM.o)
                0x080094d4                WM__InitIVRSearch
 .text.WM_SetDefault
                0x080095d4       0x14 ..\..\..\emWin\lib_stemwin522_cm4_gcc.a(WM.o)
                0x080095d4                WM_SetDefault
 .text.WM__Paint1
                0x080095e8       0x90 ..\..\..\emWin\lib_stemwin522_cm4_gcc.a(WM.o)
                0x080095e8                WM__Paint1
 .text.WM__Paint
                0x08009678       0xb4 ..\..\..\emWin\lib_stemwin522_cm4_gcc.a(WM.o)
                0x08009678                WM__Paint
 .text.WM__DeleteSecure
                0x0800972c       0x1c ..\..\..\emWin\lib_stemwin522_cm4_gcc.a(WM.o)
                0x0800972c                WM__DeleteSecure
 .text.WM_Exec  0x08009748      0x14c ..\..\..\emWin\lib_stemwin522_cm4_gcc.a(WM.o)
                0x08009748                WM_Exec
 .text.WM_Activate
                0x08009894       0x10 ..\..\..\emWin\lib_stemwin522_cm4_gcc.a(WM.o)
                0x08009894                WM_Activate
 .text.WM_Deactivate
                0x080098a4       0x14 ..\..\..\emWin\lib_stemwin522_cm4_gcc.a(WM.o)
                0x080098a4                WM_Deactivate
 .text.WM_DefaultProc
                0x080098b8       0x48 ..\..\..\emWin\lib_stemwin522_cm4_gcc.a(WM.o)
                0x080098b8                WM_DefaultProc
 .text.cbBackWin
                0x08009900       0x68 ..\..\..\emWin\lib_stemwin522_cm4_gcc.a(WM.o)
 .text.WM_Init  0x08009968       0xf4 ..\..\..\emWin\lib_stemwin522_cm4_gcc.a(WM.o)
                0x08009968                WM_Init
 .text._CreateStaticDevice
                0x08009a5c      0x134 ..\..\..\emWin\lib_stemwin522_cm4_gcc.a(GUIDEV_StaticDevices.o)
 .text.GUI_MEMDEV_Paint1Static
                0x08009b90       0x12 ..\..\..\emWin\lib_stemwin522_cm4_gcc.a(GUIDEV_StaticDevices.o)
                0x08009b90                GUI_MEMDEV_Paint1Static
 *fill*         0x08009ba2        0x2 00
 .text.GUI_MEMDEV_SetOrg
                0x08009ba4       0x54 ..\..\..\emWin\lib_stemwin522_cm4_gcc.a(GUIDEV_SetOrg.o)
                0x08009ba4                GUI_MEMDEV_SetOrg
 .text.GUI_MEMDEV_GetYSize
                0x08009bf8       0x2c ..\..\..\emWin\lib_stemwin522_cm4_gcc.a(GUIDEV_GetYSize.o)
                0x08009bf8                GUI_MEMDEV_GetYSize
 .text.GUI_MEMDEV_GetDataPtr
                0x08009c24       0x18 ..\..\..\emWin\lib_stemwin522_cm4_gcc.a(GUIDEV_GetDataPtr.o)
                0x08009c24                GUI_MEMDEV_GetDataPtr
 .text.GUI_MEMDEV_Draw
                0x08009c3c      0x128 ..\..\..\emWin\lib_stemwin522_cm4_gcc.a(GUIDEV_Banding.o)
                0x08009c3c                GUI_MEMDEV_Draw
 .text._GetDevData
                0x08009d64       0x10 ..\..\..\emWin\lib_stemwin522_cm4_gcc.a(GUIDEV_32.o)
 .text._GetDevFunc
                0x08009d74       0x10 ..\..\..\emWin\lib_stemwin522_cm4_gcc.a(GUIDEV_32.o)
 .text._GetDevProp
                0x08009d84        0xa ..\..\..\emWin\lib_stemwin522_cm4_gcc.a(GUIDEV_32.o)
 .text._SetOrg  0x08009d8e        0xc ..\..\..\emWin\lib_stemwin522_cm4_gcc.a(GUIDEV_32.o)
 .text._GetRect
                0x08009d9a       0x30 ..\..\..\emWin\lib_stemwin522_cm4_gcc.a(GUIDEV_32.o)
 *fill*         0x08009dca        0x2 00
 .text._XY2PTR  0x08009dcc       0x40 ..\..\..\emWin\lib_stemwin522_cm4_gcc.a(GUIDEV_32.o)
 .text._GetPixelIndex
                0x08009e0c        0xe ..\..\..\emWin\lib_stemwin522_cm4_gcc.a(GUIDEV_32.o)
 *fill*         0x08009e1a        0x2 00
 .text._XorPixel
                0x08009e1c       0x5c ..\..\..\emWin\lib_stemwin522_cm4_gcc.a(GUIDEV_32.o)
 .text._SetPixelIndex
                0x08009e78       0x4c ..\..\..\emWin\lib_stemwin522_cm4_gcc.a(GUIDEV_32.o)
 .text._DrawVLine
                0x08009ec4       0xb8 ..\..\..\emWin\lib_stemwin522_cm4_gcc.a(GUIDEV_32.o)
 .text._FillRect
                0x08009f7c       0xbc ..\..\..\emWin\lib_stemwin522_cm4_gcc.a(GUIDEV_32.o)
 .text._DrawHLine
                0x0800a038        0xa ..\..\..\emWin\lib_stemwin522_cm4_gcc.a(GUIDEV_32.o)
 *fill*         0x0800a042        0x2 00
 .text._DrawBitmap
                0x0800a044      0x70c ..\..\..\emWin\lib_stemwin522_cm4_gcc.a(GUIDEV_32.o)
 .text.GUI_MEMDEV__WriteToActiveAt
                0x0800a750       0x36 ..\..\..\emWin\lib_stemwin522_cm4_gcc.a(GUIDEV.o)
                0x0800a750                GUI_MEMDEV__WriteToActiveAt
 *fill*         0x0800a786        0x2 00
 .text.GUI_MEMDEV__CreateFixed
                0x0800a788       0xfc ..\..\..\emWin\lib_stemwin522_cm4_gcc.a(GUIDEV.o)
                0x0800a788                GUI_MEMDEV__CreateFixed
 .text.GUI_MEMDEV_GetBitsPerPixel
                0x0800a884       0x28 ..\..\..\emWin\lib_stemwin522_cm4_gcc.a(GUIDEV.o)
                0x0800a884                GUI_MEMDEV_GetBitsPerPixel
 .text.GUI_MEMDEV_Delete
                0x0800a8ac       0x44 ..\..\..\emWin\lib_stemwin522_cm4_gcc.a(GUIDEV.o)
                0x0800a8ac                GUI_MEMDEV_Delete
 .text.GUI_MEMDEV_CreateEx
                0x0800a8f0       0x74 ..\..\..\emWin\lib_stemwin522_cm4_gcc.a(GUIDEV.o)
                0x0800a8f0                GUI_MEMDEV_CreateEx
 .text.GUI_MEMDEV_Select
                0x0800a964       0x5c ..\..\..\emWin\lib_stemwin522_cm4_gcc.a(GUIDEV.o)
                0x0800a964                GUI_MEMDEV_Select
 .text.GUI_MEMDEV_CopyToLCDAt
                0x0800a9c0       0xa4 ..\..\..\emWin\lib_stemwin522_cm4_gcc.a(GUIDEV.o)
                0x0800a9c0                GUI_MEMDEV_CopyToLCDAt
 .text.GUI_MEMDEV_CopyToLCD
                0x0800aa64        0xc ..\..\..\emWin\lib_stemwin522_cm4_gcc.a(GUIDEV.o)
                0x0800aa64                GUI_MEMDEV_CopyToLCD
 .text._GetRect
                0x0800aa70       0x16 ..\..\..\emWin\lib_stemwin522_cm4_gcc.a(GUIDRV_Lin_32.o)
 .text._SetPixelIndex
                0x0800aa86       0x12 ..\..\..\emWin\lib_stemwin522_cm4_gcc.a(GUIDRV_Lin_32.o)
 .text._GetPixelIndex
                0x0800aa98       0x10 ..\..\..\emWin\lib_stemwin522_cm4_gcc.a(GUIDRV_Lin_32.o)
 .text._XorPixel
                0x0800aaa8       0x28 ..\..\..\emWin\lib_stemwin522_cm4_gcc.a(GUIDRV_Lin_32.o)
 .text._FillRect
                0x0800aad0      0x128 ..\..\..\emWin\lib_stemwin522_cm4_gcc.a(GUIDRV_Lin_32.o)
 .text._DrawHLine
                0x0800abf8        0xa ..\..\..\emWin\lib_stemwin522_cm4_gcc.a(GUIDRV_Lin_32.o)
 .text._DrawVLine
                0x0800ac02        0xc ..\..\..\emWin\lib_stemwin522_cm4_gcc.a(GUIDRV_Lin_32.o)
 *fill*         0x0800ac0e        0x2 00
 .text._DrawBitmap
                0x0800ac10      0x49c ..\..\..\emWin\lib_stemwin522_cm4_gcc.a(GUIDRV_Lin_32.o)
 .text._GetDevProp
                0x0800b0ac       0x3c ..\..\..\emWin\lib_stemwin522_cm4_gcc.a(GUIDRV_Lin_32.o)
 .text._GetDevData
                0x0800b0e8       0x10 ..\..\..\emWin\lib_stemwin522_cm4_gcc.a(GUIDRV_Lin_32.o)
 .text._ReadRect
                0x0800b0f8       0x6a ..\..\..\emWin\lib_stemwin522_cm4_gcc.a(GUIDRV_Lin_32.o)
 *fill*         0x0800b162        0x2 00
 .text._GetDevFunc
                0x0800b164       0xdc ..\..\..\emWin\lib_stemwin522_cm4_gcc.a(GUIDRV_Lin_32.o)
 .text._InitOnce
                0x0800b240       0x24 ..\..\..\emWin\lib_stemwin522_cm4_gcc.a(GUIDRV_Lin_32.o)
 .text._SetDevFunc
                0x0800b264       0x3e ..\..\..\emWin\lib_stemwin522_cm4_gcc.a(GUIDRV_Lin_32.o)
 .text._GetPos  0x0800b2a2       0x1a ..\..\..\emWin\lib_stemwin522_cm4_gcc.a(GUIDRV_Lin_32.o)
 .text._ShowBuffer
                0x0800b2bc       0x22 ..\..\..\emWin\lib_stemwin522_cm4_gcc.a(GUIDRV_Lin_32.o)
 .text._SetChroma
                0x0800b2de       0x12 ..\..\..\emWin\lib_stemwin522_cm4_gcc.a(GUIDRV_Lin_32.o)
 .text._SetChromaMode
                0x0800b2f0       0x12 ..\..\..\emWin\lib_stemwin522_cm4_gcc.a(GUIDRV_Lin_32.o)
 .text._SetAlphaMode
                0x0800b302       0x12 ..\..\..\emWin\lib_stemwin522_cm4_gcc.a(GUIDRV_Lin_32.o)
 .text._Off     0x0800b314        0xa ..\..\..\emWin\lib_stemwin522_cm4_gcc.a(GUIDRV_Lin_32.o)
 .text._On      0x0800b31e        0xa ..\..\..\emWin\lib_stemwin522_cm4_gcc.a(GUIDRV_Lin_32.o)
 .text._Init    0x0800b328       0x18 ..\..\..\emWin\lib_stemwin522_cm4_gcc.a(GUIDRV_Lin_32.o)
 .text._SetVis  0x0800b340       0x24 ..\..\..\emWin\lib_stemwin522_cm4_gcc.a(GUIDRV_Lin_32.o)
 .text._SetAlpha
                0x0800b364       0x24 ..\..\..\emWin\lib_stemwin522_cm4_gcc.a(GUIDRV_Lin_32.o)
 .text._SetPos  0x0800b388       0x2a ..\..\..\emWin\lib_stemwin522_cm4_gcc.a(GUIDRV_Lin_32.o)
 .text._SetVRAMAddr
                0x0800b3b2       0x26 ..\..\..\emWin\lib_stemwin522_cm4_gcc.a(GUIDRV_Lin_32.o)
 .text._CopyBuffer
                0x0800b3d8       0x50 ..\..\..\emWin\lib_stemwin522_cm4_gcc.a(GUIDRV_Lin_32.o)
 .text._SetSize
                0x0800b428       0x3e ..\..\..\emWin\lib_stemwin522_cm4_gcc.a(GUIDRV_Lin_32.o)
 .text._SetVSize
                0x0800b466       0x24 ..\..\..\emWin\lib_stemwin522_cm4_gcc.a(GUIDRV_Lin_32.o)
 .text._SetOrg  0x0800b48a       0x92 ..\..\..\emWin\lib_stemwin522_cm4_gcc.a(GUIDRV_Lin_32.o)
 .text.LCD_UpdateColorIndices
                0x0800b51c       0x24 ..\..\..\emWin\lib_stemwin522_cm4_gcc.a(LCD_UpdateColorIndices.o)
                0x0800b51c                LCD_UpdateColorIndices
 .text.LCD_SetClipRectEx
                0x0800b540       0x30 ..\..\..\emWin\lib_stemwin522_cm4_gcc.a(LCD_SetClipRectEx.o)
                0x0800b540                LCD_SetClipRectEx
 .text.LCD_SetVRAMAddrEx
                0x0800b570       0x2a ..\..\..\emWin\lib_stemwin522_cm4_gcc.a(LCD_Set.o)
                0x0800b570                LCD_SetVRAMAddrEx
 .text.LCD_SetVSizeEx
                0x0800b59a       0x2e ..\..\..\emWin\lib_stemwin522_cm4_gcc.a(LCD_Set.o)
                0x0800b59a                LCD_SetVSizeEx
 .text.LCD_SetSizeEx
                0x0800b5c8       0x2e ..\..\..\emWin\lib_stemwin522_cm4_gcc.a(LCD_Set.o)
                0x0800b5c8                LCD_SetSizeEx
 .text.LCD_SetVisEx
                0x0800b5f6       0x2a ..\..\..\emWin\lib_stemwin522_cm4_gcc.a(LCD_Set.o)
                0x0800b5f6                LCD_SetVisEx
 .text.LCD_SetPosEx
                0x0800b620       0x2e ..\..\..\emWin\lib_stemwin522_cm4_gcc.a(LCD_Set.o)
                0x0800b620                LCD_SetPosEx
 .text.LCD_SetLUTEntryEx
                0x0800b64e       0x2e ..\..\..\emWin\lib_stemwin522_cm4_gcc.a(LCD_Set.o)
                0x0800b64e                LCD_SetLUTEntryEx
 .text.LCD_GetPosEx
                0x0800b67c       0x2e ..\..\..\emWin\lib_stemwin522_cm4_gcc.a(LCD_Set.o)
                0x0800b67c                LCD_GetPosEx
 .text.LCD_SetDevFunc
                0x0800b6aa       0x2e ..\..\..\emWin\lib_stemwin522_cm4_gcc.a(LCD_Set.o)
                0x0800b6aa                LCD_SetDevFunc
 .text._Rect2TextRect
                0x0800b6d8       0x18 ..\..\..\emWin\lib_stemwin522_cm4_gcc.a(LCD_RotateCCW.o)
 .text._TransformPointCCW
                0x0800b6f0       0x68 ..\..\..\emWin\lib_stemwin522_cm4_gcc.a(LCD_RotateCCW.o)
 .text._DrawBitmapCCW
                0x0800b758      0x3f4 ..\..\..\emWin\lib_stemwin522_cm4_gcc.a(LCD_RotateCCW.o)
 .text._GetDevProp
                0x0800bb4c       0x1e ..\..\..\emWin\lib_stemwin522_cm4_gcc.a(LCD_GetEx.o)
 .text._GetMaxValue
                0x0800bb6a       0x22 ..\..\..\emWin\lib_stemwin522_cm4_gcc.a(LCD_GetEx.o)
 .text.LCD_GetXSizeEx
                0x0800bb8c        0x6 ..\..\..\emWin\lib_stemwin522_cm4_gcc.a(LCD_GetEx.o)
                0x0800bb8c                LCD_GetXSizeEx
 .text.LCD_GetYSizeEx
                0x0800bb92        0x6 ..\..\..\emWin\lib_stemwin522_cm4_gcc.a(LCD_GetEx.o)
                0x0800bb92                LCD_GetYSizeEx
 .text.LCD_GetVXSizeEx
                0x0800bb98        0x6 ..\..\..\emWin\lib_stemwin522_cm4_gcc.a(LCD_GetEx.o)
                0x0800bb98                LCD_GetVXSizeEx
 .text.LCD_GetVYSizeEx
                0x0800bb9e        0x6 ..\..\..\emWin\lib_stemwin522_cm4_gcc.a(LCD_GetEx.o)
                0x0800bb9e                LCD_GetVYSizeEx
 .text.LCD_GetBitsPerPixelEx
                0x0800bba4        0x6 ..\..\..\emWin\lib_stemwin522_cm4_gcc.a(LCD_GetEx.o)
                0x0800bba4                LCD_GetBitsPerPixelEx
 .text.LCD_GetNumColorsEx
                0x0800bbaa        0x6 ..\..\..\emWin\lib_stemwin522_cm4_gcc.a(LCD_GetEx.o)
                0x0800bbaa                LCD_GetNumColorsEx
 .text.LCD_GetMirrorXEx
                0x0800bbb0        0x6 ..\..\..\emWin\lib_stemwin522_cm4_gcc.a(LCD_GetEx.o)
                0x0800bbb0                LCD_GetMirrorXEx
 .text.LCD_GetMirrorYEx
                0x0800bbb6        0x6 ..\..\..\emWin\lib_stemwin522_cm4_gcc.a(LCD_GetEx.o)
                0x0800bbb6                LCD_GetMirrorYEx
 .text.LCD_GetSwapXYEx
                0x0800bbbc        0x6 ..\..\..\emWin\lib_stemwin522_cm4_gcc.a(LCD_GetEx.o)
                0x0800bbbc                LCD_GetSwapXYEx
 *fill*         0x0800bbc2        0x2 00
 .text.LCD_GetXSize
                0x0800bbc4       0x10 ..\..\..\emWin\lib_stemwin522_cm4_gcc.a(LCD_GetEx.o)
                0x0800bbc4                LCD_GetXSize
 .text.LCD_GetYSize
                0x0800bbd4       0x10 ..\..\..\emWin\lib_stemwin522_cm4_gcc.a(LCD_GetEx.o)
                0x0800bbd4                LCD_GetYSize
 .text.LCD_GetNumColors
                0x0800bbe4       0x10 ..\..\..\emWin\lib_stemwin522_cm4_gcc.a(LCD_GetEx.o)
                0x0800bbe4                LCD_GetNumColors
 .text.GUI_GetBitsPerPixelEx
                0x0800bbf4       0x18 ..\..\..\emWin\lib_stemwin522_cm4_gcc.a(LCD_GetEx.o)
                0x0800bbf4                GUI_GetBitsPerPixelEx
 .text.LCD_GetPaletteEx
                0x0800bc0c       0x14 ..\..\..\emWin\lib_stemwin522_cm4_gcc.a(LCD_GetEx.o)
                0x0800bc0c                LCD_GetPaletteEx
 .text.LCD_GetPalette
                0x0800bc20       0x10 ..\..\..\emWin\lib_stemwin522_cm4_gcc.a(LCD_GetEx.o)
                0x0800bc20                LCD_GetPalette
 .text.GUI_GetpfIndex2ColorEx
                0x0800bc30       0x10 ..\..\..\emWin\lib_stemwin522_cm4_gcc.a(LCD_GetEx.o)
                0x0800bc30                GUI_GetpfIndex2ColorEx
 .text.GUI_GetpfColor2IndexEx
                0x0800bc40       0x10 ..\..\..\emWin\lib_stemwin522_cm4_gcc.a(LCD_GetEx.o)
                0x0800bc40                GUI_GetpfColor2IndexEx
 .text.LCD_GetVXSizeMax
                0x0800bc50        0x6 ..\..\..\emWin\lib_stemwin522_cm4_gcc.a(LCD_GetEx.o)
                0x0800bc50                LCD_GetVXSizeMax
 .text.LCD__GetBPP
                0x0800bc56       0x82 ..\..\..\emWin\lib_stemwin522_cm4_gcc.a(LCD_GetEx.o)
                0x0800bc56                LCD__GetBPP
 .text.LCD__GetBPPDevice
                0x0800bcd8       0x2c ..\..\..\emWin\lib_stemwin522_cm4_gcc.a(LCD_GetEx.o)
                0x0800bcd8                LCD__GetBPPDevice
 .text.LCD_AA_SetAndMask
                0x0800bd04       0x10 ..\..\..\emWin\lib_stemwin522_cm4_gcc.a(LCD_AA.o)
                0x0800bd04                LCD_AA_SetAndMask
 .text.LCD_AA_MixColors
                0x0800bd14       0x20 ..\..\..\emWin\lib_stemwin522_cm4_gcc.a(LCD_AA.o)
                0x0800bd14                LCD_AA_MixColors
 .text.LCD_SetPixelAA
                0x0800bd34       0x94 ..\..\..\emWin\lib_stemwin522_cm4_gcc.a(LCD_AA.o)
                0x0800bd34                LCD_SetPixelAA
 .text.LCD_SetPixelAA_Xor
                0x0800bdc8       0x98 ..\..\..\emWin\lib_stemwin522_cm4_gcc.a(LCD_AA.o)
                0x0800bdc8                LCD_SetPixelAA_Xor
 .text.LCD_SetPixelAA_NoTrans
                0x0800be60       0xa0 ..\..\..\emWin\lib_stemwin522_cm4_gcc.a(LCD_AA.o)
                0x0800be60                LCD_SetPixelAA_NoTrans
 .text._SetDrawMode
                0x0800bf00       0x28 ..\..\..\emWin\lib_stemwin522_cm4_gcc.a(LCD.o)
 .text.LCD_SetDrawMode
                0x0800bf28       0x10 ..\..\..\emWin\lib_stemwin522_cm4_gcc.a(LCD.o)
                0x0800bf28                LCD_SetDrawMode
 .text.LCD_DrawPixel
                0x0800bf38       0x5c ..\..\..\emWin\lib_stemwin522_cm4_gcc.a(LCD.o)
                0x0800bf38                LCD_DrawPixel
 .text.LCD_DrawHLine
                0x0800bf94       0x4c ..\..\..\emWin\lib_stemwin522_cm4_gcc.a(LCD.o)
                0x0800bf94                LCD_DrawHLine
 .text.LCD_DrawVLine
                0x0800bfe0       0x4c ..\..\..\emWin\lib_stemwin522_cm4_gcc.a(LCD.o)
                0x0800bfe0                LCD_DrawVLine
 .text.LCD_FillRect
                0x0800c02c       0x54 ..\..\..\emWin\lib_stemwin522_cm4_gcc.a(LCD.o)
                0x0800c02c                LCD_FillRect
 .text.LCD__DrawBitmap_1bpp
                0x0800c080      0x1b8 ..\..\..\emWin\lib_stemwin522_cm4_gcc.a(LCD.o)
                0x0800c080                LCD__DrawBitmap_1bpp
 .text.LCD_DrawBitmap
                0x0800c238      0x21c ..\..\..\emWin\lib_stemwin522_cm4_gcc.a(LCD.o)
                0x0800c238                LCD_DrawBitmap
 .text.LCD_SetClipRectMax
                0x0800c454       0x20 ..\..\..\emWin\lib_stemwin522_cm4_gcc.a(LCD.o)
                0x0800c454                LCD_SetClipRectMax
 .text.emWin_LCD_Init
                0x0800c474       0x8e ..\..\..\emWin\lib_stemwin522_cm4_gcc.a(LCD.o)
                0x0800c474                emWin_LCD_Init
 *fill*         0x0800c502        0x2 00
 .text.LCD_Color2Index
                0x0800c504       0x20 ..\..\..\emWin\lib_stemwin522_cm4_gcc.a(LCD.o)
                0x0800c504                LCD_Color2Index
 .text.LCD_Index2Color
                0x0800c524       0x20 ..\..\..\emWin\lib_stemwin522_cm4_gcc.a(LCD.o)
                0x0800c524                LCD_Index2Color
 .text.LCD_SetColorIndex
                0x0800c544       0x1c ..\..\..\emWin\lib_stemwin522_cm4_gcc.a(LCD.o)
                0x0800c544                LCD_SetColorIndex
 .text._SetColor
                0x0800c560       0x20 ..\..\..\emWin\lib_stemwin522_cm4_gcc.a(LCD.o)
 .text.LCD_SetBkColorIndex
                0x0800c580       0x1c ..\..\..\emWin\lib_stemwin522_cm4_gcc.a(LCD.o)
                0x0800c580                LCD_SetBkColorIndex
 .text._SetBkColor
                0x0800c59c       0x20 ..\..\..\emWin\lib_stemwin522_cm4_gcc.a(LCD.o)
 .text.LCD_SetBkColor
                0x0800c5bc       0x10 ..\..\..\emWin\lib_stemwin522_cm4_gcc.a(LCD.o)
                0x0800c5bc                LCD_SetBkColor
 .text.LCD_SetColor
                0x0800c5cc       0x10 ..\..\..\emWin\lib_stemwin522_cm4_gcc.a(LCD.o)
                0x0800c5cc                LCD_SetColor
 .text.GUI__strlen
                0x0800c5dc       0x12 ..\..\..\emWin\lib_stemwin522_cm4_gcc.a(GUI__strlen.o)
                0x0800c5dc                GUI__strlen
 .text.GUI__memset
                0x0800c5ee       0x54 ..\..\..\emWin\lib_stemwin522_cm4_gcc.a(GUI__memset.o)
                0x0800c5ee                GUI__memset
 .text.GUI__SetText
                0x0800c642       0x74 ..\..\..\emWin\lib_stemwin522_cm4_gcc.a(GUI__SetText.o)
                0x0800c642                GUI__SetText
 .text.GUI__ReduceRect
                0x0800c6b6       0x1c ..\..\..\emWin\lib_stemwin522_cm4_gcc.a(GUI__ReduceRect.o)
                0x0800c6b6                GUI__ReduceRect
 *fill*         0x0800c6d2        0x2 00
 .text.GUI__ManageCacheEx
                0x0800c6d4       0xc0 ..\..\..\emWin\lib_stemwin522_cm4_gcc.a(GUI__ManageCache.o)
                0x0800c6d4                GUI__ManageCacheEx
 .text.GUI__ManageCache
                0x0800c794       0x10 ..\..\..\emWin\lib_stemwin522_cm4_gcc.a(GUI__ManageCache.o)
                0x0800c794                GUI__ManageCache
 .text.GUI__IntersectRects
                0x0800c7a4       0x64 ..\..\..\emWin\lib_stemwin522_cm4_gcc.a(GUI__IntersectRects.o)
                0x0800c7a4                GUI__IntersectRects
 .text.GUI__IntersectRect
                0x0800c808       0x3c ..\..\..\emWin\lib_stemwin522_cm4_gcc.a(GUI__IntersectRect.o)
                0x0800c808                GUI__IntersectRect
 .text.GUI__MixColors
                0x0800c844       0x5e ..\..\..\emWin\lib_stemwin522_cm4_gcc.a(GUI__Alpha.o)
                0x0800c844                GUI__MixColors
 *fill*         0x0800c8a2        0x2 00
 .text._OnExit  0x0800c8a4       0x40 ..\..\..\emWin\lib_stemwin522_cm4_gcc.a(GUI__Alpha.o)
 .text.GUI__GetAlphaBuffer
                0x0800c8e4       0xc4 ..\..\..\emWin\lib_stemwin522_cm4_gcc.a(GUI__Alpha.o)
                0x0800c8e4                GUI__GetAlphaBuffer
 .text.GUI__DoAlphaBlending
                0x0800c9a8      0x1c0 ..\..\..\emWin\lib_stemwin522_cm4_gcc.a(GUI__Alpha.o)
                0x0800c9a8                GUI__DoAlphaBlending
 .text.GUI__AllocAlphaBuffer
                0x0800cb68       0x18 ..\..\..\emWin\lib_stemwin522_cm4_gcc.a(GUI__Alpha.o)
                0x0800cb68                GUI__AllocAlphaBuffer
 .text.GUI_SignalEvent
                0x0800cb80       0x10 ..\..\..\emWin\lib_stemwin522_cm4_gcc.a(GUI_WaitEvent.o)
                0x0800cb80                GUI_SignalEvent
 .text._OnExit  0x0800cb90       0x1c ..\..\..\emWin\lib_stemwin522_cm4_gcc.a(GUI_Timer.o)
 .text._Unlink  0x0800cbac       0x4c ..\..\..\emWin\lib_stemwin522_cm4_gcc.a(GUI_Timer.o)
 .text._Link    0x0800cbf8       0x94 ..\..\..\emWin\lib_stemwin522_cm4_gcc.a(GUI_Timer.o)
 .text.GUI_TIMER_Exec
                0x0800cc8c       0x64 ..\..\..\emWin\lib_stemwin522_cm4_gcc.a(GUI_Timer.o)
                0x0800cc8c                GUI_TIMER_Exec
 .text.GUI_TIMER__GetFirstTimer
                0x0800ccf0       0x2c ..\..\..\emWin\lib_stemwin522_cm4_gcc.a(GUI_Timer.o)
                0x0800ccf0                GUI_TIMER__GetFirstTimer
 .text.GUI_TIMER__GetNextTimerLin
                0x0800cd1c       0x32 ..\..\..\emWin\lib_stemwin522_cm4_gcc.a(GUI_Timer.o)
                0x0800cd1c                GUI_TIMER__GetNextTimerLin
 *fill*         0x0800cd4e        0x2 00
 .text.GUI_TIMER_Create
                0x0800cd50       0x94 ..\..\..\emWin\lib_stemwin522_cm4_gcc.a(GUI_Timer.o)
                0x0800cd50                GUI_TIMER_Create
 .text.GUI_TIMER_Delete
                0x0800cde4       0x60 ..\..\..\emWin\lib_stemwin522_cm4_gcc.a(GUI_Timer.o)
                0x0800cde4                GUI_TIMER_Delete
 .text.GUI_TIMER_SetPeriod
                0x0800ce44       0x1a ..\..\..\emWin\lib_stemwin522_cm4_gcc.a(GUI_Timer.o)
                0x0800ce44                GUI_TIMER_SetPeriod
 .text.GUI_TIMER_Restart
                0x0800ce5e       0x30 ..\..\..\emWin\lib_stemwin522_cm4_gcc.a(GUI_Timer.o)
                0x0800ce5e                GUI_TIMER_Restart
 .text.GUI_TIMER_GetFlag
                0x0800ce8e       0x28 ..\..\..\emWin\lib_stemwin522_cm4_gcc.a(GUI_Timer.o)
                0x0800ce8e                GUI_TIMER_GetFlag
 .text.GUI_GetTime
                0x0800ceb6        0x4 ..\..\..\emWin\lib_stemwin522_cm4_gcc.a(GUI_Time.o)
                0x0800ceb6                GUI_GetTime
 *fill*         0x0800ceba        0x2 00
 .text.GUI_TOUCH_StoreStateEx
                0x0800cebc       0x28 ..\..\..\emWin\lib_stemwin522_cm4_gcc.a(GUI_TOUCH.o)
                0x0800cebc                GUI_TOUCH_StoreStateEx
 .text.GUI_SetTextMode
                0x0800cee4       0x14 ..\..\..\emWin\lib_stemwin522_cm4_gcc.a(GUI_SetTextMode.o)
                0x0800cee4                GUI_SetTextMode
 .text.GUI_SetTextAlign
                0x0800cef8       0x14 ..\..\..\emWin\lib_stemwin522_cm4_gcc.a(GUI_SetTextAlign.o)
                0x0800cef8                GUI_SetTextAlign
 .text.GUI_SetLineStyle
                0x0800cf0c       0x10 ..\..\..\emWin\lib_stemwin522_cm4_gcc.a(GUI_SetLineStyle.o)
                0x0800cf0c                GUI_SetLineStyle
 .text.GUI_SetFont
                0x0800cf1c       0x14 ..\..\..\emWin\lib_stemwin522_cm4_gcc.a(GUI_SetFont.o)
                0x0800cf1c                GUI_SetFont
 .text.GUI_SetDrawMode
                0x0800cf30        0x4 ..\..\..\emWin\lib_stemwin522_cm4_gcc.a(GUI_SetDrawMode.o)
                0x0800cf30                GUI_SetDrawMode
 .text.GL_SetDefault
                0x0800cf34       0x40 ..\..\..\emWin\lib_stemwin522_cm4_gcc.a(GUI_SetDefault.o)
                0x0800cf34                GL_SetDefault
 .text.GUI_SetBkColor
                0x0800cf74        0x4 ..\..\..\emWin\lib_stemwin522_cm4_gcc.a(GUI_SetColor.o)
                0x0800cf74                GUI_SetBkColor
 .text.GUI_SetColor
                0x0800cf78        0x4 ..\..\..\emWin\lib_stemwin522_cm4_gcc.a(GUI_SetColor.o)
                0x0800cf78                GUI_SetColor
 .text.GUI__AlphaSuppressMixing
                0x0800cf7c       0x24 ..\..\..\emWin\lib_stemwin522_cm4_gcc.a(GUI_SetAlpha.o)
                0x0800cf7c                GUI__AlphaSuppressMixing
 .text.GUI_SelectLayer
                0x0800cfa0       0x24 ..\..\..\emWin\lib_stemwin522_cm4_gcc.a(GUI_SelectLayer.o)
                0x0800cfa0                GUI_SelectLayer
 .text.GUI_GetCursorLayer
                0x0800cfc4       0x14 ..\..\..\emWin\lib_stemwin522_cm4_gcc.a(GUI_SelectLayer.o)
                0x0800cfc4                GUI_GetCursorLayer
 .text.GUI_SetLayerPosEx
                0x0800cfd8        0x4 ..\..\..\emWin\lib_stemwin522_cm4_gcc.a(GUI_SelectLayer.o)
                0x0800cfd8                GUI_SetLayerPosEx
 .text.GUI_SetLayerSizeEx
                0x0800cfdc        0x4 ..\..\..\emWin\lib_stemwin522_cm4_gcc.a(GUI_SelectLayer.o)
                0x0800cfdc                GUI_SetLayerSizeEx
 .text.GUI_SetLayerVisEx
                0x0800cfe0        0x4 ..\..\..\emWin\lib_stemwin522_cm4_gcc.a(GUI_SelectLayer.o)
                0x0800cfe0                GUI_SetLayerVisEx
 .text.GUI_GetLayerPosEx
                0x0800cfe4       0x14 ..\..\..\emWin\lib_stemwin522_cm4_gcc.a(GUI_SelectLayer.o)
                0x0800cfe4                GUI_GetLayerPosEx
 .text.GUI_SelectLCD
                0x0800cff8       0x12 ..\..\..\emWin\lib_stemwin522_cm4_gcc.a(GUI_SelectLCD.o)
                0x0800cff8                GUI_SelectLCD
 *fill*         0x0800d00a        0x2 00
 .text.GUI_SaveContext_W
                0x0800d00c       0x14 ..\..\..\emWin\lib_stemwin522_cm4_gcc.a(GUI_SaveContext.o)
                0x0800d00c                GUI_SaveContext_W
 .text.GUI_RestoreContext
                0x0800d020       0x14 ..\..\..\emWin\lib_stemwin522_cm4_gcc.a(GUI_SaveContext.o)
                0x0800d020                GUI_RestoreContext
 .text.GUI_RectsIntersect
                0x0800d034       0x3a ..\..\..\emWin\lib_stemwin522_cm4_gcc.a(GUI_RectsIntersect.o)
                0x0800d034                GUI_RectsIntersect
 .text.GUI_ALLOC_Realloc
                0x0800d06e       0x54 ..\..\..\emWin\lib_stemwin522_cm4_gcc.a(GUI_Realloc.o)
                0x0800d06e                GUI_ALLOC_Realloc
 *fill*         0x0800d0c2        0x2 00
 .text.GUI_SetPenSize
                0x0800d0c4       0x10 ..\..\..\emWin\lib_stemwin522_cm4_gcc.a(GUI_Pen.o)
                0x0800d0c4                GUI_SetPenSize
 .text.GUI_PID_GetState
                0x0800d0d4       0x58 ..\..\..\emWin\lib_stemwin522_cm4_gcc.a(GUI_PID.o)
                0x0800d0d4                GUI_PID_GetState
 .text.GUI_PID_StoreState
                0x0800d12c       0x9c ..\..\..\emWin\lib_stemwin522_cm4_gcc.a(GUI_PID.o)
                0x0800d12c                GUI_PID_StoreState
 .text.GUI_PID_IsEmpty
                0x0800d1c8       0x18 ..\..\..\emWin\lib_stemwin522_cm4_gcc.a(GUI_PID.o)
                0x0800d1c8                GUI_PID_IsEmpty
 .text.GUI_StoreKey
                0x0800d1e0       0x10 ..\..\..\emWin\lib_stemwin522_cm4_gcc.a(GUI_OnKey.o)
                0x0800d1e0                GUI_StoreKey
 .text.GUI_PollKeyMsg
                0x0800d1f0       0x3c ..\..\..\emWin\lib_stemwin522_cm4_gcc.a(GUI_OnKey.o)
                0x0800d1f0                GUI_PollKeyMsg
 .text.GUI_MoveRect
                0x0800d22c       0x20 ..\..\..\emWin\lib_stemwin522_cm4_gcc.a(GUI_MoveRect.o)
                0x0800d22c                GUI_MoveRect
 .text.GUI_MergeRect
                0x0800d24c       0x56 ..\..\..\emWin\lib_stemwin522_cm4_gcc.a(GUI_MergeRect.o)
                0x0800d24c                GUI_MergeRect
 *fill*         0x0800d2a2        0x2 00
 .text.GUI_MULTIBUF_ConfirmEx
                0x0800d2a4       0x30 ..\..\..\emWin\lib_stemwin522_cm4_gcc.a(GUI_MULTIBUF.o)
                0x0800d2a4                GUI_MULTIBUF_ConfirmEx
 .text.GUI_GotoXY
                0x0800d2d4       0x10 ..\..\..\emWin\lib_stemwin522_cm4_gcc.a(GUI_Goto.o)
                0x0800d2d4                GUI_GotoXY
 .text.GUI_GetYSizeOfFont
                0x0800d2e4        0x8 ..\..\..\emWin\lib_stemwin522_cm4_gcc.a(GUI_GetYSizeOfFont.o)
                0x0800d2e4                GUI_GetYSizeOfFont
 .text.GUI_GetOrg
                0x0800d2ec       0x1c ..\..\..\emWin\lib_stemwin522_cm4_gcc.a(GUI_GetOrg.o)
                0x0800d2ec                GUI_GetOrg
 .text.GUI_GetLineStyle
                0x0800d308        0xc ..\..\..\emWin\lib_stemwin522_cm4_gcc.a(GUI_GetLineStyle.o)
                0x0800d308                GUI_GetLineStyle
 .text.GUI_GetFontSizeY
                0x0800d314        0x4 ..\..\..\emWin\lib_stemwin522_cm4_gcc.a(GUI_GetFontSizeY.o)
                0x0800d314                GUI_GetFontSizeY
 .text.GUI_GetDrawMode
                0x0800d318        0xc ..\..\..\emWin\lib_stemwin522_cm4_gcc.a(GUI_GetDrawMode.o)
                0x0800d318                GUI_GetDrawMode
 .text.GUI_Exec1
                0x0800d324       0x28 ..\..\..\emWin\lib_stemwin522_cm4_gcc.a(GUI_Exec.o)
                0x0800d324                GUI_Exec1
 .text.GUI_Exec
                0x0800d34c       0x12 ..\..\..\emWin\lib_stemwin522_cm4_gcc.a(GUI_Exec.o)
                0x0800d34c                GUI_Exec
 *fill*         0x0800d35e        0x2 00
 .text.GUI_DrawVLine
                0x0800d360       0x40 ..\..\..\emWin\lib_stemwin522_cm4_gcc.a(GUI_DrawVLine.o)
                0x0800d360                GUI_DrawVLine
 .text._SetLineColor
                0x0800d3a0       0x8c ..\..\..\emWin\lib_stemwin522_cm4_gcc.a(GUI_DrawLine.o)
 .text.GUI_sin  0x0800d42c       0x54 ..\..\..\emWin\lib_stemwin522_cm4_gcc.a(GUI_DrawLine.o)
                0x0800d42c                GUI_sin
 .text.GUI_cos  0x0800d480        0x8 ..\..\..\emWin\lib_stemwin522_cm4_gcc.a(GUI_DrawLine.o)
                0x0800d480                GUI_cos
 .text.GL_DrawLine1Ex
                0x0800d488      0x1b4 ..\..\..\emWin\lib_stemwin522_cm4_gcc.a(GUI_DrawLine.o)
                0x0800d488                GL_DrawLine1Ex
 .text.GL_DrawLineEx
                0x0800d63c      0x1b4 ..\..\..\emWin\lib_stemwin522_cm4_gcc.a(GUI_DrawLine.o)
                0x0800d63c                GL_DrawLineEx
 .text.GL_DrawLine
                0x0800d7f0       0x16 ..\..\..\emWin\lib_stemwin522_cm4_gcc.a(GUI_DrawLine.o)
                0x0800d7f0                GL_DrawLine
 *fill*         0x0800d806        0x2 00
 .text.GUI_DrawLine
                0x0800d808       0x3c ..\..\..\emWin\lib_stemwin522_cm4_gcc.a(GUI_DrawLine.o)
                0x0800d808                GUI_DrawLine
 .text.GUI_DrawHLine
                0x0800d844       0x48 ..\..\..\emWin\lib_stemwin522_cm4_gcc.a(GUI_DrawHLine.o)
                0x0800d844                GUI_DrawHLine
 .text.GUI_DrawGraphEx
                0x0800d88c      0x200 ..\..\..\emWin\lib_stemwin522_cm4_gcc.a(GUI_DrawGraphEx.o)
                0x0800d88c                GUI_DrawGraphEx
 .text.GUI_WrapGetNumLines
                0x0800da8c       0x20 ..\..\..\emWin\lib_stemwin522_cm4_gcc.a(GUI_DispStringInRectWrap.o)
                0x0800da8c                GUI_WrapGetNumLines
 .text.GUI_DispStringInRectWrap
                0x0800daac      0x120 ..\..\..\emWin\lib_stemwin522_cm4_gcc.a(GUI_DispStringInRectWrap.o)
                0x0800daac                GUI_DispStringInRectWrap
 .text._SetRotation
                0x0800dbcc       0x28 ..\..\..\emWin\lib_stemwin522_cm4_gcc.a(GUI_DispStringInRectEx.o)
 .text.GUI_DispStringInRectEx
                0x0800dbf4       0x84 ..\..\..\emWin\lib_stemwin522_cm4_gcc.a(GUI_DispStringInRectEx.o)
                0x0800dbf4                GUI_DispStringInRectEx
 .text.GUI__DispStringInRect
                0x0800dc78      0x148 ..\..\..\emWin\lib_stemwin522_cm4_gcc.a(GUI_DispStringInRect.o)
                0x0800dc78                GUI__DispStringInRect
 .text.GUI_DispStringInRectMax
                0x0800ddc0       0x46 ..\..\..\emWin\lib_stemwin522_cm4_gcc.a(GUI_DispStringInRect.o)
                0x0800ddc0                GUI_DispStringInRectMax
 .text.GUI_DispStringInRect
                0x0800de06        0x8 ..\..\..\emWin\lib_stemwin522_cm4_gcc.a(GUI_DispStringInRect.o)
                0x0800de06                GUI_DispStringInRect
 *fill*         0x0800de0e        0x2 00
 .text.GUI_DispStringAt
                0x0800de10       0x10 ..\..\..\emWin\lib_stemwin522_cm4_gcc.a(GUI_DispStringAt.o)
                0x0800de10                GUI_DispStringAt
 .text.GUI_DispString
                0x0800de20      0x110 ..\..\..\emWin\lib_stemwin522_cm4_gcc.a(GUI_DispString.o)
                0x0800de20                GUI_DispString
 .text._UnlinkDevice
                0x0800df30       0x2c ..\..\..\emWin\lib_stemwin522_cm4_gcc.a(GUI_Device.o)
 .text.GUI_DEVICE__GetpDriver
                0x0800df5c       0x20 ..\..\..\emWin\lib_stemwin522_cm4_gcc.a(GUI_Device.o)
                0x0800df5c                GUI_DEVICE__GetpDriver
 .text.GUI_DEVICE_Delete
                0x0800df7c        0x4 ..\..\..\emWin\lib_stemwin522_cm4_gcc.a(GUI_Device.o)
                0x0800df7c                GUI_DEVICE_Delete
 .text.GUI_DEVICE_Create
                0x0800df80       0x4c ..\..\..\emWin\lib_stemwin522_cm4_gcc.a(GUI_Device.o)
                0x0800df80                GUI_DEVICE_Create
 .text.GUI_DEVICE_Unlink
                0x0800dfcc        0x4 ..\..\..\emWin\lib_stemwin522_cm4_gcc.a(GUI_Device.o)
                0x0800dfcc                GUI_DEVICE_Unlink
 .text.GUI_DEVICE_Link
                0x0800dfd0       0x70 ..\..\..\emWin\lib_stemwin522_cm4_gcc.a(GUI_Device.o)
                0x0800dfd0                GUI_DEVICE_Link
 .text.GUI_DEVICE_CreateAndLink
                0x0800e040       0x28 ..\..\..\emWin\lib_stemwin522_cm4_gcc.a(GUI_Device.o)
                0x0800e040                GUI_DEVICE_CreateAndLink
 .text._OnExit  0x0800e068       0x18 ..\..\..\emWin\lib_stemwin522_cm4_gcc.a(GUI_Curs1.o)
 .text._Show    0x0800e080       0x34 ..\..\..\emWin\lib_stemwin522_cm4_gcc.a(GUI_Curs1.o)
 .text.GUI_CURSOR_SelectEx
                0x0800e0b4       0xc8 ..\..\..\emWin\lib_stemwin522_cm4_gcc.a(GUI_Curs1.o)
                0x0800e0b4                GUI_CURSOR_SelectEx
 .text.GUI_CURSOR_ShowEx
                0x0800e17c       0x30 ..\..\..\emWin\lib_stemwin522_cm4_gcc.a(GUI_Curs1.o)
                0x0800e17c                GUI_CURSOR_ShowEx
 .text.GUI_CURSOR_SetPositionEx
                0x0800e1ac       0x64 ..\..\..\emWin\lib_stemwin522_cm4_gcc.a(GUI_Curs1.o)
                0x0800e1ac                GUI_CURSOR_SetPositionEx
 .text.GUI_CURSOR_Show
                0x0800e210       0x10 ..\..\..\emWin\lib_stemwin522_cm4_gcc.a(GUI_Curs1.o)
                0x0800e210                GUI_CURSOR_Show
 .text._OnExit  0x0800e220       0x2c ..\..\..\emWin\lib_stemwin522_cm4_gcc.a(GUI_Core.o)
 .text._InitContext.constprop.0
                0x0800e24c       0x84 ..\..\..\emWin\lib_stemwin522_cm4_gcc.a(GUI_Core.o)
 .text.GUI_ClearRect