Archive member included because of file (symbol)

..\..\..\emWin\lib_stemwin522_cm4_gcc.a(WIDGET_SetEffect.o)
                              ..\obj\WindowDLG.o (WIDGET_SetEffect)
..\..\..\emWin\lib_stemwin522_cm4_gcc.a(WIDGET_Effect_Simple.o)
                              ..\obj\WindowDLG.o (WIDGET_Effect_Simple)
..\..\..\emWin\lib_stemwin522_cm4_gcc.a(WIDGET_Effect_None.o)
                              ..\obj\WindowDLG.o (WIDGET_Effect_None)
..\..\..\emWin\lib_stemwin522_cm4_gcc.a(WIDGET_Effect_3D.o)
                              ..\obj\WindowDLG.o (WIDGET_Effect_3D)
..\..\..\emWin\lib_stemwin522_cm4_gcc.a(TEXT_CreateIndirect.o)
                              ..\obj\WindowDLG.o (TEXT_CreateIndirect)
..\..\..\emWin\lib_stemwin522_cm4_gcc.a(TEXT.o)
                              ..\..\..\emWin\lib_stemwin522_cm4_gcc.a(TEXT_CreateIndirect.o) (TEXT_CreateUser)
..\..\..\emWin\lib_stemwin522_cm4_gcc.a(SLIDER_CreateIndirect.o)
                              ..\obj\WindowDLG.o (SLIDER_CreateIndirect)
..\..\..\emWin\lib_stemwin522_cm4_gcc.a(SLIDER.o)
                              ..\..\..\emWin\lib_stemwin522_cm4_gcc.a(SLIDER_CreateIndirect.o) (SLIDER_CreateUser)
..\..\..\emWin\lib_stemwin522_cm4_gcc.a(RADIO_SetText.o)
                              ..\obj\WindowDLG.o (RADIO_SetText)
..\..\..\emWin\lib_stemwin522_cm4_gcc.a(RADIO_CreateIndirect.o)
                              ..\obj\WindowDLG.o (RADIO_CreateIndirect)
..\..\..\emWin\lib_stemwin522_cm4_gcc.a(RADIO.o)
                              ..\..\..\emWin\lib_stemwin522_cm4_gcc.a(RADIO_CreateIndirect.o) (RADIO_CreateUser)
..\..\..\emWin\lib_stemwin522_cm4_gcc.a(GUI_ARRAY.o)
                              ..\..\..\emWin\lib_stemwin522_cm4_gcc.a(RADIO.o) (GUI_ARRAY_AddItem)
..\..\..\emWin\lib_stemwin522_cm4_gcc.a(GRAPH_SCALE.o)
                              ..\obj\WindowDLG.o (GRAPH_SCALE_SetTickDist)
..\..\..\emWin\lib_stemwin522_cm4_gcc.a(GRAPH_DATA_YT.o)
                              ..\obj\WindowDLG.o (GRAPH_DATA_YT_Create)
..\..\..\emWin\lib_stemwin522_cm4_gcc.a(GRAPH_CreateIndirect.o)
                              ..\obj\WindowDLG.o (GRAPH_CreateIndirect)
..\..\..\emWin\lib_stemwin522_cm4_gcc.a(GRAPH.o)
                              ..\..\..\emWin\lib_stemwin522_cm4_gcc.a(GRAPH_DATA_YT.o) (GRAPH__InvalidateGraph)
..\..\..\emWin\lib_stemwin522_cm4_gcc.a(FRAMEWIN_SetTitleVis.o)
                              ..\obj\WindowDLG.o (FRAMEWIN_SetTitleVis)
..\..\..\emWin\lib_stemwin522_cm4_gcc.a(FRAMEWIN_CreateIndirect.o)
                              ..\obj\WindowDLG.o (FRAMEWIN_CreateIndirect)
..\..\..\emWin\lib_stemwin522_cm4_gcc.a(FRAMEWIN.o)
                              ..\..\..\emWin\lib_stemwin522_cm4_gcc.a(FRAMEWIN_SetTitleVis.o) (FRAMEWIN__UpdatePositions)
..\..\..\emWin\lib_stemwin522_cm4_gcc.a(DIALOG.o)
                              ..\obj\WindowDLG.o (GUI_CreateDialogBox)
..\..\..\emWin\lib_stemwin522_cm4_gcc.a(CHECKBOX_SetText.o)
                              ..\obj\WindowDLG.o (CHECKBOX_SetText)
..\..\..\emWin\lib_stemwin522_cm4_gcc.a(CHECKBOX_SetState.o)
                              ..\obj\WindowDLG.o (CHECKBOX_SetState)
..\..\..\emWin\lib_stemwin522_cm4_gcc.a(CHECKBOX_IsChecked.o)
                              ..\obj\WindowDLG.o (CHECKBOX_IsChecked)
..\..\..\emWin\lib_stemwin522_cm4_gcc.a(CHECKBOX_GetState.o)
                              ..\..\..\emWin\lib_stemwin522_cm4_gcc.a(CHECKBOX_IsChecked.o) (CHECKBOX_GetState)
..\..\..\emWin\lib_stemwin522_cm4_gcc.a(CHECKBOX_CreateIndirect.o)
                              ..\obj\WindowDLG.o (CHECKBOX_CreateIndirect)
..\..\..\emWin\lib_stemwin522_cm4_gcc.a(CHECKBOX.o)
                              ..\..\..\emWin\lib_stemwin522_cm4_gcc.a(CHECKBOX_CreateIndirect.o) (CHECKBOX_CreateUser)
..\..\..\emWin\lib_stemwin522_cm4_gcc.a(BUTTON_CreateIndirect.o)
                              ..\obj\WindowDLG.o (BUTTON_CreateIndirect)
..\..\..\emWin\lib_stemwin522_cm4_gcc.a(BUTTON.o)
                              ..\..\..\emWin\lib_stemwin522_cm4_gcc.a(BUTTON_CreateIndirect.o) (BUTTON_CreateUser)
..\..\..\emWin\lib_stemwin522_cm4_gcc.a(WM__SendMessage.o)
                              ..\..\..\emWin\lib_stemwin522_cm4_gcc.a(FRAMEWIN.o) (WM__SendMessage)
..\..\..\emWin\lib_stemwin522_cm4_gcc.a(WM__IsEnabled.o)
                              ..\..\..\emWin\lib_stemwin522_cm4_gcc.a(CHECKBOX.o) (WM__IsEnabled)
..\..\..\emWin\lib_stemwin522_cm4_gcc.a(WM__IsAncestor.o)
                              ..\..\..\emWin\lib_stemwin522_cm4_gcc.a(FRAMEWIN.o) (WM__IsAncestor)
..\..\..\emWin\lib_stemwin522_cm4_gcc.a(WM_UserData.o)
                              ..\..\..\emWin\lib_stemwin522_cm4_gcc.a(TEXT.o) (WM__GetUserDataEx)
..\..\..\emWin\lib_stemwin522_cm4_gcc.a(WM_StayOnTop.o)
                              ..\obj\WindowDLG.o (WM_SetStayOnTop)
..\..\..\emWin\lib_stemwin522_cm4_gcc.a(WM_Show.o)
                              ..\obj\WindowDLG.o (WM_ShowWindow)
..\..\..\emWin\lib_stemwin522_cm4_gcc.a(WM_SetWindowPos.o)
[...]
Memory Configuration

Name             Origin             Length             Attributes
rom              0x08000000         0x00100000         xr
ram              0x20000000         0x00020000         xrw
ram1             0x10000000         0x00010000         xrw
*default*        0x00000000         0xffffffff

Linker script and memory map

                0x20020000                _eram = 0x20020000

.text           0x08000000    0x1841c
 *(.isr_vector)
 .isr_vector    0x08000000      0x1ac ..\obj\startup_stm32f4xx.o
                0x08000000                g_pfnVectors
 *(.text*)
 .text.UB_SDRAM_Init
                0x080001ac       0xac ..\obj\stm32_ub_sdram.o
                0x080001ac                UB_SDRAM_Init
 .text.UB_SDRAM_Write16b
                0x08000258       0x20 ..\obj\stm32_ub_sdram.o
                0x08000258                UB_SDRAM_Write16b
 .text.UB_SDRAM_Read16b
                0x08000278       0x28 ..\obj\stm32_ub_sdram.o
                0x08000278                UB_SDRAM_Read16b
 .text.P_SDRAM_InitIO
                0x080002a0      0x3b0 ..\obj\stm32_ub_sdram.o
                0x080002a0                P_SDRAM_InitIO
 .text.P_SDRAM_InitFMC
                0x08000650       0x94 ..\obj\stm32_ub_sdram.o
                0x08000650                P_SDRAM_InitFMC
 .text.P_SDRAM_InitSequence
                0x080006e4      0x134 ..\obj\stm32_ub_sdram.o
                0x080006e4                P_SDRAM_InitSequence
 .text.P_SDRAM_delay
                0x08000818       0x38 ..\obj\stm32_ub_sdram.o
 .text.GUI_X_Config
                0x08000850       0x18 ..\obj\GUIConf.o
                0x08000850                GUI_X_Config
 .text.DMA2D_ITConfig
                0x08000868       0x54 ..\obj\stm32f4xx_dma2d.o
                0x08000868                DMA2D_ITConfig
 .text.UB_I2C3_Init
                0x080008bc      0x114 ..\obj\stm32_ub_i2c3.o
                0x080008bc                UB_I2C3_Init
 .text.UB_I2C3_ReadByte
                0x080009d0      0x2a0 ..\obj\stm32_ub_i2c3.o
                0x080009d0                UB_I2C3_ReadByte
 .text.UB_I2C3_WriteByte
                0x08000c70      0x1e0 ..\obj\stm32_ub_i2c3.o
                0x08000c70                UB_I2C3_WriteByte
 .text.UB_I2C3_Delay
                0x08000e50       0x2c ..\obj\stm32_ub_i2c3.o
                0x08000e50                UB_I2C3_Delay
 .text.P_I2C3_InitI2C
                0x08000e7c       0x58 ..\obj\stm32_ub_i2c3.o
                0x08000e7c                P_I2C3_InitI2C
 .text.P_I2C3_timeout
                0x08000ed4       0x5c ..\obj\stm32_ub_i2c3.o
                0x08000ed4                P_I2C3_timeout
 .text.LTDC_Init
                0x08000f30      0x1e8 ..\obj\stm32f4xx_ltdc.o
                0x08000f30                LTDC_Init
 .text.LTDC_Cmd
                0x08001118       0x4c ..\obj\stm32f4xx_ltdc.o
                0x08001118                LTDC_Cmd
 .text.LTDC_ReloadConfig
                0x08001164       0x20 ..\obj\stm32f4xx_ltdc.o
                0x08001164                LTDC_ReloadConfig
 .text.LTDC_LayerInit
                0x08001184      0x150 ..\obj\stm32f4xx_ltdc.o
                0x08001184                LTDC_LayerInit
 .text.LTDC_LayerCmd
                0x080012d4       0x38 ..\obj\stm32f4xx_ltdc.o
                0x080012d4                LTDC_LayerCmd
 .text.LTDC_ITConfig
                0x0800130c       0x54 ..\obj\stm32f4xx_ltdc.o
                0x0800130c                LTDC_ITConfig
 .text.Default_Reset_Handler
                0x08001360       0x7c ..\obj\startup_stm32f4xx.o
                0x08001360                Default_Reset_Handler
                0x08001360                Reset_Handler
 .text.Default_Handler
                0x080013dc        0x8 ..\obj\startup_stm32f4xx.o
                0x080013dc                RTC_Alarm_IRQHandler
                0x080013dc                HASH_RNG_IRQHandler
                0x080013dc                EXTI2_IRQHandler
                0x080013dc                TIM8_CC_IRQHandler
                0x080013dc                UART8_IRQHandler
                0x080013dc                SPI4_IRQHandler
                0x080013dc                TIM1_CC_IRQHandler
                0x080013dc                DMA2_Stream5_IRQHandler
                0x080013dc                DMA1_Stream5_IRQHandler
                0x080013dc                PVD_IRQHandler
                0x080013dc                SDIO_IRQHandler
                0x080013dc                TAMP_STAMP_IRQHandler
                0x080013dc                CAN2_RX1_IRQHandler
                0x080013dc                EXTI3_IRQHandler
                0x080013dc                TIM8_TRG_COM_TIM14_IRQHandler
                0x080013dc                TIM1_UP_TIM10_IRQHandler
                0x080013dc                TIM8_UP_TIM13_IRQHandler
                0x080013dc                I2C3_ER_IRQHandler
                0x080013dc                EXTI0_IRQHandler
                0x080013dc                I2C2_EV_IRQHandler
                0x080013dc                DMA1_Stream2_IRQHandler
                0x080013dc                CAN1_RX0_IRQHandler
                0x080013dc                FPU_IRQHandler
                0x080013dc                OTG_HS_WKUP_IRQHandler
                0x080013dc                LTDC_ER_IRQHandler
                0x080013dc                CAN2_SCE_IRQHandler
                0x080013dc                DMA2_Stream2_IRQHandler
                0x080013dc                SPI1_IRQHandler
                0x080013dc                TIM6_DAC_IRQHandler
                0x080013dc                TIM1_BRK_TIM9_IRQHandler
                0x080013dc                DCMI_IRQHandler
                0x080013dc                CAN2_RX0_IRQHandler
                0x080013dc                DMA2_Stream3_IRQHandler
                0x080013dc                USART6_IRQHandler
                0x080013dc                USART3_IRQHandler
                0x080013dc                CRYP_IRQHandler
                0x080013dc                CAN1_RX1_IRQHandler
                0x080013dc                UART5_IRQHandler
                0x080013dc                DMA2_Stream0_IRQHandler
                0x080013dc                TIM4_IRQHandler
                0x080013dc                I2C1_EV_IRQHandler
                0x080013dc                DMA1_Stream6_IRQHandler
                0x080013dc                DMA1_Stream1_IRQHandler
                0x080013dc                UART4_IRQHandler
                0x080013dc                TIM3_IRQHandler
                0x080013dc                RCC_IRQHandler
                0x080013dc                TIM8_BRK_TIM12_IRQHandler
                0x080013dc                EXTI15_10_IRQHandler
                0x080013dc                ADC_IRQHandler
                0x080013dc                DMA1_Stream7_IRQHandler
                0x080013dc                SPI5_IRQHandler
                0x080013dc                TIM7_IRQHandler
                0x080013dc                CAN2_TX_IRQHandler
                0x080013dc                TIM5_IRQHandler
                0x080013dc                DMA2_Stream7_IRQHandler
                0x080013dc                I2C3_EV_IRQHandler
                0x080013dc                EXTI9_5_IRQHandler
                0x080013dc                RTC_WKUP_IRQHandler
                0x080013dc                ETH_WKUP_IRQHandler
                0x080013dc                SPI2_IRQHandler
                0x080013dc                OTG_HS_EP1_IN_IRQHandler
                0x080013dc                DMA1_Stream0_IRQHandler
                0x080013dc                CAN1_TX_IRQHandler
                0x080013dc                EXTI4_IRQHandler
                0x080013dc                ETH_IRQHandler
                0x080013dc                OTG_HS_EP1_OUT_IRQHandler
                0x080013dc                WWDG_IRQHandler
                0x080013dc                SPI6_IRQHandler
                0x080013dc                TIM2_IRQHandler
                0x080013dc                OTG_FS_WKUP_IRQHandler
                0x080013dc                TIM1_TRG_COM_TIM11_IRQHandler
                0x080013dc                OTG_HS_IRQHandler
                0x080013dc                EXTI1_IRQHandler
                0x080013dc                UART7_IRQHandler
                0x080013dc                USART2_IRQHandler
                0x080013dc                I2C2_ER_IRQHandler
                0x080013dc                DMA2_Stream1_IRQHandler
                0x080013dc                CAN1_SCE_IRQHandler
                0x080013dc                FLASH_IRQHandler
                0x080013dc                DMA2_Stream4_IRQHandler
                0x080013dc                USART1_IRQHandler
                0x080013dc                OTG_FS_IRQHandler
                0x080013dc                SPI3_IRQHandler
                0x080013dc                DMA1_Stream4_IRQHandler
                0x080013dc                I2C1_ER_IRQHandler
                0x080013dc                FMC_IRQHandler
                0x080013dc                DMA2_Stream6_IRQHandler
                0x080013dc                SAI1_IRQHandler
                0x080013dc                DMA1_Stream3_IRQHandler
 .text.NVIC_SetPriority
                0x080013e4       0x5c ..\obj\stm32_ub_stemwin.o
 .text.SysTick_Config
                0x08001440       0x64 ..\obj\stm32_ub_stemwin.o
 .text.UB_STemWIN_init
                0x080014a4       0x74 ..\obj\stm32_ub_stemwin.o
                0x080014a4                UB_STemWIN_init
 .text.UB_STemWIN_updateTouch
                0x08001518       0xfc ..\obj\stm32_ub_stemwin.o
                0x08001518                UB_STemWIN_updateTouch
 .text.main     0x08001614       0x14 ..\obj\main.o
                0x08001614                main
 .text._AddValues
                0x08001628       0x50 ..\obj\WindowDLG.o
 .text._UserDraw
                0x08001678       0x98 ..\obj\WindowDLG.o
 .text._ForEach
                0x08001710       0x54 ..\obj\WindowDLG.o
 .text._ToggleFullScreenMode
                0x08001764      0x1b8 ..\obj\WindowDLG.o
 .text._cbCallback
                0x0800191c      0x684 ..\obj\WindowDLG.o
 .text.MainTask
                0x08001fa0       0x7c ..\obj\WindowDLG.o
                0x08001fa0                MainTask
 .text.RCC_PLLSAIConfig
                0x0800201c       0x38 ..\obj\stm32f4xx_rcc.o
                0x0800201c                RCC_PLLSAIConfig
 .text.RCC_PLLSAICmd
                0x08002054       0x20 ..\obj\stm32f4xx_rcc.o
                0x08002054                RCC_PLLSAICmd
 .text.RCC_GetClocksFreq
                0x08002074      0x1cc ..\obj\stm32f4xx_rcc.o
                0x08002074                RCC_GetClocksFreq
 .text.RCC_LTDCCLKDivConfig
                0x08002240       0x44 ..\obj\stm32f4xx_rcc.o
                0x08002240                RCC_LTDCCLKDivConfig
 .text.RCC_AHB1PeriphClockCmd
                0x08002284       0x54 ..\obj\stm32f4xx_rcc.o
                0x08002284                RCC_AHB1PeriphClockCmd
 .text.RCC_AHB3PeriphClockCmd
                0x080022d8       0x54 ..\obj\stm32f4xx_rcc.o
                0x080022d8                RCC_AHB3PeriphClockCmd
 .text.RCC_APB1PeriphClockCmd
                0x0800232c       0x54 ..\obj\stm32f4xx_rcc.o
                0x0800232c                RCC_APB1PeriphClockCmd
 .text.RCC_APB2PeriphClockCmd
                0x08002380       0x54 ..\obj\stm32f4xx_rcc.o
                0x08002380                RCC_APB2PeriphClockCmd
 .text.RCC_APB1PeriphResetCmd
                0x080023d4       0x54 ..\obj\stm32f4xx_rcc.o
                0x080023d4                RCC_APB1PeriphResetCmd
 .text.RCC_APB2PeriphResetCmd
                0x08002428       0x54 ..\obj\stm32f4xx_rcc.o
                0x08002428                RCC_APB2PeriphResetCmd
 .text.RCC_GetFlagStatus
                0x0800247c       0x90 ..\obj\stm32f4xx_rcc.o
                0x0800247c                RCC_GetFlagStatus
 .text.ADC_Init
                0x0800250c       0xb8 ..\obj\stm32f4xx_adc.o
                0x0800250c                ADC_Init
 .text.ADC_CommonInit
                0x080025c4       0x5c ..\obj\stm32f4xx_adc.o
                0x080025c4                ADC_CommonInit
 .text.ADC_Cmd  0x08002620       0x38 ..\obj\stm32f4xx_adc.o
                0x08002620                ADC_Cmd
 .text.ADC_RegularChannelConfig
                0x08002658      0x1bc ..\obj\stm32f4xx_adc.o
                0x08002658                ADC_RegularChannelConfig
 .text.ADC_SoftwareStartConv
                0x08002814       0x20 ..\obj\stm32f4xx_adc.o
                0x08002814                ADC_SoftwareStartConv
 .text.ADC_GetConversionValue
                0x08002834       0x1c ..\obj\stm32f4xx_adc.o
                0x08002834                ADC_GetConversionValue
 .text.ADC_GetFlagStatus
                0x08002850       0x3c ..\obj\stm32f4xx_adc.o
                0x08002850                ADC_GetFlagStatus
 .text.UB_ADC1_SINGLE_Init
                0x0800288c       0x10 ..\obj\stm32_ub_adc1_single.o
                0x0800288c                UB_ADC1_SINGLE_Init
 .text.UB_ADC1_SINGLE_Read
                0x0800289c       0x84 ..\obj\stm32_ub_adc1_single.o
                0x0800289c                UB_ADC1_SINGLE_Read
 .text.P_ADC1s_InitIO
                0x08002920       0xa4 ..\obj\stm32_ub_adc1_single.o
                0x08002920                P_ADC1s_InitIO
 .text.P_ADC1s_InitADC
                0x080029c4       0x80 ..\obj\stm32_ub_adc1_single.o
                0x080029c4                P_ADC1s_InitADC
 .text.NMI_Handler
                0x08002a44        0xc ..\obj\stm32xxx_it.o
                0x08002a44                NMI_Handler
 .text.HardFault_Handler
                0x08002a50        0x8 ..\obj\stm32xxx_it.o
                0x08002a50                HardFault_Handler
 .text.MemManage_Handler
                0x08002a58        0x8 ..\obj\stm32xxx_it.o
                0x08002a58                MemManage_Handler
 .text.BusFault_Handler
                0x08002a60        0x8 ..\obj\stm32xxx_it.o
                0x08002a60                BusFault_Handler
 .text.UsageFault_Handler
                0x08002a68        0x8 ..\obj\stm32xxx_it.o
                0x08002a68                UsageFault_Handler
 .text.DebugMon_Handler
                0x08002a70        0xc ..\obj\stm32xxx_it.o
                0x08002a70                DebugMon_Handler
 .text.SVC_Handler
                0x08002a7c        0xc ..\obj\stm32xxx_it.o
                0x08002a7c                SVC_Handler
 .text.PendSV_Handler
                0x08002a88        0xc ..\obj\stm32xxx_it.o
                0x08002a88                PendSV_Handler
 .text.SysTick_Handler
                0x08002a94       0x58 ..\obj\stm32xxx_it.o
                0x08002a94                SysTick_Handler
 .text.LTDC_IRQHandler
                0x08002aec        0xc ..\obj\stm32xxx_it.o
                0x08002aec                LTDC_IRQHandler
 .text.DMA2D_IRQHandler
                0x08002af8        0xc ..\obj\stm32xxx_it.o
                0x08002af8                DMA2D_IRQHandler
 .text.UB_LCD_Init
                0x08002b04       0x98 ..\obj\stm32_ub_lcd_ili9341.o
                0x08002b04                UB_LCD_Init
 .text.P_LCD9341_InitIO
                0x08002b9c       0x8c ..\obj\stm32_ub_lcd_ili9341.o
                0x08002b9c                P_LCD9341_InitIO
 .text.P_LCD9341_InitLTCD
                0x08002c28       0xc0 ..\obj\stm32_ub_lcd_ili9341.o
                0x08002c28                P_LCD9341_InitLTCD
 .text.P_LCD9341_CS
                0x08002ce8       0x38 ..\obj\stm32_ub_lcd_ili9341.o
                0x08002ce8                P_LCD9341_CS
 .text.P_LCD9341_WRX
                0x08002d20       0x38 ..\obj\stm32_ub_lcd_ili9341.o
                0x08002d20                P_LCD9341_WRX
 .text.P_LCD9341_InitChip
                0x08002d58      0x368 ..\obj\stm32_ub_lcd_ili9341.o
                0x08002d58                P_LCD9341_InitChip
 .text.P_LCD9341_CMD
                0x080030c0       0x3c ..\obj\stm32_ub_lcd_ili9341.o
                0x080030c0                P_LCD9341_CMD
 .text.P_LCD9341_DATA
                0x080030fc       0x3c ..\obj\stm32_ub_lcd_ili9341.o
                0x080030fc                P_LCD9341_DATA
 .text.P_LCD9341_AFConfig
                0x08003138      0x270 ..\obj\stm32_ub_lcd_ili9341.o
                0x08003138                P_LCD9341_AFConfig
 .text.P_LCD9341_Delay
                0x080033a8       0x2c ..\obj\stm32_ub_lcd_ili9341.o
                0x080033a8                P_LCD9341_Delay
 .text.GPIO_Init
                0x080033d4      0x144 ..\obj\stm32f4xx_gpio.o
                0x080033d4                GPIO_Init
 .text.GPIO_PinAFConfig
                0x08003518       0xa8 ..\obj\stm32f4xx_gpio.o
                0x08003518                GPIO_PinAFConfig
 .text.SystemInit
                0x080035c0       0xb0 ..\obj\system_stm32f4xx.o
                0x080035c0                SystemInit
 .text.SetSysClock
                0x08003670      0x1e0 ..\obj\system_stm32f4xx.o
 .text.UB_SPI5_Init
                0x08003850      0x270 ..\obj\stm32_ub_spi5.o
                0x08003850                UB_SPI5_Init
 .text.UB_SPI5_SendByte
                0x08003ac0       0x70 ..\obj\stm32_ub_spi5.o
                0x08003ac0                UB_SPI5_SendByte
 .text.FMC_SDRAMInit
                0x08003b30      0x1b8 ..\obj\stm32f4xx_fmc.o
                0x08003b30                FMC_SDRAMInit
 .text.FMC_SDRAMCmdConfig
                0x08003ce8       0x48 ..\obj\stm32f4xx_fmc.o
                0x08003ce8                FMC_SDRAMCmdConfig
 .text.FMC_SetRefreshCount
                0x08003d30       0x30 ..\obj\stm32f4xx_fmc.o
                0x08003d30                FMC_SetRefreshCount
 .text.FMC_GetFlagStatus
                0x08003d60       0x8c ..\obj\stm32f4xx_fmc.o
                0x08003d60                FMC_GetFlagStatus
 .text.SPI_I2S_DeInit
                0x08003dec      0x100 ..\obj\stm32f4xx_spi.o
                0x08003dec                SPI_I2S_DeInit
 .text.SPI_Init
                0x08003eec       0x88 ..\obj\stm32f4xx_spi.o
                0x08003eec                SPI_Init
 .text.SPI_Cmd  0x08003f74       0x40 ..\obj\stm32f4xx_spi.o
                0x08003f74                SPI_Cmd
 .text.SPI_I2S_ReceiveData
                0x08003fb4       0x1c ..\obj\stm32f4xx_spi.o
                0x08003fb4                SPI_I2S_ReceiveData
 .text.SPI_I2S_SendData
                0x08003fd0       0x1c ..\obj\stm32f4xx_spi.o
                0x08003fd0                SPI_I2S_SendData
 .text.SPI_I2S_GetFlagStatus
                0x08003fec       0x40 ..\obj\stm32f4xx_spi.o
                0x08003fec                SPI_I2S_GetFlagStatus
 .text.I2C_DeInit
                0x0800402c       0x88 ..\obj\stm32f4xx_i2c.o
                0x0800402c                I2C_DeInit
 .text.I2C_Init
                0x080040b4      0x1ac ..\obj\stm32f4xx_i2c.o
                0x080040b4                I2C_Init
 .text.I2C_Cmd  0x08004260       0x40 ..\obj\stm32f4xx_i2c.o
                0x08004260                I2C_Cmd
 .text.I2C_GenerateSTART
                0x080042a0       0x40 ..\obj\stm32f4xx_i2c.o
                0x080042a0                I2C_GenerateSTART
 .text.I2C_GenerateSTOP
                0x080042e0       0x40 ..\obj\stm32f4xx_i2c.o
                0x080042e0                I2C_GenerateSTOP
 .text.I2C_Send7bitAddress
                0x08004320       0x3c ..\obj\stm32f4xx_i2c.o
                0x08004320                I2C_Send7bitAddress
 .text.I2C_AcknowledgeConfig
                0x0800435c       0x40 ..\obj\stm32f4xx_i2c.o
                0x0800435c                I2C_AcknowledgeConfig
 .text.I2C_SoftwareResetCmd
                0x0800439c       0x48 ..\obj\stm32f4xx_i2c.o
                0x0800439c                I2C_SoftwareResetCmd
 .text.I2C_SendData
                0x080043e4       0x20 ..\obj\stm32f4xx_i2c.o
                0x080043e4                I2C_SendData
 .text.I2C_ReceiveData
                0x08004404       0x1c ..\obj\stm32f4xx_i2c.o
                0x08004404                I2C_ReceiveData
 .text.I2C_GetFlagStatus
                0x08004420       0x78 ..\obj\stm32f4xx_i2c.o
                0x08004420                I2C_GetFlagStatus
 .text.NVIC_EnableIRQ
                0x08004498       0x38 ..\obj\GUIDRV_stm32f429i_discovery.o
 .text.NVIC_SetPriority
                0x080044d0       0x5c ..\obj\GUIDRV_stm32f429i_discovery.o
 .text._GetPixelformat
                0x0800452c       0xd4 ..\obj\GUIDRV_stm32f429i_discovery.o
 .text._GetBytesPerLine
                0x08004600       0x38 ..\obj\GUIDRV_stm32f429i_discovery.o
 .text._LTDC_LayerEnableColorKeying
                0x08004638       0x44 ..\obj\GUIDRV_stm32f429i_discovery.o
 .text._LTDC_LayerEnableLUT
                0x0800467c       0x44 ..\obj\GUIDRV_stm32f429i_discovery.o
 .text._LTDC_SetLayerPos
                0x080046c0       0xd0 ..\obj\GUIDRV_stm32f429i_discovery.o
 .text._LTDC_SetLayerAlpha
                0x08004790       0x54 ..\obj\GUIDRV_stm32f429i_discovery.o
 .text._LTDC_SetLUTEntry
                0x080047e4       0x84 ..\obj\GUIDRV_stm32f429i_discovery.o
 .text._DMA_Copy
                0x08004868       0xac ..\obj\GUIDRV_stm32f429i_discovery.o
 .text._DMA_Fill
                0x08004914       0xa4 ..\obj\GUIDRV_stm32f429i_discovery.o
 .text._LCD_DisplayOn
                0x080049b8       0x10 ..\obj\GUIDRV_stm32f429i_discovery.o
 .text._LCD_InitController
                0x080049c8      0x2a4 ..\obj\GUIDRV_stm32f429i_discovery.o
 .text._GetBufferSize
                0x08004c6c       0x4c ..\obj\GUIDRV_stm32f429i_discovery.o
 .text._LCD_CopyBuffer
                0x08004cb8       0x80 ..\obj\GUIDRV_stm32f429i_discovery.o
 .text._LCD_CopyRect
                0x08004d38       0xec ..\obj\GUIDRV_stm32f429i_discovery.o
 .text._LCD_FillRect
                0x08004e24       0xe8 ..\obj\GUIDRV_stm32f429i_discovery.o
 .text.DMA2D_ISR_Handler
                0x08004f0c       0x18 ..\obj\GUIDRV_stm32f429i_discovery.o
                0x08004f0c                DMA2D_ISR_Handler
 .text.LTDC_ISR_Handler
                0x08004f24      0x11c ..\obj\GUIDRV_stm32f429i_discovery.o
                0x08004f24                LTDC_ISR_Handler
 .text.LCD_X_DisplayDriver
                0x08005040      0x21c ..\obj\GUIDRV_stm32f429i_discovery.o
                0x08005040                LCD_X_DisplayDriver
 .text.LCD_X_Config
                0x0800525c       0xe4 ..\obj\GUIDRV_stm32f429i_discovery.o
                0x0800525c                LCD_X_Config
 .text.UB_Touch_Init
                0x08005340       0x4c ..\obj\stm32_ub_touch_stmpe811.o
                0x08005340                UB_Touch_Init
 .text.UB_Touch_Read
                0x0800538c      0x148 ..\obj\stm32_ub_touch_stmpe811.o
                0x0800538c                UB_Touch_Read
 .text.P_Touch_Reset
                0x080054d4       0x34 ..\obj\stm32_ub_touch_stmpe811.o
                0x080054d4                P_Touch_Reset
 .text.P_Touch_FnctCmd
                0x08005508       0x74 ..\obj\stm32_ub_touch_stmpe811.o
                0x08005508                P_Touch_FnctCmd
 .text.P_Touch_Config
                0x0800557c       0xf4 ..\obj\stm32_ub_touch_stmpe811.o
                0x0800557c                P_Touch_Config
 .text.P_Touch_ReadID
                0x08005670       0x6c ..\obj\stm32_ub_touch_stmpe811.o
                0x08005670                P_Touch_ReadID
 .text.P_Touch_IOAFConfig
                0x080056dc       0x74 ..\obj\stm32_ub_touch_stmpe811.o
                0x080056dc                P_Touch_IOAFConfig
 .text.P_Touch_Read_X
                0x08005750       0x7c ..\obj\stm32_ub_touch_stmpe811.o
 .text.P_Touch_Read_Y
                0x080057cc       0x60 ..\obj\stm32_ub_touch_stmpe811.o
 .text.P_Touch_Read_16b
                0x0800582c       0x74 ..\obj\stm32_ub_touch_stmpe811.o
                0x0800582c                P_Touch_Read_16b
 .text.GUI_X_GetTime
                0x080058a0       0x18 ..\obj\GUI_X.o
                0x080058a0                GUI_X_GetTime
 .text.GUI_X_Init
                0x080058b8        0xc ..\obj\GUI_X.o
                0x080058b8                GUI_X_Init
 .text.WIDGET_SetEffect
                0x080058c4       0x18 ..\..\..\emWin\lib_stemwin522_cm4_gcc.a(WIDGET_SetEffect.o)
                0x080058c4                WIDGET_SetEffect
 .text._DrawDownRect
                0x080058dc       0x38 ..\..\..\emWin\lib_stemwin522_cm4_gcc.a(WIDGET_Effect_Simple.o)
 .text._DrawUpRect
                0x08005914       0x38 ..\..\..\emWin\lib_stemwin522_cm4_gcc.a(WIDGET_Effect_Simple.o)
 .text._DrawDown
                0x0800594c       0x10 ..\..\..\emWin\lib_stemwin522_cm4_gcc.a(WIDGET_Effect_Simple.o)
 .text._DrawUp  0x0800595c       0x10 ..\..\..\emWin\lib_stemwin522_cm4_gcc.a(WIDGET_Effect_Simple.o)
 .text._DrawDown
                0x0800596c        0x2 ..\..\..\emWin\lib_stemwin522_cm4_gcc.a(WIDGET_Effect_None.o)
 .text._DrawUp  0x0800596e        0x2 ..\..\..\emWin\lib_stemwin522_cm4_gcc.a(WIDGET_Effect_None.o)
 .text._DrawDownRect
                0x08005970        0x2 ..\..\..\emWin\lib_stemwin522_cm4_gcc.a(WIDGET_Effect_None.o)
 .text._DrawUpRect
                0x08005972        0x2 ..\..\..\emWin\lib_stemwin522_cm4_gcc.a(WIDGET_Effect_None.o)
 .text._DrawFlat
                0x08005974        0x2 ..\..\..\emWin\lib_stemwin522_cm4_gcc.a(WIDGET_Effect_None.o)
 *fill*         0x08005976        0x2 00
 .text._DrawDownRect
                0x08005978       0xa8 ..\..\..\emWin\lib_stemwin522_cm4_gcc.a(WIDGET_Effect_3D.o)
 .text._DrawDown
                0x08005a20       0x10 ..\..\..\emWin\lib_stemwin522_cm4_gcc.a(WIDGET_Effect_3D.o)
 .text._DrawUpRect
                0x08005a30       0x74 ..\..\..\emWin\lib_stemwin522_cm4_gcc.a(WIDGET_Effect_3D.o)
 .text.WIDGET_EFFECT_3D_DrawUp
                0x08005aa4       0x10 ..\..\..\emWin\lib_stemwin522_cm4_gcc.a(WIDGET_Effect_3D.o)
                0x08005aa4                WIDGET_EFFECT_3D_DrawUp
 .text.TEXT_CreateIndirect
                0x08005ab4       0x3e ..\..\..\emWin\lib_stemwin522_cm4_gcc.a(TEXT_CreateIndirect.o)
                0x08005ab4                TEXT_CreateIndirect
 .text.TEXT_Callback
                0x08005af2       0xc4 ..\..\..\emWin\lib_stemwin522_cm4_gcc.a(TEXT.o)
                0x08005af2                TEXT_Callback
 *fill*         0x08005bb6        0x2 00
 .text.TEXT_CreateUser
                0x08005bb8       0x90 ..\..\..\emWin\lib_stemwin522_cm4_gcc.a(TEXT.o)
                0x08005bb8                TEXT_CreateUser
 .text.SLIDER_CreateIndirect
                0x08005c48       0x3a ..\..\..\emWin\lib_stemwin522_cm4_gcc.a(SLIDER_CreateIndirect.o)
                0x08005c48                SLIDER_CreateIndirect
 *fill*         0x08005c82        0x2 00
 .text.SLIDER_CreateUser
                0x08005c84       0x8c ..\..\..\emWin\lib_stemwin522_cm4_gcc.a(SLIDER.o)
                0x08005c84                SLIDER_CreateUser
 .text.SLIDER_Dec
                0x08005d10       0x3a ..\..\..\emWin\lib_stemwin522_cm4_gcc.a(SLIDER.o)
                0x08005d10                SLIDER_Dec
 .text.SLIDER_Inc
                0x08005d4a       0x3a ..\..\..\emWin\lib_stemwin522_cm4_gcc.a(SLIDER.o)
                0x08005d4a                SLIDER_Inc
 .text.SLIDER_SetValue
                0x08005d84       0x4a ..\..\..\emWin\lib_stemwin522_cm4_gcc.a(SLIDER.o)
                0x08005d84                SLIDER_SetValue
 .text.SLIDER_Callback
                0x08005dce      0x162 ..\..\..\emWin\lib_stemwin522_cm4_gcc.a(SLIDER.o)
                0x08005dce                SLIDER_Callback
 .text.SLIDER_SetRange
                0x08005f30       0x3a ..\..\..\emWin\lib_stemwin522_cm4_gcc.a(SLIDER.o)
                0x08005f30                SLIDER_SetRange
 .text.SLIDER_SetNumTicks
                0x08005f6a       0x26 ..\..\..\emWin\lib_stemwin522_cm4_gcc.a(SLIDER.o)
                0x08005f6a                SLIDER_SetNumTicks
 .text.SLIDER_GetValue
                0x08005f90       0x1c ..\..\..\emWin\lib_stemwin522_cm4_gcc.a(SLIDER.o)
                0x08005f90                SLIDER_GetValue
 .text.RADIO_SetText
                0x08005fac       0x4a ..\..\..\emWin\lib_stemwin522_cm4_gcc.a(RADIO_SetText.o)
                0x08005fac                RADIO_SetText
 .text.RADIO_CreateIndirect
                0x08005ff6       0x46 ..\..\..\emWin\lib_stemwin522_cm4_gcc.a(RADIO_CreateIndirect.o)
                0x08005ff6                RADIO_CreateIndirect
 .text.RADIO__GetButtonSize
                0x0800603c       0x2a ..\..\..\emWin\lib_stemwin522_cm4_gcc.a(RADIO.o)
                0x0800603c                RADIO__GetButtonSize
 .text.RADIO__SetValue
                0x08006066       0x40 ..\..\..\emWin\lib_stemwin522_cm4_gcc.a(RADIO.o)
                0x08006066                RADIO__SetValue
 *fill*         0x080060a6        0x2 00
 .text.RADIO_CreateUser
                0x080060a8       0xe8 ..\..\..\emWin\lib_stemwin522_cm4_gcc.a(RADIO.o)
                0x080060a8                RADIO_CreateUser
 .text.RADIO_SetValue
                0x08006190       0x3c ..\..\..\emWin\lib_stemwin522_cm4_gcc.a(RADIO.o)
                0x08006190                RADIO_SetValue
 .text.RADIO_AddValue
                0x080061cc       0x26 ..\..\..\emWin\lib_stemwin522_cm4_gcc.a(RADIO.o)
                0x080061cc                RADIO_AddValue
 .text.RADIO_Inc
                0x080061f2        0x6 ..\..\..\emWin\lib_stemwin522_cm4_gcc.a(RADIO.o)
                0x080061f2                RADIO_Inc
 .text.RADIO_Dec
                0x080061f8        0x8 ..\..\..\emWin\lib_stemwin522_cm4_gcc.a(RADIO.o)
                0x080061f8                RADIO_Dec
 .text.RADIO_Callback
                0x08006200      0x14e ..\..\..\emWin\lib_stemwin522_cm4_gcc.a(RADIO.o)
                0x08006200                RADIO_Callback
 .text.RADIO_GetValue
                0x0800634e       0x1e ..\..\..\emWin\lib_stemwin522_cm4_gcc.a(RADIO.o)
                0x0800634e                RADIO_GetValue
 .text.GUI_ARRAY__GethItem
                0x0800636c       0x2e ..\..\..\emWin\lib_stemwin522_cm4_gcc.a(GUI_ARRAY.o)
                0x0800636c                GUI_ARRAY__GethItem
 .text.GUI_ARRAY__GetpItemLocked
                0x0800639a       0x12 ..\..\..\emWin\lib_stemwin522_cm4_gcc.a(GUI_ARRAY.o)
                0x0800639a                GUI_ARRAY__GetpItemLocked
 .text.GUI_ARRAY_GetNumItems
                0x080063ac       0x1c ..\..\..\emWin\lib_stemwin522_cm4_gcc.a(GUI_ARRAY.o)
                0x080063ac                GUI_ARRAY_GetNumItems
 .text.GUI_ARRAY_AddItem
                0x080063c8       0x92 ..\..\..\emWin\lib_stemwin522_cm4_gcc.a(GUI_ARRAY.o)
                0x080063c8                GUI_ARRAY_AddItem
 .text.GUI_ARRAY_Delete
                0x0800645a       0x50 ..\..\..\emWin\lib_stemwin522_cm4_gcc.a(GUI_ARRAY.o)
                0x0800645a                GUI_ARRAY_Delete
 .text.GUI_ARRAY_SetItem
                0x080064aa       0xa4 ..\..\..\emWin\lib_stemwin522_cm4_gcc.a(GUI_ARRAY.o)
                0x080064aa                GUI_ARRAY_SetItem
 .text.GUI_ARRAY_GethItem
                0x0800654e       0x24 ..\..\..\emWin\lib_stemwin522_cm4_gcc.a(GUI_ARRAY.o)
                0x0800654e                GUI_ARRAY_GethItem
 .text.GUI_ARRAY_GetpItemLocked
                0x08006572       0x24 ..\..\..\emWin\lib_stemwin522_cm4_gcc.a(GUI_ARRAY.o)
                0x08006572                GUI_ARRAY_GetpItemLocked
 .text.GUI_ARRAY_Create
                0x08006596        0x6 ..\..\..\emWin\lib_stemwin522_cm4_gcc.a(GUI_ARRAY.o)
                0x08006596                GUI_ARRAY_Create
 .text.GRAPH_SCALE_SetTickDist
                0x0800659c       0x26 ..\..\..\emWin\lib_stemwin522_cm4_gcc.a(GRAPH_SCALE.o)
                0x0800659c                GRAPH_SCALE_SetTickDist
 .text.GRAPH_SCALE_SetPos
                0x080065c2       0x26 ..\..\..\emWin\lib_stemwin522_cm4_gcc.a(GRAPH_SCALE.o)
                0x080065c2                GRAPH_SCALE_SetPos
 .text._OnDelete
                0x080065e8       0x26 ..\..\..\emWin\lib_stemwin522_cm4_gcc.a(GRAPH_DATA_YT.o)
 .text._OnPaint
                0x0800660e       0xe4 ..\..\..\emWin\lib_stemwin522_cm4_gcc.a(GRAPH_DATA_YT.o)
 .text._InvalidateNewItem
                0x080066f2       0x64 ..\..\..\emWin\lib_stemwin522_cm4_gcc.a(GRAPH_DATA_YT.o)
 *fill*         0x08006756        0x2 00
 .text.GRAPH_DATA_YT_Create
                0x08006758       0x7c ..\..\..\emWin\lib_stemwin522_cm4_gcc.a(GRAPH_DATA_YT.o)
                0x08006758                GRAPH_DATA_YT_Create
 .text.GRAPH_DATA_YT_AddValue
                0x080067d4       0x34 ..\..\..\emWin\lib_stemwin522_cm4_gcc.a(GRAPH_DATA_YT.o)
                0x080067d4                GRAPH_DATA_YT_AddValue
 .text.GRAPH_DATA_YT_SetAlign
                0x08006808       0x26 ..\..\..\emWin\lib_stemwin522_cm4_gcc.a(GRAPH_DATA_YT.o)
                0x08006808                GRAPH_DATA_YT_SetAlign
 .text.GRAPH_DATA_YT_MirrorX
                0x0800682e       0x26 ..\..\..\emWin\lib_stemwin522_cm4_gcc.a(GRAPH_DATA_YT.o)
                0x0800682e                GRAPH_DATA_YT_MirrorX
 .text.GRAPH_CreateIndirect
                0x08006854       0x3a ..\..\..\emWin\lib_stemwin522_cm4_gcc.a(GRAPH_CreateIndirect.o)
                0x08006854                GRAPH_CreateIndirect
 .text._ManageScrollBars
                0x0800688e       0xc2 ..\..\..\emWin\lib_stemwin522_cm4_gcc.a(GRAPH.o)
 .text._OnScrollValueChanged
                0x08006950       0x38 ..\..\..\emWin\lib_stemwin522_cm4_gcc.a(GRAPH.o)
 .text.GRAPH_Callback
                0x08006988      0x502 ..\..\..\emWin\lib_stemwin522_cm4_gcc.a(GRAPH.o)
                0x08006988                GRAPH_Callback
 .text.GRAPH__InvalidateGraph
                0x08006e8a       0x5c ..\..\..\emWin\lib_stemwin522_cm4_gcc.a(GRAPH.o)
                0x08006e8a                GRAPH__InvalidateGraph
 .text.GRAPH__AddValue
                0x08006ee6       0x5c ..\..\..\emWin\lib_stemwin522_cm4_gcc.a(GRAPH.o)
                0x08006ee6                GRAPH__AddValue
 *fill*         0x08006f42        0x2 00
 .text.GRAPH_CreateUser
                0x08006f44       0x74 ..\..\..\emWin\lib_stemwin522_cm4_gcc.a(GRAPH.o)
                0x08006f44                GRAPH_CreateUser
 .text.GRAPH_AttachData
                0x08006fb8       0x44 ..\..\..\emWin\lib_stemwin522_cm4_gcc.a(GRAPH.o)
                0x08006fb8                GRAPH_AttachData
 .text.GRAPH_SetGridVis
                0x08006ffc       0x2e ..\..\..\emWin\lib_stemwin522_cm4_gcc.a(GRAPH.o)
                0x08006ffc                GRAPH_SetGridVis
 .text.GRAPH_SetGridDistX
                0x0800702a       0x2a ..\..\..\emWin\lib_stemwin522_cm4_gcc.a(GRAPH.o)
                0x0800702a                GRAPH_SetGridDistX
 .text.GRAPH_SetGridDistY
                0x08007054       0x2a ..\..\..\emWin\lib_stemwin522_cm4_gcc.a(GRAPH.o)
                0x08007054                GRAPH_SetGridDistY
 .text.GRAPH_SetBorder
                0x0800707e       0x3a ..\..\..\emWin\lib_stemwin522_cm4_gcc.a(GRAPH.o)
                0x0800707e                GRAPH_SetBorder
 .text.GRAPH_SetUserDraw
                0x080070b8       0x24 ..\..\..\emWin\lib_stemwin522_cm4_gcc.a(GRAPH.o)
                0x080070b8                GRAPH_SetUserDraw
 .text.GRAPH_SetVSizeX
                0x080070dc       0x3c ..\..\..\emWin\lib_stemwin522_cm4_gcc.a(GRAPH.o)
                0x080070dc                GRAPH_SetVSizeX
 .text.GRAPH_SetVSizeY
                0x08007118       0x3c ..\..\..\emWin\lib_stemwin522_cm4_gcc.a(GRAPH.o)
                0x08007118                GRAPH_SetVSizeY
 .text.GRAPH_SetGridFixedX
                0x08007154       0x3e ..\..\..\emWin\lib_stemwin522_cm4_gcc.a(GRAPH.o)
                0x08007154                GRAPH_SetGridFixedX
 .text.FRAMEWIN_SetTitleVis
                0x08007192       0xaa ..\..\..\emWin\lib_stemwin522_cm4_gcc.a(FRAMEWIN_SetTitleVis.o)
                0x08007192                FRAMEWIN_SetTitleVis
 .text.FRAMEWIN_CreateIndirect
                0x0800723c       0x42 ..\..\..\emWin\lib_stemwin522_cm4_gcc.a(FRAMEWIN_CreateIndirect.o)
                0x0800723c                FRAMEWIN_CreateIndirect
 .text._SetActive
                0x0800727e       0x38 ..\..\..\emWin\lib_stemwin522_cm4_gcc.a(FRAMEWIN.o)
 .text.FRAMEWIN__GetBorderSize
                0x080072b6       0x44 ..\..\..\emWin\lib_stemwin522_cm4_gcc.a(FRAMEWIN.o)
                0x080072b6                FRAMEWIN__GetBorderSize
 .text.FRAMEWIN__cbClient
                0x080072fa       0xec ..\..\..\emWin\lib_stemwin522_cm4_gcc.a(FRAMEWIN.o)
 .text.FRAMEWIN__CalcTitleHeight
                0x080073e6       0x1e ..\..\..\emWin\lib_stemwin522_cm4_gcc.a(FRAMEWIN.o)
                0x080073e6                FRAMEWIN__CalcTitleHeight
 .text.FRAMEWIN__GetTitleLimits
                0x08007404       0x90 ..\..\..\emWin\lib_stemwin522_cm4_gcc.a(FRAMEWIN.o)
                0x08007404                FRAMEWIN__GetTitleLimits
 .text.FRAMEWIN__CalcPositions
                0x08007494       0xde ..\..\..\emWin\lib_stemwin522_cm4_gcc.a(FRAMEWIN.o)
                0x08007494                FRAMEWIN__CalcPositions
 .text.FRAMEWIN__UpdatePositions
                0x08007572       0x70 ..\..\..\emWin\lib_stemwin522_cm4_gcc.a(FRAMEWIN.o)
                0x08007572                FRAMEWIN__UpdatePositions
 .text.FRAMEWIN_SetText
                0x080075e2       0x3c ..\..\..\emWin\lib_stemwin522_cm4_gcc.a(FRAMEWIN.o)
                0x080075e2                FRAMEWIN_SetText
 *fill*         0x0800761e        0x2 00
 .text.FRAMEWIN_CreateUser
                0x08007620       0xf4 ..\..\..\emWin\lib_stemwin522_cm4_gcc.a(FRAMEWIN.o)
                0x08007620                FRAMEWIN_CreateUser
 .text.FRAMEWIN_SetActive
                0x08007714        0x8 ..\..\..\emWin\lib_stemwin522_cm4_gcc.a(FRAMEWIN.o)
                0x08007714                FRAMEWIN_SetActive
 .text.FRAMEWIN_Callback
                0x0800771c      0x278 ..\..\..\emWin\lib_stemwin522_cm4_gcc.a(FRAMEWIN.o)
                0x0800771c                FRAMEWIN_Callback
 .text.DIALOG_GetBkColor
                0x08007994        0xc ..\..\..\emWin\lib_stemwin522_cm4_gcc.a(DIALOG.o)
                0x08007994                DIALOG_GetBkColor
 .text.GUI_CreateDialogBox
                0x080079a0       0x9e ..\..\..\emWin\lib_stemwin522_cm4_gcc.a(DIALOG.o)
                0x080079a0                GUI_CreateDialogBox
 .text.CHECKBOX_SetText
                0x08007a3e       0x44 ..\..\..\emWin\lib_stemwin522_cm4_gcc.a(CHECKBOX_SetText.o)
                0x08007a3e                CHECKBOX_SetText
 .text.CHECKBOX_SetState
                0x08007a82       0x3a ..\..\..\emWin\lib_stemwin522_cm4_gcc.a(CHECKBOX_SetState.o)
                0x08007a82                CHECKBOX_SetState
 .text.CHECKBOX_IsChecked
                0x08007abc        0xe ..\..\..\emWin\lib_stemwin522_cm4_gcc.a(CHECKBOX_IsChecked.o)
                0x08007abc                CHECKBOX_IsChecked
 .text.CHECKBOX_GetState
                0x08007aca       0x1e ..\..\..\emWin\lib_stemwin522_cm4_gcc.a(CHECKBOX_GetState.o)
                0x08007aca                CHECKBOX_GetState
 .text.CHECKBOX_CreateIndirect
                0x08007ae8       0x3a ..\..\..\emWin\lib_stemwin522_cm4_gcc.a(CHECKBOX_CreateIndirect.o)
                0x08007ae8                CHECKBOX_CreateIndirect
 *fill*         0x08007b22        0x2 00
 .text.CHECKBOX__GetButtonSize
                0x08007b24       0x28 ..\..\..\emWin\lib_stemwin522_cm4_gcc.a(CHECKBOX.o)
                0x08007b24                CHECKBOX__GetButtonSize
 .text.CHECKBOX_Callback
                0x08007b4c      0x120 ..\..\..\emWin\lib_stemwin522_cm4_gcc.a(CHECKBOX.o)
                0x08007b4c                CHECKBOX_Callback
 .text.CHECKBOX_CreateUser
                0x08007c6c       0xbc ..\..\..\emWin\lib_stemwin522_cm4_gcc.a(CHECKBOX.o)
                0x08007c6c                CHECKBOX_CreateUser
 .text.BUTTON_CreateIndirect
                0x08007d28       0x46 ..\..\..\emWin\lib_stemwin522_cm4_gcc.a(BUTTON_CreateIndirect.o)
                0x08007d28                BUTTON_CreateIndirect
 .text._OnButtonPressed
                0x08007d6e       0x2e ..\..\..\emWin\lib_stemwin522_cm4_gcc.a(BUTTON.o)
 .text._OnButtonReleased
                0x08007d9c       0x3c ..\..\..\emWin\lib_stemwin522_cm4_gcc.a(BUTTON.o)
 .text._OnTouchDefault
                0x08007dd8       0x40 ..\..\..\emWin\lib_stemwin522_cm4_gcc.a(BUTTON.o)
 .text.BUTTON_Callback
                0x08007e18       0xdc ..\..\..\emWin\lib_stemwin522_cm4_gcc.a(BUTTON.o)
                0x08007e18                BUTTON_Callback
 .text.BUTTON_CreateUser
                0x08007ef4       0x70 ..\..\..\emWin\lib_stemwin522_cm4_gcc.a(BUTTON.o)
                0x08007ef4                BUTTON_CreateUser
 .text.BUTTON_SetText
                0x08007f64       0x50 ..\..\..\emWin\lib_stemwin522_cm4_gcc.a(BUTTON.o)
                0x08007f64                BUTTON_SetText
 .text.WM__SendMessage
                0x08007fb4       0x3c ..\..\..\emWin\lib_stemwin522_cm4_gcc.a(WM__SendMessage.o)
                0x08007fb4                WM__SendMessage
 .text.WM__IsEnabled
                0x08007ff0       0x12 ..\..\..\emWin\lib_stemwin522_cm4_gcc.a(WM__IsEnabled.o)
                0x08007ff0                WM__IsEnabled
 .text.WM__IsAncestor
                0x08008002       0x22 ..\..\..\emWin\lib_stemwin522_cm4_gcc.a(WM__IsAncestor.o)
                0x08008002                WM__IsAncestor
 .text.WM__IsAncestorOrSelf
                0x08008024        0xc ..\..\..\emWin\lib_stemwin522_cm4_gcc.a(WM__IsAncestor.o)
                0x08008024                WM__IsAncestorOrSelf
 .text.WM_SetStayOnTop
                0x08008030       0x44 ..\..\..\emWin\lib_stemwin522_cm4_gcc.a(WM_StayOnTop.o)
                0x08008030                WM_SetStayOnTop
 .text.WM_InvalidateWindowAndDescs
                0x08008074       0x26 ..\..\..\emWin\lib_stemwin522_cm4_gcc.a(WM_Show.o)
                0x08008074                WM_InvalidateWindowAndDescs
 .text.WM_ShowWindow
                0x0800809a       0x26 ..\..\..\emWin\lib_stemwin522_cm4_gcc.a(WM_Show.o)
                0x0800809a                WM_ShowWindow
 .text.WM_SetWindowPos
                0x080080c0       0x1e ..\..\..\emWin\lib_stemwin522_cm4_gcc.a(WM_SetWindowPos.o)
                0x080080c0                WM_SetWindowPos
 *fill*         0x080080de        0x2 00
 .text.WM_SetUserClipRect
                0x080080e0       0x18 ..\..\..\emWin\lib_stemwin522_cm4_gcc.a(WM_SetUserClipRect.o)
                0x080080e0                WM_SetUserClipRect
 .text.WM_GetHasTrans
                0x080080f8       0x12 ..\..\..\emWin\lib_stemwin522_cm4_gcc.a(WM_SetTrans.o)
                0x080080f8                WM_GetHasTrans
 .text.WM_SetSize
                0x0800810a       0x48 ..\..\..\emWin\lib_stemwin522_cm4_gcc.a(WM_SetSize.o)
                0x0800810a                WM_SetSize
 .text._SetScrollbar
                0x08008152       0x32 ..\..\..\emWin\lib_stemwin522_cm4_gcc.a(WM_SetScrollbar.o)
 .text.WM__SetScrollbarV
                0x08008184        0x8 ..\..\..\emWin\lib_stemwin522_cm4_gcc.a(WM_SetScrollbar.o)
                0x08008184                WM__SetScrollbarV
 .text.WM__SetScrollbarH
                0x0800818c        0x8 ..\..\..\emWin\lib_stemwin522_cm4_gcc.a(WM_SetScrollbar.o)
                0x0800818c                WM__SetScrollbarH
 .text.WM_SetScrollbarH
                0x08008194        0x4 ..\..\..\emWin\lib_stemwin522_cm4_gcc.a(WM_SetScrollbar.o)
                0x08008194                WM_SetScrollbarH
 .text.WM_SetScrollbarV
                0x08008198        0x4 ..\..\..\emWin\lib_stemwin522_cm4_gcc.a(WM_SetScrollbar.o)
                0x08008198                WM_SetScrollbarV
 .text._GetPrevChild
                0x0800819c       0x1e ..\..\..\emWin\lib_stemwin522_cm4_gcc.a(WM_SetFocusOnPrevChild.o)
 .text.WM_SetFocusOnPrevChild
                0x080081ba       0x3a ..\..\..\emWin\lib_stemwin522_cm4_gcc.a(WM_SetFocusOnPrevChild.o)
                0x080081ba                WM_SetFocusOnPrevChild
 .text._GetNextChild
                0x080081f4       0x26 ..\..\..\emWin\lib_stemwin522_cm4_gcc.a(WM_SetFocusOnNextChild.o)
 *fill*         0x0800821a        0x2 00
 .text.WM_SetFocusOnNextChild
                0x0800821c       0x64 ..\..\..\emWin\lib_stemwin522_cm4_gcc.a(WM_SetFocusOnNextChild.o)
                0x0800821c                WM_SetFocusOnNextChild
 .text.WM_SetFocus
                0x08008280       0x9c ..\..\..\emWin\lib_stemwin522_cm4_gcc.a(WM_SetFocus.o)
                0x08008280                WM_SetFocus
 .text.WM_SetDesktopColorEx
                0x0800831c       0x2c ..\..\..\emWin\lib_stemwin522_cm4_gcc.a(WM_SetDesktopColor.o)
                0x0800831c                WM_SetDesktopColorEx
 .text.WM_SetDesktopColor
                0x08008348       0x10 ..\..\..\emWin\lib_stemwin522_cm4_gcc.a(WM_SetDesktopColor.o)
                0x08008348                WM_SetDesktopColor
 .text.WM_SetCreateFlags
                0x08008358       0x10 ..\..\..\emWin\lib_stemwin522_cm4_gcc.a(WM_SetCreateFlags.o)
                0x08008358                WM_SetCreateFlags
 .text.WM_SetCaptureMove
                0x08008368       0x9c ..\..\..\emWin\lib_stemwin522_cm4_gcc.a(WM_SetCaptureMove.o)
                0x08008368                WM_SetCaptureMove
 .text.WM__ReleaseCapture
                0x08008404       0x34 ..\..\..\emWin\lib_stemwin522_cm4_gcc.a(WM_SetCapture.o)
 .text.WM_SetCapture
                0x08008438       0x34 ..\..\..\emWin\lib_stemwin522_cm4_gcc.a(WM_SetCapture.o)
                0x08008438                WM_SetCapture
 .text.WM_ReleaseCapture
                0x0800846c        0x4 ..\..\..\emWin\lib_stemwin522_cm4_gcc.a(WM_SetCapture.o)
                0x0800846c                WM_ReleaseCapture
 .text.WM_SendMessageNoPara
                0x08008470        0x4 ..\..\..\emWin\lib_stemwin522_cm4_gcc.a(WM_SendMessageNoPara.o)
                0x08008470                WM_SendMessageNoPara
 .text.WM_ResizeWindow
                0x08008474       0xf4 ..\..\..\emWin\lib_stemwin522_cm4_gcc.a(WM_ResizeWindow.o)
                0x08008474                WM_ResizeWindow
 .text.WM_NotifyParent
                0x08008568       0x12 ..\..\..\emWin\lib_stemwin522_cm4_gcc.a(WM_NotifyParent.o)
                0x08008568                WM_NotifyParent
 .text.WM_MoveChildTo
                0x0800857a       0x56 ..\..\..\emWin\lib_stemwin522_cm4_gcc.a(WM_MoveChildTo.o)
                0x0800857a                WM_MoveChildTo
 .text._MoveDescendents
                0x080085d0       0x6c ..\..\..\emWin\lib_stemwin522_cm4_gcc.a(WM_Move.o)
 .text.WM__MoveWindow
                0x0800863c       0xa4 ..\..\..\emWin\lib_stemwin522_cm4_gcc.a(WM_Move.o)
                0x0800863c                WM__MoveWindow
 .text.WM__MoveTo
                0x080086e0       0x32 ..\..\..\emWin\lib_stemwin522_cm4_gcc.a(WM_Move.o)
                0x080086e0                WM__MoveTo
 .text.WM_MoveWindow
                0x08008712        0x4 ..\..\..\emWin\lib_stemwin522_cm4_gcc.a(WM_Move.o)
                0x08008712                WM_MoveWindow
 .text.WM_MoveTo
                0x08008716        0x4 ..\..\..\emWin\lib_stemwin522_cm4_gcc.a(WM_Move.o)
                0x08008716                WM_MoveTo
 .text.WM_DisableMemdev
                0x0800871a       0x16 ..\..\..\emWin\lib_stemwin522_cm4_gcc.a(WM_MemDev.o)
                0x0800871a                WM_DisableMemdev
 .text.WM_IsWindow
                0x08008730        0x4 ..\..\..\emWin\lib_stemwin522_cm4_gcc.a(WM_IsWindow.o)
                0x08008730                WM_IsWindow
 .text.WM_IsFocussable
                0x08008734       0x1e ..\..\..\emWin\lib_stemwin522_cm4_gcc.a(WM_IsFocussable.o)
                0x08008734                WM_IsFocussable
 .text.WM_HideWindow
                0x08008752       0x2a ..\..\..\emWin\lib_stemwin522_cm4_gcc.a(WM_Hide.o)
                0x08008752                WM_HideWindow
 .text.WM_HasFocus
                0x0800877c       0x1c ..\..\..\emWin\lib_stemwin522_cm4_gcc.a(WM_HasFocus.o)
                0x0800877c                WM_HasFocus
 .text.WM_HasCaptured
                0x08008798       0x1c ..\..\..\emWin\lib_stemwin522_cm4_gcc.a(WM_HasCaptured.o)
                0x08008798                WM_HasCaptured
 .text.WM__GetWindowSizeX
                0x080087b4        0xe ..\..\..\emWin\lib_stemwin522_cm4_gcc.a(WM_GetWindowSize.o)
                0x080087b4                WM__GetWindowSizeX
 .text.WM__GetWindowSizeY
                0x080087c2        0xe ..\..\..\emWin\lib_stemwin522_cm4_gcc.a(WM_GetWindowSize.o)
                0x080087c2                WM__GetWindowSizeY
 .text.WM_GetWindowSizeX
                0x080087d0       0x28 ..\..\..\emWin\lib_stemwin522_cm4_gcc.a(WM_GetWindowSize.o)
                0x080087d0                WM_GetWindowSizeX
 .text.WM_GetWindowSizeY
                0x080087f8       0x28 ..\..\..\emWin\lib_stemwin522_cm4_gcc.a(WM_GetWindowSize.o)
                0x080087f8                WM_GetWindowSizeY
 .text.WM_GetWindowRect
                0x08008820       0x28 ..\..\..\emWin\lib_stemwin522_cm4_gcc.a(WM_GetWindowRect.o)
                0x08008820                WM_GetWindowRect
 .text.WM_GetWindowRectEx
                0x08008848       0x16 ..\..\..\emWin\lib_stemwin522_cm4_gcc.a(WM_GetWindowRect.o)
                0x08008848                WM_GetWindowRectEx
 .text._GetDialogItem
                0x0800885e       0x46 ..\..\..\emWin\lib_stemwin522_cm4_gcc.a(WM_GetScrollbar.o)
 .text.WM_GetScrollbarH
                0x080088a4        0xa ..\..\..\emWin\lib_stemwin522_cm4_gcc.a(WM_GetScrollbar.o)
                0x080088a4                WM_GetScrollbarH
 .text.WM_GetScrollbarV
                0x080088ae        0xa ..\..\..\emWin\lib_stemwin522_cm4_gcc.a(WM_GetScrollbar.o)
                0x080088ae                WM_GetScrollbarV
 .text.WM_GetParent
                0x080088b8       0x10 ..\..\..\emWin\lib_stemwin522_cm4_gcc.a(WM_GetParent.o)
                0x080088b8                WM_GetParent
 .text.WM_GetWindowOrgX
                0x080088c8       0x10 ..\..\..\emWin\lib_stemwin522_cm4_gcc.a(WM_GetOrg.o)
                0x080088c8                WM_GetWindowOrgX
 .text.WM_GetWindowOrgY
                0x080088d8       0x10 ..\..\..\emWin\lib_stemwin522_cm4_gcc.a(WM_GetOrg.o)
                0x080088d8                WM_GetWindowOrgY
 .text.WM_GetOrgX
                0x080088e8       0x10 ..\..\..\emWin\lib_stemwin522_cm4_gcc.a(WM_GetOrg.o)
                0x080088e8                WM_GetOrgX
 .text.WM_GetOrgY
                0x080088f8       0x10 ..\..\..\emWin\lib_stemwin522_cm4_gcc.a(WM_GetOrg.o)
                0x080088f8                WM_GetOrgY
 .text.WM_GetNextSibling
                0x08008908       0x10 ..\..\..\emWin\lib_stemwin522_cm4_gcc.a(WM_GetNextSibling.o)
                0x08008908                WM_GetNextSibling
 .text.WM_GetInvalidRect
                0x08008918       0x22 ..\..\..\emWin\lib_stemwin522_cm4_gcc.a(WM_GetInvalidRect.o)
                0x08008918                WM_GetInvalidRect
 .text.WM_GetInsideRectExScrollbar
                0x0800893a       0xa8 ..\..\..\emWin\lib_stemwin522_cm4_gcc.a(WM_GetInsideRectExScrollbar.o)
                0x0800893a                WM_GetInsideRectExScrollbar
 .text.WM_GetInsideRectEx
                0x080089e2       0x16 ..\..\..\emWin\lib_stemwin522_cm4_gcc.a(WM_GetInsideRect.o)
                0x080089e2                WM_GetInsideRectEx
 .text.WM_GetInsideRect
                0x080089f8       0x10 ..\..\..\emWin\lib_stemwin522_cm4_gcc.a(WM_GetInsideRect.o)
                0x080089f8                WM_GetInsideRect
 .text.WM_GetId
                0x08008a08       0x20 ..\..\..\emWin\lib_stemwin522_cm4_gcc.a(WM_GetId.o)
                0x08008a08                WM_GetId
 .text.WM_GetFocussedWindow
                0x08008a28       0x14 ..\..\..\emWin\lib_stemwin522_cm4_gcc.a(WM_GetFocussedWindow.o)
                0x08008a28                WM_GetFocussedWindow
 .text.WM_GetFlags
                0x08008a3c        0xe ..\..\..\emWin\lib_stemwin522_cm4_gcc.a(WM_GetFlags.o)
                0x08008a3c                WM_GetFlags
 .text.WM_GetFirstChild
                0x08008a4a       0x10 ..\..\..\emWin\lib_stemwin522_cm4_gcc.a(WM_GetFirstChild.o)
                0x08008a4a                WM_GetFirstChild
 .text._GetDialogItem
                0x08008a5a       0x3c ..\..\..\emWin\lib_stemwin522_cm4_gcc.a(WM_GetDialogItem.o)
 .text.WM_GetDialogItem
                0x08008a96        0x8 ..\..\..\emWin\lib_stemwin522_cm4_gcc.a(WM_GetDialogItem.o)
                0x08008a96                WM_GetDialogItem
 *fill*         0x08008a9e        0x2 00
 .text.WM_GetDesktopWindow
                0x08008aa0       0x18 ..\..\..\emWin\lib_stemwin522_cm4_gcc.a(WM_GetDesktopWindow.o)
                0x08008aa0                WM_GetDesktopWindow
 .text.WM_GetClientWindow
                0x08008ab8       0x1a ..\..\..\emWin\lib_stemwin522_cm4_gcc.a(WM_GetClientWindow.o)
                0x08008ab8                WM_GetClientWindow
 .text.WM__GetClientRectEx
                0x08008ad2       0x20 ..\..\..\emWin\lib_stemwin522_cm4_gcc.a(WM_GetClientRect.o)
                0x08008ad2                WM__GetClientRectEx
 *fill*         0x08008af2        0x2 00
 .text.WM_GetClientRect
                0x08008af4       0x1c ..\..\..\emWin\lib_stemwin522_cm4_gcc.a(WM_GetClientRect.o)
                0x08008af4                WM_GetClientRect
 .text.WM_GetBkColor
                0x08008b10       0x1e ..\..\..\emWin\lib_stemwin522_cm4_gcc.a(WM_GetBkColor.o)
                0x08008b10                WM_GetBkColor
 .text.WM_ForEachDesc
                0x08008b2e        0x4 ..\..\..\emWin\lib_stemwin522_cm4_gcc.a(WM_ForEachDesc.o)
                0x08008b2e                WM_ForEachDesc
 .text.WM_CheckScrollBounds
                0x08008b32       0x1e ..\..\..\emWin\lib_stemwin522_cm4_gcc.a(WM_CheckScrollPos.o)
                0x08008b32                WM_CheckScrollBounds
 .text._cbInvalidateOne
                0x08008b50        0x4 ..\..\..\emWin\lib_stemwin522_cm4_gcc.a(WM_BringToTop.o)
 .text.WM_BringToTop
                0x08008b54       0x74 ..\..\..\emWin\lib_stemwin522_cm4_gcc.a(WM_BringToTop.o)
                0x08008b54                WM_BringToTop
 .text.WM_DetachWindow
                0x08008bc8       0x4e ..\..\..\emWin\lib_stemwin522_cm4_gcc.a(WM_AttachWindow.o)
                0x08008bc8                WM_DetachWindow
 .text.WM_AttachWindow
                0x08008c16       0x68 ..\..\..\emWin\lib_stemwin522_cm4_gcc.a(WM_AttachWindow.o)
                0x08008c16                WM_AttachWindow
 *fill*         0x08008c7e        0x2 00
 .text._OnExit  0x08008c80       0x50 ..\..\..\emWin\lib_stemwin522_cm4_gcc.a(WM.o)
 .text._Paint1  0x08008cd0       0x24 ..\..\..\emWin\lib_stemwin522_cm4_gcc.a(WM.o)
 .text._Paint1Trans
                0x08008cf4       0x94 ..\..\..\emWin\lib_stemwin522_cm4_gcc.a(WM.o)
 .text._PaintTransChildren
                0x08008d88       0xac ..\..\..\emWin\lib_stemwin522_cm4_gcc.a(WM.o)
 .text._Findy1  0x08008e34       0xac ..\..\..\emWin\lib_stemwin522_cm4_gcc.a(WM.o)
 .text._Findx0  0x08008ee0       0x8a ..\..\..\emWin\lib_stemwin522_cm4_gcc.a(WM.o)
 .text._Findx1  0x08008f6a       0x76 ..\..\..\emWin\lib_stemwin522_cm4_gcc.a(WM.o)
 .text.WM__PaintWinAndOverlays
                0x08008fe0       0x74 ..\..\..\emWin\lib_stemwin522_cm4_gcc.a(WM.o)
 .text._cbPaintMemDev
                0x08009054       0x58 ..\..\..\emWin\lib_stemwin522_cm4_gcc.a(WM.o)
 .text.WM__ClipAtParentBorders
                0x080090ac       0x60 ..\..\..\emWin\lib_stemwin522_cm4_gcc.a(WM.o)
                0x080090ac                WM__ClipAtParentBorders
 .text.WM__InsertWindowIntoList
                0x0800910c       0x9c ..\..\..\emWin\lib_stemwin522_cm4_gcc.a(WM.o)
                0x0800910c                WM__InsertWindowIntoList
 .text.WM__RemoveWindowFromList
                0x080091a8       0x3c ..\..\..\emWin\lib_stemwin522_cm4_gcc.a(WM.o)
                0x080091a8                WM__RemoveWindowFromList
 .text.WM__Client2Screen
                0x080091e4       0x10 ..\..\..\emWin\lib_stemwin522_cm4_gcc.a(WM.o)
                0x080091e4                WM__Client2Screen
 .text._SetClipRectUserIntersect
                0x080091f4       0x50 ..\..\..\emWin\lib_stemwin522_cm4_gcc.a(WM.o)
 .text.WM__ActivateClipRect
                0x08009244       0x48 ..\..\..\emWin\lib_stemwin522_cm4_gcc.a(WM.o)
                0x08009244                WM__ActivateClipRect
 .text.WM__IsWindow
                0x0800928c       0x20 ..\..\..\emWin\lib_stemwin522_cm4_gcc.a(WM.o)
                0x0800928c                WM__IsWindow
 .text.WM__InvalidateDrawAndDescs
                0x080092ac       0x42 ..\..\..\emWin\lib_stemwin522_cm4_gcc.a(WM.o)
                0x080092ac                WM__InvalidateDrawAndDescs
 *fill*         0x080092ee        0x2 00
 .text.WM__RemoveFromLinList
                0x080092f0       0x28 ..\..\..\emWin\lib_stemwin522_cm4_gcc.a(WM.o)
                0x080092f0                WM__RemoveFromLinList
 .text.WM__RectIsNZ
                0x08009318       0x22 ..\..\..\emWin\lib_stemwin522_cm4_gcc.a(WM.o)
                0x08009318                WM__RectIsNZ
 *fill*         0x0800933a        0x2 00
 .text._Invalidate1Abs
                0x0800933c       0x88 ..\..\..\emWin\lib_stemwin522_cm4_gcc.a(WM.o)
 .text.WM_InvalidateWindowAndDescsEx
                0x080093c4       0x5c ..\..\..\emWin\lib_stemwin522_cm4_gcc.a(WM.o)
                0x080093c4                WM_InvalidateWindowAndDescsEx
 .text.WM__InvalidateRect
                0x08009420       0x76 ..\..\..\emWin\lib_stemwin522_cm4_gcc.a(WM.o)
                0x08009420                WM__InvalidateRect
 .text.WM__InvalidateRectEx
                0x08009496        0x6 ..\..\..\emWin\lib_stemwin522_cm4_gcc.a(WM.o)
                0x08009496                WM__InvalidateRectEx
 .text.WM__DetachWindow
                0x0800949c       0x28 ..\..\..\emWin\lib_stemwin522_cm4_gcc.a(WM.o)
                0x0800949c                WM__DetachWindow
 .text.WM__InvalidateParent
                0x080094c4       0x2a ..\..\..\emWin\lib_stemwin522_cm4_gcc.a(WM.o)
                0x080094c4                WM__InvalidateParent
 .text.WM__Invalidate1Abs
                0x080094ee        0x6 ..\..\..\emWin\lib_stemwin522_cm4_gcc.a(WM.o)
                0x080094ee                WM__Invalidate1Abs
 .text.WM_SendMessage
                0x080094f4        0x8 ..\..\..\emWin\lib_stemwin522_cm4_gcc.a(WM.o)
                0x080094f4                WM_SendMessage
 .text.WM__SendMsgNoData
                0x080094fc       0x14 ..\..\..\emWin\lib_stemwin522_cm4_gcc.a(WM.o)
                0x080094fc                WM__SendMsgNoData
 .text.WM__GetClientRectWin
                0x08009510       0x18 ..\..\..\emWin\lib_stemwin522_cm4_gcc.a(WM.o)
                0x08009510                WM__GetClientRectWin
 .text.WM_InvalidateRect
                0x08009528       0x78 ..\..\..\emWin\lib_stemwin522_cm4_gcc.a(WM.o)
                0x08009528                WM_InvalidateRect
 .text.WM_InvalidateWindow
                0x080095a0        0x6 ..\..\..\emWin\lib_stemwin522_cm4_gcc.a(WM.o)
                0x080095a0                WM_InvalidateWindow
 *fill*         0x080095a6        0x2 00
 .text.WM__GetTopLevelLayer
                0x080095a8       0x28 ..\..\..\emWin\lib_stemwin522_cm4_gcc.a(WM.o)
                0x080095a8                WM__GetTopLevelLayer
 .text.WM__SelectTopLevelLayer
                0x080095d0       0x14 ..\..\..\emWin\lib_stemwin522_cm4_gcc.a(WM.o)
                0x080095d0                WM__SelectTopLevelLayer
 .text.WM_SelectWindow
                0x080095e4       0x40 ..\..\..\emWin\lib_stemwin522_cm4_gcc.a(WM.o)
                0x080095e4                WM_SelectWindow
 .text.WM_DeleteWindow
                0x08009624       0xf4 ..\..\..\emWin\lib_stemwin522_cm4_gcc.a(WM.o)
                0x08009624                WM_DeleteWindow
 .text.WM_CreateWindowAsChild
                0x08009718      0x160 ..\..\..\emWin\lib_stemwin522_cm4_gcc.a(WM.o)
                0x08009718                WM_CreateWindowAsChild
 .text.WM_GetActiveWindow
                0x08009878        0xc ..\..\..\emWin\lib_stemwin522_cm4_gcc.a(WM.o)
                0x08009878                WM_GetActiveWindow
 .text.WM__GetNextIVR
                0x08009884      0x180 ..\..\..\emWin\lib_stemwin522_cm4_gcc.a(WM.o)
                0x08009884                WM__GetNextIVR
 .text.WM__InitIVRSearch
                0x08009a04      0x100 ..\..\..\emWin\lib_stemwin522_cm4_gcc.a(WM.o)
                0x08009a04                WM__InitIVRSearch
 .text.WM_SetDefault
                0x08009b04       0x14 ..\..\..\emWin\lib_stemwin522_cm4_gcc.a(WM.o)
                0x08009b04                WM_SetDefault
 .text.WM__Paint1
                0x08009b18       0x90 ..\..\..\emWin\lib_stemwin522_cm4_gcc.a(WM.o)
                0x08009b18                WM__Paint1
 .text.WM__Paint
                0x08009ba8       0xb4 ..\..\..\emWin\lib_stemwin522_cm4_gcc.a(WM.o)
                0x08009ba8                WM__Paint
 .text.WM__DeleteSecure
                0x08009c5c       0x1c ..\..\..\emWin\lib_stemwin522_cm4_gcc.a(WM.o)
                0x08009c5c                WM__DeleteSecure
 .text.WM_Exec  0x08009c78      0x14c ..\..\..\emWin\lib_stemwin522_cm4_gcc.a(WM.o)
                0x08009c78                WM_Exec
 .text.WM_Activate
                0x08009dc4       0x10 ..\..\..\emWin\lib_stemwin522_cm4_gcc.a(WM.o)
                0x08009dc4                WM_Activate
 .text.WM_Deactivate
                0x08009dd4       0x14 ..\..\..\emWin\lib_stemwin522_cm4_gcc.a(WM.o)
                0x08009dd4                WM_Deactivate
 .text.WM_DefaultProc
                0x08009de8       0x48 ..\..\..\emWin\lib_stemwin522_cm4_gcc.a(WM.o)
                0x08009de8                WM_DefaultProc
 .text.cbBackWin
                0x08009e30       0x68 ..\..\..\emWin\lib_stemwin522_cm4_gcc.a(WM.o)
 .text.WM_Init  0x08009e98       0xf4 ..\..\..\emWin\lib_stemwin522_cm4_gcc.a(WM.o)
                0x08009e98                WM_Init
 .text._CreateStaticDevice
                0x08009f8c      0x134 ..\..\..\emWin\lib_stemwin522_cm4_gcc.a(GUIDEV_StaticDevices.o)
 .text.GUI_MEMDEV_Paint1Static
                0x0800a0c0       0x12 ..\..\..\emWin\lib_stemwin522_cm4_gcc.a(GUIDEV_StaticDevices.o)
                0x0800a0c0                GUI_MEMDEV_Paint1Static
 *fill*         0x0800a0d2        0x2 00
 .text.GUI_MEMDEV_SetOrg
                0x0800a0d4       0x54 ..\..\..\emWin\lib_stemwin522_cm4_gcc.a(GUIDEV_SetOrg.o)
                0x0800a0d4                GUI_MEMDEV_SetOrg
 .text.GUI_MEMDEV_GetYSize
                0x0800a128       0x2c ..\..\..\emWin\lib_stemwin522_cm4_gcc.a(GUIDEV_GetYSize.o)
                0x0800a128                GUI_MEMDEV_GetYSize
 .text.GUI_MEMDEV_GetDataPtr
                0x0800a154       0x18 ..\..\..\emWin\lib_stemwin522_cm4_gcc.a(GUIDEV_GetDataPtr.o)
                0x0800a154                GUI_MEMDEV_GetDataPtr
 .text.GUI_MEMDEV_Draw
                0x0800a16c      0x128 ..\..\..\emWin\lib_stemwin522_cm4_gcc.a(GUIDEV_Banding.o)
                0x0800a16c                GUI_MEMDEV_Draw
 .text._GetDevData
                0x0800a294       0x10 ..\..\..\emWin\lib_stemwin522_cm4_gcc.a(GUIDEV_32.o)
 .text._GetDevFunc
                0x0800a2a4       0x10 ..\..\..\emWin\lib_stemwin522_cm4_gcc.a(GUIDEV_32.o)
 .text._GetDevProp
                0x0800a2b4        0xa ..\..\..\emWin\lib_stemwin522_cm4_gcc.a(GUIDEV_32.o)
 .text._SetOrg  0x0800a2be        0xc ..\..\..\emWin\lib_stemwin522_cm4_gcc.a(GUIDEV_32.o)
 .text._GetRect
                0x0800a2ca       0x30 ..\..\..\emWin\lib_stemwin522_cm4_gcc.a(GUIDEV_32.o)
 *fill*         0x0800a2fa        0x2 00
 .text._XY2PTR  0x0800a2fc       0x40 ..\..\..\emWin\lib_stemwin522_cm4_gcc.a(GUIDEV_32.o)
 .text._GetPixelIndex
                0x0800a33c        0xe ..\..\..\emWin\lib_stemwin522_cm4_gcc.a(GUIDEV_32.o)
 *fill*         0x0800a34a        0x2 00
 .text._XorPixel
                0x0800a34c       0x5c ..\..\..\emWin\lib_stemwin522_cm4_gcc.a(GUIDEV_32.o)
 .text._SetPixelIndex
                0x0800a3a8       0x4c ..\..\..\emWin\lib_stemwin522_cm4_gcc.a(GUIDEV_32.o)
 .text._DrawVLine
                0x0800a3f4       0xb8 ..\..\..\emWin\lib_stemwin522_cm4_gcc.a(GUIDEV_32.o)
 .text._FillRect
                0x0800a4ac       0xbc ..\..\..\emWin\lib_stemwin522_cm4_gcc.a(GUIDEV_32.o)
 .text._DrawHLine
                0x0800a568        0xa ..\..\..\emWin\lib_stemwin522_cm4_gcc.a(GUIDEV_32.o)
 *fill*         0x0800a572        0x2 00
 .text._DrawBitmap
                0x0800a574      0x70c ..\..\..\emWin\lib_stemwin522_cm4_gcc.a(GUIDEV_32.o)
 .text.GUI_MEMDEV__WriteToActiveAt
                0x0800ac80       0x36 ..\..\..\emWin\lib_stemwin522_cm4_gcc.a(GUIDEV.o)
                0x0800ac80                GUI_MEMDEV__WriteToActiveAt
 *fill*         0x0800acb6        0x2 00
 .text.GUI_MEMDEV__CreateFixed
                0x0800acb8       0xfc ..\..\..\emWin\lib_stemwin522_cm4_gcc.a(GUIDEV.o)
                0x0800acb8                GUI_MEMDEV__CreateFixed
 .text.GUI_MEMDEV_GetBitsPerPixel
                0x0800adb4       0x28 ..\..\..\emWin\lib_stemwin522_cm4_gcc.a(GUIDEV.o)
                0x0800adb4                GUI_MEMDEV_GetBitsPerPixel
 .text.GUI_MEMDEV_Delete
                0x0800addc       0x44 ..\..\..\emWin\lib_stemwin522_cm4_gcc.a(GUIDEV.o)
                0x0800addc                GUI_MEMDEV_Delete
 .text.GUI_MEMDEV_CreateEx
                0x0800ae20       0x74 ..\..\..\emWin\lib_stemwin522_cm4_gcc.a(GUIDEV.o)
                0x0800ae20                GUI_MEMDEV_CreateEx
 .text.GUI_MEMDEV_Select
                0x0800ae94       0x5c ..\..\..\emWin\lib_stemwin522_cm4_gcc.a(GUIDEV.o)
                0x0800ae94                GUI_MEMDEV_Select
 .text.GUI_MEMDEV_CopyToLCDAt
                0x0800aef0       0xa4 ..\..\..\emWin\lib_stemwin522_cm4_gcc.a(GUIDEV.o)
                0x0800aef0                GUI_MEMDEV_CopyToLCDAt
 .text.GUI_MEMDEV_CopyToLCD
                0x0800af94        0xc ..\..\..\emWin\lib_stemwin522_cm4_gcc.a(GUIDEV.o)
                0x0800af94                GUI_MEMDEV_CopyToLCD
 .text._GetRect
                0x0800afa0       0x16 ..\..\..\emWin\lib_stemwin522_cm4_gcc.a(GUIDRV_Lin_32.o)
 .text._SetPixelIndex
                0x0800afb6       0x12 ..\..\..\emWin\lib_stemwin522_cm4_gcc.a(GUIDRV_Lin_32.o)
 .text._GetPixelIndex
                0x0800afc8       0x10 ..\..\..\emWin\lib_stemwin522_cm4_gcc.a(GUIDRV_Lin_32.o)
 .text._XorPixel
                0x0800afd8       0x28 ..\..\..\emWin\lib_stemwin522_cm4_gcc.a(GUIDRV_Lin_32.o)
 .text._FillRect
                0x0800b000      0x128 ..\..\..\emWin\lib_stemwin522_cm4_gcc.a(GUIDRV_Lin_32.o)
 .text._DrawHLine
                0x0800b128        0xa ..\..\..\emWin\lib_stemwin522_cm4_gcc.a(GUIDRV_Lin_32.o)
 .text._DrawVLine
                0x0800b132        0xc ..\..\..\emWin\lib_stemwin522_cm4_gcc.a(GUIDRV_Lin_32.o)
 *fill*         0x0800b13e        0x2 00
 .text._DrawBitmap
                0x0800b140      0x49c ..\..\..\emWin\lib_stemwin522_cm4_gcc.a(GUIDRV_Lin_32.o)
 .text._GetDevProp
                0x0800b5dc       0x3c ..\..\..\emWin\lib_stemwin522_cm4_gcc.a(GUIDRV_Lin_32.o)
 .text._GetDevData
                0x0800b618       0x10 ..\..\..\emWin\lib_stemwin522_cm4_gcc.a(GUIDRV_Lin_32.o)
 .text._ReadRect
                0x0800b628       0x6a ..\..\..\emWin\lib_stemwin522_cm4_gcc.a(GUIDRV_Lin_32.o)
 *fill*         0x0800b692        0x2 00
 .text._GetDevFunc
                0x0800b694       0xdc ..\..\..\emWin\lib_stemwin522_cm4_gcc.a(GUIDRV_Lin_32.o)
 .text._InitOnce
                0x0800b770       0x24 ..\..\..\emWin\lib_stemwin522_cm4_gcc.a(GUIDRV_Lin_32.o)
 .text._SetDevFunc
                0x0800b794       0x3e ..\..\..\emWin\lib_stemwin522_cm4_gcc.a(GUIDRV_Lin_32.o)
 .text._GetPos  0x0800b7d2       0x1a ..\..\..\emWin\lib_stemwin522_cm4_gcc.a(GUIDRV_Lin_32.o)
 .text._ShowBuffer
                0x0800b7ec       0x22 ..\..\..\emWin\lib_stemwin522_cm4_gcc.a(GUIDRV_Lin_32.o)
 .text._SetChroma
                0x0800b80e       0x12 ..\..\..\emWin\lib_stemwin522_cm4_gcc.a(GUIDRV_Lin_32.o)
 .text._SetChromaMode
                0x0800b820       0x12 ..\..\..\emWin\lib_stemwin522_cm4_gcc.a(GUIDRV_Lin_32.o)
 .text._SetAlphaMode
                0x0800b832       0x12 ..\..\..\emWin\lib_stemwin522_cm4_gcc.a(GUIDRV_Lin_32.o)
 .text._Off     0x0800b844        0xa ..\..\..\emWin\lib_stemwin522_cm4_gcc.a(GUIDRV_Lin_32.o)
 .text._On      0x0800b84e        0xa ..\..\..\emWin\lib_stemwin522_cm4_gcc.a(GUIDRV_Lin_32.o)
 .text._Init    0x0800b858       0x18 ..\..\..\emWin\lib_stemwin522_cm4_gcc.a(GUIDRV_Lin_32.o)
 .text._SetVis  0x0800b870       0x24 ..\..\..\emWin\lib_stemwin522_cm4_gcc.a(GUIDRV_Lin_32.o)
 .text._SetAlpha
                0x0800b894       0x24 ..\..\..\emWin\lib_stemwin522_cm4_gcc.a(GUIDRV_Lin_32.o)
 .text._SetPos  0x0800b8b8       0x2a ..\..\..\emWin\lib_stemwin522_cm4_gcc.a(GUIDRV_Lin_32.o)
 .text._SetVRAMAddr
                0x0800b8e2       0x26 ..\..\..\emWin\lib_stemwin522_cm4_gcc.a(GUIDRV_Lin_32.o)
 .text._CopyBuffer
                0x0800b908       0x50 ..\..\..\emWin\lib_stemwin522_cm4_gcc.a(GUIDRV_Lin_32.o)
 .text._SetSize
                0x0800b958       0x3e ..\..\..\emWin\lib_stemwin522_cm4_gcc.a(GUIDRV_Lin_32.o)
 .text._SetVSize
                0x0800b996       0x24 ..\..\..\emWin\lib_stemwin522_cm4_gcc.a(GUIDRV_Lin_32.o)
 .text._SetOrg  0x0800b9ba       0x92 ..\..\..\emWin\lib_stemwin522_cm4_gcc.a(GUIDRV_Lin_32.o)
 .text.LCD_UpdateColorIndices
                0x0800ba4c       0x24 ..\..\..\emWin\lib_stemwin522_cm4_gcc.a(LCD_UpdateColorIndices.o)
                0x0800ba4c                LCD_UpdateColorIndices
 .text.LCD_SetClipRectEx
                0x0800ba70       0x30 ..\..\..\emWin\lib_stemwin522_cm4_gcc.a(LCD_SetClipRectEx.o)
                0x0800ba70                LCD_SetClipRectEx
 .text.LCD_SetVRAMAddrEx
                0x0800baa0       0x2a ..\..\..\emWin\lib_stemwin522_cm4_gcc.a(LCD_Set.o)
                0x0800baa0                LCD_SetVRAMAddrEx
 .text.LCD_SetVSizeEx
                0x0800baca       0x2e ..\..\..\emWin\lib_stemwin522_cm4_gcc.a(LCD_Set.o)
                0x0800baca                LCD_SetVSizeEx
 .text.LCD_SetSizeEx
                0x0800baf8       0x2e ..\..\..\emWin\lib_stemwin522_cm4_gcc.a(LCD_Set.o)
                0x0800baf8                LCD_SetSizeEx
 .text.LCD_SetVisEx
                0x0800bb26       0x2a ..\..\..\emWin\lib_stemwin522_cm4_gcc.a(LCD_Set.o)
                0x0800bb26                LCD_SetVisEx
 .text.LCD_SetPosEx
                0x0800bb50       0x2e ..\..\..\emWin\lib_stemwin522_cm4_gcc.a(LCD_Set.o)
                0x0800bb50                LCD_SetPosEx
 .text.LCD_SetLUTEntryEx
                0x0800bb7e       0x2e ..\..\..\emWin\lib_stemwin522_cm4_gcc.a(LCD_Set.o)
                0x0800bb7e                LCD_SetLUTEntryEx
 .text.LCD_GetPosEx
                0x0800bbac       0x2e ..\..\..\emWin\lib_stemwin522_cm4_gcc.a(LCD_Set.o)
                0x0800bbac                LCD_GetPosEx
 .text.LCD_SetDevFunc
                0x0800bbda       0x2e ..\..\..\emWin\lib_stemwin522_cm4_gcc.a(LCD_Set.o)
                0x0800bbda                LCD_SetDevFunc
 .text._Rect2TextRect
                0x0800bc08       0x18 ..\..\..\emWin\lib_stemwin522_cm4_gcc.a(LCD_RotateCCW.o)
 .text._TransformPointCCW
                0x0800bc20       0x68 ..\..\..\emWin\lib_stemwin522_cm4_gcc.a(LCD_RotateCCW.o)
 .text._DrawBitmapCCW
                0x0800bc88      0x3f4 ..\..\..\emWin\lib_stemwin522_cm4_gcc.a(LCD_RotateCCW.o)
 .text._GetDevProp
                0x0800c07c       0x1e ..\..\..\emWin\lib_stemwin522_cm4_gcc.a(LCD_GetEx.o)
 .text._GetMaxValue
                0x0800c09a       0x22 ..\..\..\emWin\lib_stemwin522_cm4_gcc.a(LCD_GetEx.o)
 .text.LCD_GetXSizeEx
                0x0800c0bc        0x6 ..\..\..\emWin\lib_stemwin522_cm4_gcc.a(LCD_GetEx.o)
                0x0800c0bc                LCD_GetXSizeEx
 .text.LCD_GetYSizeEx
                0x0800c0c2        0x6 ..\..\..\emWin\lib_stemwin522_cm4_gcc.a(LCD_GetEx.o)
                0x0800c0c2                LCD_GetYSizeEx
 .text.LCD_GetVXSizeEx
                0x0800c0c8        0x6 ..\..\..\emWin\lib_stemwin522_cm4_gcc.a(LCD_GetEx.o)
                0x0800c0c8                LCD_GetVXSizeEx
 .text.LCD_GetVYSizeEx
                0x0800c0ce        0x6 ..\..\..\emWin\lib_stemwin522_cm4_gcc.a(LCD_GetEx.o)
                0x0800c0ce                LCD_GetVYSizeEx
 .text.LCD_GetBitsPerPixelEx
                0x0800c0d4        0x6 ..\..\..\emWin\lib_stemwin522_cm4_gcc.a(LCD_GetEx.o)
                0x0800c0d4                LCD_GetBitsPerPixelEx
 .text.LCD_GetNumColorsEx
                0x0800c0da        0x6 ..\..\..\emWin\lib_stemwin522_cm4_gcc.a(LCD_GetEx.o)
                0x0800c0da                LCD_GetNumColorsEx
 .text.LCD_GetMirrorXEx
                0x0800c0e0        0x6 ..\..\..\emWin\lib_stemwin522_cm4_gcc.a(LCD_GetEx.o)
                0x0800c0e0                LCD_GetMirrorXEx
 .text.LCD_GetMirrorYEx
                0x0800c0e6        0x6 ..\..\..\emWin\lib_stemwin522_cm4_gcc.a(LCD_GetEx.o)
                0x0800c0e6                LCD_GetMirrorYEx
 .text.LCD_GetSwapXYEx
                0x0800c0ec        0x6 ..\..\..\emWin\lib_stemwin522_cm4_gcc.a(LCD_GetEx.o)
                0x0800c0ec                LCD_GetSwapXYEx
 *fill*         0x0800c0f2        0x2 00
 .text.LCD_GetXSize
                0x0800c0f4       0x10 ..\..\..\emWin\lib_stemwin522_cm4_gcc.a(LCD_GetEx.o)
                0x0800c0f4                LCD_GetXSize
 .text.LCD_GetYSize
                0x0800c104       0x10 ..\..\..\emWin\lib_stemwin522_cm4_gcc.a(LCD_GetEx.o)
                0x0800c104                LCD_GetYSize
 .text.LCD_GetNumColors
                0x0800c114       0x10 ..\..\..\emWin\lib_stemwin522_cm4_gcc.a(LCD_GetEx.o)
                0x0800c114                LCD_GetNumColors
 .text.GUI_GetBitsPerPixelEx
                0x0800c124       0x18 ..\..\..\emWin\lib_stemwin522_cm4_gcc.a(LCD_GetEx.o)
                0x0800c124                GUI_GetBitsPerPixelEx
 .text.LCD_GetPaletteEx
                0x0800c13c       0x14 ..\..\..\emWin\lib_stemwin522_cm4_gcc.a(LCD_GetEx.o)
                0x0800c13c                LCD_GetPaletteEx
 .text.LCD_GetPalette
                0x0800c150       0x10 ..\..\..\emWin\lib_stemwin522_cm4_gcc.a(LCD_GetEx.o)
                0x0800c150                LCD_GetPalette
 .text.GUI_GetpfIndex2ColorEx
                0x0800c160       0x10 ..\..\..\emWin\lib_stemwin522_cm4_gcc.a(LCD_GetEx.o)
                0x0800c160                GUI_GetpfIndex2ColorEx
 .text.GUI_GetpfColor2IndexEx
                0x0800c170       0x10 ..\..\..\emWin\lib_stemwin522_cm4_gcc.a(LCD_GetEx.o)
                0x0800c170                GUI_GetpfColor2IndexEx
 .text.LCD_GetVXSizeMax
                0x0800c180        0x6 ..\..\..\emWin\lib_stemwin522_cm4_gcc.a(LCD_GetEx.o)
                0x0800c180                LCD_GetVXSizeMax
 .text.LCD__GetBPP
                0x0800c186       0x82 ..\..\..\emWin\lib_stemwin522_cm4_gcc.a(LCD_GetEx.o)
                0x0800c186                LCD__GetBPP
 .text.LCD__GetBPPDevice
                0x0800c208       0x2c ..\..\..\emWin\lib_stemwin522_cm4_gcc.a(LCD_GetEx.o)
                0x0800c208                LCD__GetBPPDevice
 .text.LCD_AA_SetAndMask
                0x0800c234       0x10 ..\..\..\emWin\lib_stemwin522_cm4_gcc.a(LCD_AA.o)
                0x0800c234                LCD_AA_SetAndMask
 .text.LCD_AA_MixColors
                0x0800c244       0x20 ..\..\..\emWin\lib_stemwin522_cm4_gcc.a(LCD_AA.o)
                0x0800c244                LCD_AA_MixColors
 .text.LCD_SetPixelAA
                0x0800c264       0x94 ..\..\..\emWin\lib_stemwin522_cm4_gcc.a(LCD_AA.o)
                0x0800c264                LCD_SetPixelAA
 .text.LCD_SetPixelAA_Xor
                0x0800c2f8       0x98 ..\..\..\emWin\lib_stemwin522_cm4_gcc.a(LCD_AA.o)
                0x0800c2f8                LCD_SetPixelAA_Xor
 .text.LCD_SetPixelAA_NoTrans
                0x0800c390       0xa0 ..\..\..\emWin\lib_stemwin522_cm4_gcc.a(LCD_AA.o)
                0x0800c390                LCD_SetPixelAA_NoTrans
 .text._SetDrawMode
                0x0800c430       0x28 ..\..\..\emWin\lib_stemwin522_cm4_gcc.a(LCD.o)
 .text.LCD_SetDrawMode
                0x0800c458       0x10 ..\..\..\emWin\lib_stemwin522_cm4_gcc.a(LCD.o)
                0x0800c458                LCD_SetDrawMode
 .text.LCD_DrawPixel
                0x0800c468       0x5c ..\..\..\emWin\lib_stemwin522_cm4_gcc.a(LCD.o)
                0x0800c468                LCD_DrawPixel
 .text.LCD_DrawHLine
                0x0800c4c4       0x4c ..\..\..\emWin\lib_stemwin522_cm4_gcc.a(LCD.o)
                0x0800c4c4                LCD_DrawHLine
 .text.LCD_DrawVLine
                0x0800c510       0x4c ..\..\..\emWin\lib_stemwin522_cm4_gcc.a(LCD.o)
                0x0800c510                LCD_DrawVLine
 .text.LCD_FillRect
                0x0800c55c       0x54 ..\..\..\emWin\lib_stemwin522_cm4_gcc.a(LCD.o)
                0x0800c55c                LCD_FillRect
 .text.LCD__DrawBitmap_1bpp
                0x0800c5b0      0x1b8 ..\..\..\emWin\lib_stemwin522_cm4_gcc.a(LCD.o)
                0x0800c5b0                LCD__DrawBitmap_1bpp
 .text.LCD_DrawBitmap
                0x0800c768      0x21c ..\..\..\emWin\lib_stemwin522_cm4_gcc.a(LCD.o)
                0x0800c768                LCD_DrawBitmap
 .text.LCD_SetClipRectMax
                0x0800c984       0x20 ..\..\..\emWin\lib_stemwin522_cm4_gcc.a(LCD.o)
                0x0800c984                LCD_SetClipRectMax
 .text.emWin_LCD_Init
                0x0800c9a4       0x8e ..\..\..\emWin\lib_stemwin522_cm4_gcc.a(LCD.o)
                0x0800c9a4                emWin_LCD_Init
 *fill*         0x0800ca32        0x2 00
 .text.LCD_Color2Index
                0x0800ca34       0x20 ..\..\..\emWin\lib_stemwin522_cm4_gcc.a(LCD.o)
                0x0800ca34                LCD_Color2Index
 .text.LCD_Index2Color
                0x0800ca54       0x20 ..\..\..\emWin\lib_stemwin522_cm4_gcc.a(LCD.o)
                0x0800ca54                LCD_Index2Color
 .text.LCD_SetColorIndex
                0x0800ca74       0x1c ..\..\..\emWin\lib_stemwin522_cm4_gcc.a(LCD.o)
                0x0800ca74                LCD_SetColorIndex
 .text._SetColor
                0x0800ca90       0x20 ..\..\..\emWin\lib_stemwin522_cm4_gcc.a(LCD.o)
 .text.LCD_SetBkColorIndex
                0x0800cab0       0x1c ..\..\..\emWin\lib_stemwin522_cm4_gcc.a(LCD.o)
                0x0800cab0                LCD_SetBkColorIndex
 .text._SetBkColor
                0x0800cacc       0x20 ..\..\..\emWin\lib_stemwin522_cm4_gcc.a(LCD.o)
 .text.LCD_SetBkColor
                0x0800caec       0x10 ..\..\..\emWin\lib_stemwin522_cm4_gcc.a(LCD.o)
                0x0800caec                LCD_SetBkColor
 .text.LCD_SetColor
                0x0800cafc       0x10 ..\..\..\emWin\lib_stemwin522_cm4_gcc.a(LCD.o)
                0x0800cafc                LCD_SetColor
 .text.GUI__strlen
                0x0800cb0c       0x12 ..\..\..\emWin\lib_stemwin522_cm4_gcc.a(GUI__strlen.o)
                0x0800cb0c                GUI__strlen
 .text.GUI__memset
                0x0800cb1e       0x54 ..\..\..\emWin\lib_stemwin522_cm4_gcc.a(GUI__memset.o)
                0x0800cb1e                GUI__memset
 .text.GUI__SetText
                0x0800cb72       0x74 ..\..\..\emWin\lib_stemwin522_cm4_gcc.a(GUI__SetText.o)
                0x0800cb72                GUI__SetText
 .text.GUI__ReduceRect
                0x0800cbe6       0x1c ..\..\..\emWin\lib_stemwin522_cm4_gcc.a(GUI__ReduceRect.o)
                0x0800cbe6                GUI__ReduceRect
 *fill*         0x0800cc02        0x2 00
 .text.GUI__ManageCacheEx
                0x0800cc04       0xc0 ..\..\..\emWin\lib_stemwin522_cm4_gcc.a(GUI__ManageCache.o)
                0x0800cc04                GUI__ManageCacheEx
 .text.GUI__ManageCache
                0x0800ccc4       0x10 ..\..\..\emWin\lib_stemwin522_cm4_gcc.a(GUI__ManageCache.o)
                0x0800ccc4                GUI__ManageCache
 .text.GUI__IntersectRects
                0x0800ccd4       0x64 ..\..\..\emWin\lib_stemwin522_cm4_gcc.a(GUI__IntersectRects.o)
                0x0800ccd4                GUI__IntersectRects
 .text.GUI__IntersectRect
                0x0800cd38       0x3c ..\..\..\emWin\lib_stemwin522_cm4_gcc.a(GUI__IntersectRect.o)
                0x0800cd38                GUI__IntersectRect
 .text.GUI__MixColors
                0x0800cd74       0x5e ..\..\..\emWin\lib_stemwin522_cm4_gcc.a(GUI__Alpha.o)
                0x0800cd74                GUI__MixColors
 *fill*         0x0800cdd2        0x2 00
 .text._OnExit  0x0800cdd4       0x40 ..\..\..\emWin\lib_stemwin522_cm4_gcc.a(GUI__Alpha.o)
 .text.GUI__GetAlphaBuffer
                0x0800ce14       0xc4 ..\..\..\emWin\lib_stemwin522_cm4_gcc.a(GUI__Alpha.o)
                0x0800ce14                GUI__GetAlphaBuffer
 .text.GUI__DoAlphaBlending
                0x0800ced8      0x1c0 ..\..\..\emWin\lib_stemwin522_cm4_gcc.a(GUI__Alpha.o)
                0x0800ced8                GUI__DoAlphaBlending
 .text.GUI__AllocAlphaBuffer
                0x0800d098       0x18 ..\..\..\emWin\lib_stemwin522_cm4_gcc.a(GUI__Alpha.o)
                0x0800d098                GUI__AllocAlphaBuffer
 .text.GUI_SignalEvent
                0x0800d0b0       0x10 ..\..\..\emWin\lib_stemwin522_cm4_gcc.a(GUI_WaitEvent.o)
                0x0800d0b0                GUI_SignalEvent
 .text._OnExit  0x0800d0c0       0x1c ..\..\..\emWin\lib_stemwin522_cm4_gcc.a(GUI_Timer.o)
 .text._Unlink  0x0800d0dc       0x4c ..\..\..\emWin\lib_stemwin522_cm4_gcc.a(GUI_Timer.o)
 .text._Link    0x0800d128       0x94 ..\..\..\emWin\lib_stemwin522_cm4_gcc.a(GUI_Timer.o)
 .text.GUI_TIMER_Exec
                0x0800d1bc       0x64 ..\..\..\emWin\lib_stemwin522_cm4_gcc.a(GUI_Timer.o)
                0x0800d1bc                GUI_TIMER_Exec
 .text.GUI_TIMER__GetFirstTimer
                0x0800d220       0x2c ..\..\..\emWin\lib_stemwin522_cm4_gcc.a(GUI_Timer.o)
                0x0800d220                GUI_TIMER__GetFirstTimer
 .text.GUI_TIMER__GetNextTimerLin
                0x0800d24c       0x32 ..\..\..\emWin\lib_stemwin522_cm4_gcc.a(GUI_Timer.o)
                0x0800d24c                GUI_TIMER__GetNextTimerLin
 *fill*         0x0800d27e        0x2 00
 .text.GUI_TIMER_Create
                0x0800d280       0x94 ..\..\..\emWin\lib_stemwin522_cm4_gcc.a(GUI_Timer.o)
                0x0800d280                GUI_TIMER_Create
 .text.GUI_TIMER_Delete
                0x0800d314       0x60 ..\..\..\emWin\lib_stemwin522_cm4_gcc.a(GUI_Timer.o)
                0x0800d314                GUI_TIMER_Delete
 .text.GUI_TIMER_SetPeriod
                0x0800d374       0x1a ..\..\..\emWin\lib_stemwin522_cm4_gcc.a(GUI_Timer.o)
                0x0800d374                GUI_TIMER_SetPeriod
 .text.GUI_TIMER_Restart
                0x0800d38e       0x30 ..\..\..\emWin\lib_stemwin522_cm4_gcc.a(GUI_Timer.o)
                0x0800d38e                GUI_TIMER_Restart
 .text.GUI_TIMER_GetFlag
                0x0800d3be       0x28 ..\..\..\emWin\lib_stemwin522_cm4_gcc.a(GUI_Timer.o)
                0x0800d3be                GUI_TIMER_GetFlag
 .text.GUI_GetTime
                0x0800d3e6        0x4 ..\..\..\emWin\lib_stemwin522_cm4_gcc.a(GUI_Time.o)
                0x0800d3e6                GUI_GetTime
 *fill*         0x0800d3ea        0x2 00
 .text.GUI_TOUCH_StoreStateEx
                0x0800d3ec       0x28 ..\..\..\emWin\lib_stemwin522_cm4_gcc.a(GUI_TOUCH.o)
                0x0800d3ec                GUI_TOUCH_StoreStateEx
 .text.GUI_SetTextMode
                0x0800d414       0x14 ..\..\..\emWin\lib_stemwin522_cm4_gcc.a(GUI_SetTextMode.o)
                0x0800d414                GUI_SetTextMode
 .text.GUI_SetTextAlign
                0x0800d428       0x14 ..\..\..\emWin\lib_stemwin522_cm4_gcc.a(GUI_SetTextAlign.o)
                0x0800d428                GUI_SetTextAlign
 .text.GUI_SetLineStyle
                0x0800d43c       0x10 ..\..\..\emWin\lib_stemwin522_cm4_gcc.a(GUI_SetLineStyle.o)
                0x0800d43c                GUI_SetLineStyle
 .text.GUI_SetFont
                0x0800d44c       0x14 ..\..\..\emWin\lib_stemwin522_cm4_gcc.a(GUI_SetFont.o)
                0x0800d44c                GUI_SetFont
 .text.GUI_SetDrawMode
                0x0800d460        0x4 ..\..\..\emWin\lib_stemwin522_cm4_gcc.a(GUI_SetDrawMode.o)
                0x0800d460                GUI_SetDrawMode
 .text.GL_SetDefault
                0x0800d464       0x40 ..\..\..\emWin\lib_stemwin522_cm4_gcc.a(GUI_SetDefault.o)
                0x0800d464                GL_SetDefault
 .text.GUI_SetBkColor
                0x0800d4a4        0x4 ..\..\..\emWin\lib_stemwin522_cm4_gcc.a(GUI_SetColor.o)
                0x0800d4a4                GUI_SetBkColor
 .text.GUI_SetColor
                0x0800d4a8        0x4 ..\..\..\emWin\lib_stemwin522_cm4_gcc.a(GUI_SetColor.o)
                0x0800d4a8                GUI_SetColor
 .text.GUI__AlphaSuppressMixing
                0x0800d4ac       0x24 ..\..\..\emWin\lib_stemwin522_cm4_gcc.a(GUI_SetAlpha.o)
                0x0800d4ac                GUI__AlphaSuppressMixing
 .text.GUI_SelectLayer
                0x0800d4d0       0x24 ..\..\..\emWin\lib_stemwin522_cm4_gcc.a(GUI_SelectLayer.o)
                0x0800d4d0                GUI_SelectLayer
 .text.GUI_GetCursorLayer
                0x0800d4f4       0x14 ..\..\..\emWin\lib_stemwin522_cm4_gcc.a(GUI_SelectLayer.o)
                0x0800d4f4                GUI_GetCursorLayer
 .text.GUI_SetLayerPosEx
                0x0800d508        0x4 ..\..\..\emWin\lib_stemwin522_cm4_gcc.a(GUI_SelectLayer.o)
                0x0800d508                GUI_SetLayerPosEx
 .text.GUI_SetLayerSizeEx
                0x0800d50c        0x4 ..\..\..\emWin\lib_stemwin522_cm4_gcc.a(GUI_SelectLayer.o)
                0x0800d50c                GUI_SetLayerSizeEx
 .text.GUI_SetLayerVisEx
                0x0800d510        0x4 ..\..\..\emWin\lib_stemwin522_cm4_gcc.a(GUI_SelectLayer.o)
                0x0800d510                GUI_SetLayerVisEx
 .text.GUI_GetLayerPosEx
                0x0800d514       0x14 ..\..\..\emWin\lib_stemwin522_cm4_gcc.a(GUI_SelectLayer.o)
                0x0800d514                GUI_GetLayerPosEx
 .text.GUI_SelectLCD
                0x0800d528       0x12 ..\..\..\emWin\lib_stemwin522_cm4_gcc.a(GUI_SelectLCD.o)
                0x0800d528                GUI_SelectLCD
 *fill*         0x0800d53a        0x2 00
 .text.GUI_SaveContext_W
                0x0800d53c       0x14 ..\..\..\emWin\lib_stemwin522_cm4_gcc.a(GUI_SaveContext.o)
                0x0800d53c                GUI_SaveContext_W
 .text.GUI_RestoreContext
                0x0800d550       0x14 ..\..\..\emWin\lib_stemwin522_cm4_gcc.a(GUI_SaveContext.o)
                0x0800d550                GUI_RestoreContext
 .text.GUI_RectsIntersect
                0x0800d564       0x3a ..\..\..\emWin\lib_stemwin522_cm4_gcc.a(GUI_RectsIntersect.o)
                0x0800d564                GUI_RectsIntersect
 .text.GUI_ALLOC_Realloc
                0x0800d59e       0x54 ..\..\..\emWin\lib_stemwin522_cm4_gcc.a(GUI_Realloc.o)
                0x0800d59e                GUI_ALLOC_Realloc
 *fill*         0x0800d5f2        0x2 00
 .text.GUI_SetPenSize
                0x0800d5f4       0x10 ..\..\..\emWin\lib_stemwin522_cm4_gcc.a(GUI_Pen.o)
                0x0800d5f4                GUI_SetPenSize
 .text.GUI_PID_GetState
                0x0800d604       0x58 ..\..\..\emWin\lib_stemwin522_cm4_gcc.a(GUI_PID.o)
                0x0800d604                GUI_PID_GetState
 .text.GUI_PID_StoreState
                0x0800d65c       0x9c ..\..\..\emWin\lib_stemwin522_cm4_gcc.a(GUI_PID.o)
                0x0800d65c                GUI_PID_StoreState
 .text.GUI_PID_IsEmpty
                0x0800d6f8       0x18 ..\..\..\emWin\lib_stemwin522_cm4_gcc.a(GUI_PID.o)
                0x0800d6f8                GUI_PID_IsEmpty
 .text.GUI_StoreKey
                0x0800d710       0x10 ..\..\..\emWin\lib_stemwin522_cm4_gcc.a(GUI_OnKey.o)
                0x0800d710                GUI_StoreKey
 .text.GUI_PollKeyMsg
                0x0800d720       0x3c ..\..\..\emWin\lib_stemwin522_cm4_gcc.a(GUI_OnKey.o)
                0x0800d720                GUI_PollKeyMsg
 .text.GUI_MoveRect
                0x0800d75c       0x20 ..\..\..\emWin\lib_stemwin522_cm4_gcc.a(GUI_MoveRect.o)
                0x0800d75c                GUI_MoveRect
 .text.GUI_MergeRect
                0x0800d77c       0x56 ..\..\..\emWin\lib_stemwin522_cm4_gcc.a(GUI_MergeRect.o)
                0x0800d77c                GUI_MergeRect
 *fill*         0x0800d7d2        0x2 00
 .text.GUI_MULTIBUF_ConfirmEx
                0x0800d7d4       0x30 ..\..\..\emWin\lib_stemwin522_cm4_gcc.a(GUI_MULTIBUF.o)
                0x0800d7d4                GUI_MULTIBUF_ConfirmEx
 .text.GUI_GotoXY
                0x0800d804       0x10 ..\..\..\emWin\lib_stemwin522_cm4_gcc.a(GUI_Goto.o)
                0x0800d804                GUI_GotoXY
 .text.GUI_GetYSizeOfFont
                0x0800d814        0x8 ..\..\..\emWin\lib_stemwin522_cm4_gcc.a(GUI_GetYSizeOfFont.o)
                0x0800d814                GUI_GetYSizeOfFont
 .text.GUI_GetOrg
                0x0800d81c       0x1c ..\..\..\emWin\lib_stemwin522_cm4_gcc.a(GUI_GetOrg.o)
                0x0800d81c                GUI_GetOrg
 .text.GUI_GetLineStyle
                0x0800d838        0xc ..\..\..\emWin\lib_stemwin522_cm4_gcc.a(GUI_GetLineStyle.o)
                0x0800d838                GUI_GetLineStyle
 .text.GUI_GetFontSizeY
                0x0800d844        0x4 ..\..\..\emWin\lib_stemwin522_cm4_gcc.a(GUI_GetFontSizeY.o)
                0x0800d844                GUI_GetFontSizeY
 .text.GUI_GetDrawMode
                0x0800d848        0xc ..\..\..\emWin\lib_stemwin522_cm4_gcc.a(GUI_GetDrawMode.o)
                0x0800d848                GUI_GetDrawMode
 .text.GUI_Exec1
                0x0800d854       0x28 ..\..\..\emWin\lib_stemwin522_cm4_gcc.a(GUI_Exec.o)
                0x0800d854                GUI_Exec1
 .text.GUI_Exec
                0x0800d87c       0x12 ..\..\..\emWin\lib_stemwin522_cm4_gcc.a(GUI_Exec.o)
                0x0800d87c                GUI_Exec
 *fill*         0x0800d88e        0x2 00
 .text.GUI_DrawVLine
                0x0800d890       0x40 ..\..\..\emWin\lib_stemwin522_cm4_gcc.a(GUI_DrawVLine.o)
                0x0800d890                GUI_DrawVLine
 .text._SetLineColor
                0x0800d8d0       0x8c ..\..\..\emWin\lib_stemwin522_cm4_gcc.a(GUI_DrawLine.o)
 .text.GUI_sin  0x0800d95c       0x54 ..\..\..\emWin\lib_stemwin522_cm4_gcc.a(GUI_DrawLine.o)
                0x0800d95c                GUI_sin
 .text.GUI_cos  0x0800d9b0        0x8 ..\..\..\emWin\lib_stemwin522_cm4_gcc.a(GUI_DrawLine.o)
                0x0800d9b0                GUI_cos
 .text.GL_DrawLine1Ex
                0x0800d9b8      0x1b4 ..\..\..\emWin\lib_stemwin522_cm4_gcc.a(GUI_DrawLine.o)
                0x0800d9b8                GL_DrawLine1Ex
 .text.GL_DrawLineEx
                0x0800db6c      0x1b4 ..\..\..\emWin\lib_stemwin522_cm4_gcc.a(GUI_DrawLine.o)
                0x0800db6c                GL_DrawLineEx
 .text.GL_DrawLine
                0x0800dd20       0x16 ..\..\..\emWin\lib_stemwin522_cm4_gcc.a(GUI_DrawLine.o)
                0x0800dd20                GL_DrawLine
 *fill*         0x0800dd36        0x2 00
 .text.GUI_DrawLine
                0x0800dd38       0x3c ..\..\..\emWin\lib_stemwin522_cm4_gcc.a(GUI_DrawLine.o)
                0x0800dd38                GUI_DrawLine
 .text.GUI_DrawHLine
                0x0800dd74       0x48 ..\..\..\emWin\lib_stemwin522_cm4_gcc.a(GUI_DrawHLine.o)
                0x0800dd74                GUI_DrawHLine
 .text.GUI_DrawGraphEx
                0x0800ddbc      0x200 ..\..\..\emWin\lib_stemwin522_cm4_gcc.a(GUI_DrawGraphEx.o)
                0x0800ddbc                GUI_DrawGraphEx
 .text.GUI_WrapGetNumLines
                0x0800dfbc       0x20 ..\..\..\emWin\lib_stemwin522_cm4_gcc.a(GUI_DispStringInRectWrap.o)
                0x0800dfbc                GUI_WrapGetNumLines
 .text.GUI_DispStringInRectWrap
                0x0800dfdc      0x120 ..\..\..\emWin\lib_stemwin522_cm4_gcc.a(GUI_DispStringInRectWrap.o)
                0x0800dfdc                GUI_DispStringInRectWrap
 .text._SetRotation
                0x0800e0fc       0x28 ..\..\..\emWin\lib_stemwin522_cm4_gcc.a(GUI_DispStringInRectEx.o)
 .text.GUI_DispStringInRectEx
                0x0800e124       0x84 ..\..\..\emWin\lib_stemwin522_cm4_gcc.a(GUI_DispStringInRectEx.o)
                0x0800e124                GUI_DispStringInRectEx
 .text.GUI__DispStringInRect
                0x0800e1a8      0x148 ..\..\..\emWin\lib_stemwin522_cm4_gcc.a(GUI_DispStringInRect.o)
                0x0800e1a8                GUI__DispStringInRect
 .text.GUI_DispStringInRectMax
                0x0800e2f0       0x46 ..\..\..\emWin\lib_stemwin522_cm4_gcc.a(GUI_DispStringInRect.o)
                0x0800e2f0                GUI_DispStringInRectMax
 .text.GUI_DispStringInRect
                0x0800e336        0x8 ..\..\..\emWin\lib_stemwin522_cm4_gcc.a(GUI_DispStringInRect.o)
                0x0800e336                GUI_DispStringInRect
 *fill*         0x0800e33e        0x2 00
 .text.GUI_DispStringAt
                0x0800e340       0x10 ..\..\..\emWin\lib_stemwin522_cm4_gcc.a(GUI_DispStringAt.o)
                0x0800e340                GUI_DispStringAt
 .text.GUI_DispString
                0x0800e350      0x110 ..\..\..\emWin\lib_stemwin522_cm4_gcc.a(GUI_DispString.o)
                0x0800e350                GUI_DispString
 .text._UnlinkDevice
                0x0800e460       0x2c ..\..\..\emWin\lib_stemwin522_cm4_gcc.a(GUI_Device.o)
 .text.GUI_DEVICE__GetpDriver
                0x0800e48c       0x20 ..\..\..\emWin\lib_stemwin522_cm4_gcc.a(GUI_Device.o)
                0x0800e48c                GUI_DEVICE__GetpDriver
 .text.GUI_DEVICE_Delete
                0x0800e4ac        0x4 ..\..\..\emWin\lib_stemwin522_cm4_gcc.a(GUI_Device.o)
                0x0800e4ac                GUI_DEVICE_Delete
 .text.GUI_DEVICE_Create
                0x0800e4b0       0x4c ..\..\..\emWin\lib_stemwin522_cm4_gcc.a(GUI_Device.o)
                0x0800e4b0                GUI_DEVICE_Create
 .text.GUI_DEVICE_Unlink